Component: ARM Compiler 6.14 Tool: armlink [5db06800]

==============================================================================

Section Cross References

    ili9225.o(.text.ILI9225_Init) refers to ili9225.o(.bss.ili9225_gpio) for ili9225_gpio
    ili9225.o(.text.ILI9225_Init) refers to stm32f10x_rcc.o(.text.RCC_APB2PeriphClockCmd) for RCC_APB2PeriphClockCmd
    ili9225.o(.text.ILI9225_Init) refers to stm32f10x_gpio.o(.text.GPIO_Init) for GPIO_Init
    ili9225.o(.text.ILI9225_Init) refers to ili9225.o(.text.ILI9225_SetBacklight) for ILI9225_SetBacklight
    ili9225.o(.text.ILI9225_Init) refers to stm32f10x_rcc.o(.text.RCC_APB1PeriphClockCmd) for RCC_APB1PeriphClockCmd
    ili9225.o(.text.ILI9225_Init) refers to stm32f10x_spi.o(.text.SPI_Init) for SPI_Init
    ili9225.o(.text.ILI9225_Init) refers to stm32f10x_spi.o(.text.SPI_Cmd) for SPI_Cmd
    ili9225.o(.text.ILI9225_Init) refers to ili9225.o(.text.ILI9225_Reset) for ILI9225_Reset
    ili9225.o(.text.ILI9225_Init) refers to ili9225.o(.text.ILI9225_WriteRegister) for ILI9225_WriteRegister
    ili9225.o(.text.ILI9225_Init) refers to ili9225.o(.text.ILI9225_Delay) for ILI9225_Delay
    ili9225.o(.text.ILI9225_Init) refers to ili9225.o(.text.ILI9225_SetOrientation) for ILI9225_SetOrientation
    ili9225.o(.text.ILI9225_Init) refers to ili9225.o(.text.ILI9225_Clear) for ILI9225_Clear
    ili9225.o(.ARM.exidx.text.ILI9225_Init) refers to ili9225.o(.text.ILI9225_Init) for [Anonymous Symbol]
    ili9225.o(.text.ILI9225_SetBacklight) refers to ili9225.o(.bss.ili9225_gpio) for ili9225_gpio
    ili9225.o(.text.ILI9225_SetBacklight) refers to ili9225.o(.text.ILI9225_GPIO_Write) for ILI9225_GPIO_Write
    ili9225.o(.ARM.exidx.text.ILI9225_SetBacklight) refers to ili9225.o(.text.ILI9225_SetBacklight) for [Anonymous Symbol]
    ili9225.o(.text.ILI9225_Reset) refers to ili9225.o(.bss.ili9225_gpio) for ili9225_gpio
    ili9225.o(.text.ILI9225_Reset) refers to ili9225.o(.text.ILI9225_GPIO_Write) for ILI9225_GPIO_Write
    ili9225.o(.text.ILI9225_Reset) refers to ili9225.o(.text.ILI9225_Delay) for ILI9225_Delay
    ili9225.o(.ARM.exidx.text.ILI9225_Reset) refers to ili9225.o(.text.ILI9225_Reset) for [Anonymous Symbol]
    ili9225.o(.text.ILI9225_WriteRegister) refers to ili9225.o(.text.ILI9225_WriteCommand) for ILI9225_WriteCommand
    ili9225.o(.text.ILI9225_WriteRegister) refers to ili9225.o(.text.ILI9225_WriteData) for ILI9225_WriteData
    ili9225.o(.ARM.exidx.text.ILI9225_WriteRegister) refers to ili9225.o(.text.ILI9225_WriteRegister) for [Anonymous Symbol]
    ili9225.o(.ARM.exidx.text.ILI9225_Delay) refers to ili9225.o(.text.ILI9225_Delay) for [Anonymous Symbol]
    ili9225.o(.text.ILI9225_SetOrientation) refers to ili9225.o(.bss._orientation) for _orientation
    ili9225.o(.text.ILI9225_SetOrientation) refers to ili9225.o(.bss._maxX) for _maxX
    ili9225.o(.text.ILI9225_SetOrientation) refers to ili9225.o(.bss._maxY) for _maxY
    ili9225.o(.ARM.exidx.text.ILI9225_SetOrientation) refers to ili9225.o(.text.ILI9225_SetOrientation) for [Anonymous Symbol]
    ili9225.o(.text.ILI9225_Clear) refers to ili9225.o(.text.ILI9225_FillScreen) for ILI9225_FillScreen
    ili9225.o(.ARM.exidx.text.ILI9225_Clear) refers to ili9225.o(.text.ILI9225_Clear) for [Anonymous Symbol]
    ili9225.o(.text.ILI9225_WriteCommand) refers to ili9225.o(.bss.ili9225_gpio) for ili9225_gpio
    ili9225.o(.text.ILI9225_WriteCommand) refers to ili9225.o(.text.ILI9225_GPIO_Write) for ILI9225_GPIO_Write
    ili9225.o(.text.ILI9225_WriteCommand) refers to stm32f10x_spi.o(.text.SPI_I2S_GetFlagStatus) for SPI_I2S_GetFlagStatus
    ili9225.o(.text.ILI9225_WriteCommand) refers to stm32f10x_spi.o(.text.SPI_I2S_SendData) for SPI_I2S_SendData
    ili9225.o(.text.ILI9225_WriteCommand) refers to stm32f10x_spi.o(.text.SPI_I2S_ReceiveData) for SPI_I2S_ReceiveData
    ili9225.o(.ARM.exidx.text.ILI9225_WriteCommand) refers to ili9225.o(.text.ILI9225_WriteCommand) for [Anonymous Symbol]
    ili9225.o(.ARM.exidx.text.ILI9225_GPIO_Write) refers to ili9225.o(.text.ILI9225_GPIO_Write) for [Anonymous Symbol]
    ili9225.o(.text.ILI9225_WriteData) refers to ili9225.o(.bss.ili9225_gpio) for ili9225_gpio
    ili9225.o(.text.ILI9225_WriteData) refers to ili9225.o(.text.ILI9225_GPIO_Write) for ILI9225_GPIO_Write
    ili9225.o(.text.ILI9225_WriteData) refers to stm32f10x_spi.o(.text.SPI_I2S_GetFlagStatus) for SPI_I2S_GetFlagStatus
    ili9225.o(.text.ILI9225_WriteData) refers to stm32f10x_spi.o(.text.SPI_I2S_SendData) for SPI_I2S_SendData
    ili9225.o(.text.ILI9225_WriteData) refers to stm32f10x_spi.o(.text.SPI_I2S_ReceiveData) for SPI_I2S_ReceiveData
    ili9225.o(.ARM.exidx.text.ILI9225_WriteData) refers to ili9225.o(.text.ILI9225_WriteData) for [Anonymous Symbol]
    ili9225.o(.text.ILI9225_SetWindow) refers to ili9225.o(.text.ILI9225_OrientCoordinates) for ILI9225_OrientCoordinates
[...]
    Removing stm32f10x_flash.o(.ARM.exidx.text.FLASH_ITConfig), (8 bytes).
    Removing stm32f10x_flash.o(.text.FLASH_GetFlagStatus), (30 bytes).
    Removing stm32f10x_flash.o(.ARM.exidx.text.FLASH_GetFlagStatus), (8 bytes).
    Removing stm32f10x_flash.o(.text.FLASH_ClearFlag), (12 bytes).
    Removing stm32f10x_flash.o(.ARM.exidx.text.FLASH_ClearFlag), (8 bytes).
    Removing stm32f10x_flash.o(.text.FLASH_GetStatus), (42 bytes).
    Removing stm32f10x_flash.o(.ARM.exidx.text.FLASH_GetStatus), (8 bytes).
    Removing stm32f10x_flash.o(.text.FLASH_GetBank1Status), (42 bytes).
    Removing stm32f10x_flash.o(.ARM.exidx.text.FLASH_GetBank1Status), (8 bytes).
    Removing stm32f10x_gpio.o(.text), (0 bytes).
    Removing stm32f10x_gpio.o(.text.GPIO_DeInit), (76 bytes).
    Removing stm32f10x_gpio.o(.ARM.exidx.text.GPIO_DeInit), (8 bytes).
    Removing stm32f10x_gpio.o(.text.GPIO_AFIODeInit), (20 bytes).
    Removing stm32f10x_gpio.o(.ARM.exidx.text.GPIO_AFIODeInit), (8 bytes).
    Removing stm32f10x_gpio.o(.ARM.exidx.text.GPIO_Init), (8 bytes).
    Removing stm32f10x_gpio.o(.text.GPIO_StructInit), (12 bytes).
    Removing stm32f10x_gpio.o(.ARM.exidx.text.GPIO_StructInit), (8 bytes).
    Removing stm32f10x_gpio.o(.text.GPIO_ReadInputDataBit), (10 bytes).
    Removing stm32f10x_gpio.o(.ARM.exidx.text.GPIO_ReadInputDataBit), (8 bytes).
    Removing stm32f10x_gpio.o(.text.GPIO_ReadInputData), (6 bytes).
    Removing stm32f10x_gpio.o(.ARM.exidx.text.GPIO_ReadInputData), (8 bytes).
    Removing stm32f10x_gpio.o(.ARM.exidx.text.GPIO_ReadOutputDataBit), (8 bytes).
    Removing stm32f10x_gpio.o(.text.GPIO_ReadOutputData), (6 bytes).
    Removing stm32f10x_gpio.o(.ARM.exidx.text.GPIO_ReadOutputData), (8 bytes).
    Removing stm32f10x_gpio.o(.text.GPIO_SetBits), (4 bytes).
    Removing stm32f10x_gpio.o(.ARM.exidx.text.GPIO_SetBits), (8 bytes).
    Removing stm32f10x_gpio.o(.text.GPIO_ResetBits), (4 bytes).
    Removing stm32f10x_gpio.o(.ARM.exidx.text.GPIO_ResetBits), (8 bytes).
    Removing stm32f10x_gpio.o(.ARM.exidx.text.GPIO_WriteBit), (8 bytes).
    Removing stm32f10x_gpio.o(.text.GPIO_Write), (4 bytes).
    Removing stm32f10x_gpio.o(.ARM.exidx.text.GPIO_Write), (8 bytes).
    Removing stm32f10x_gpio.o(.text.GPIO_PinLockConfig), (16 bytes).
    Removing stm32f10x_gpio.o(.ARM.exidx.text.GPIO_PinLockConfig), (8 bytes).
    Removing stm32f10x_gpio.o(.text.GPIO_EventOutputConfig), (30 bytes).
    Removing stm32f10x_gpio.o(.ARM.exidx.text.GPIO_EventOutputConfig), (8 bytes).
    Removing stm32f10x_gpio.o(.text.GPIO_EventOutputCmd), (10 bytes).
    Removing stm32f10x_gpio.o(.ARM.exidx.text.GPIO_EventOutputCmd), (8 bytes).
    Removing stm32f10x_gpio.o(.text.GPIO_PinRemapConfig), (116 bytes).
    Removing stm32f10x_gpio.o(.ARM.exidx.text.GPIO_PinRemapConfig), (8 bytes).
    Removing stm32f10x_gpio.o(.text.GPIO_EXTILineConfig), (46 bytes).
    Removing stm32f10x_gpio.o(.ARM.exidx.text.GPIO_EXTILineConfig), (8 bytes).
    Removing stm32f10x_gpio.o(.text.GPIO_ETH_MediaInterfaceConfig), (10 bytes).
    Removing stm32f10x_gpio.o(.ARM.exidx.text.GPIO_ETH_MediaInterfaceConfig), (8 bytes).
    Removing stm32f10x_rcc.o(.text), (0 bytes).
    Removing stm32f10x_rcc.o(.text.RCC_DeInit), (66 bytes).
    Removing stm32f10x_rcc.o(.ARM.exidx.text.RCC_DeInit), (8 bytes).
    Removing stm32f10x_rcc.o(.text.RCC_HSEConfig), (50 bytes).
    Removing stm32f10x_rcc.o(.ARM.exidx.text.RCC_HSEConfig), (8 bytes).
    Removing stm32f10x_rcc.o(.text.RCC_WaitForHSEStartUp), (48 bytes).
    Removing stm32f10x_rcc.o(.ARM.exidx.text.RCC_WaitForHSEStartUp), (8 bytes).
    Removing stm32f10x_rcc.o(.text.RCC_GetFlagStatus), (42 bytes).
    Removing stm32f10x_rcc.o(.ARM.exidx.text.RCC_GetFlagStatus), (8 bytes).
    Removing stm32f10x_rcc.o(.text.RCC_AdjustHSICalibrationValue), (22 bytes).
    Removing stm32f10x_rcc.o(.ARM.exidx.text.RCC_AdjustHSICalibrationValue), (8 bytes).
    Removing stm32f10x_rcc.o(.text.RCC_HSICmd), (10 bytes).
    Removing stm32f10x_rcc.o(.ARM.exidx.text.RCC_HSICmd), (8 bytes).
    Removing stm32f10x_rcc.o(.text.RCC_PLLConfig), (22 bytes).
    Removing stm32f10x_rcc.o(.ARM.exidx.text.RCC_PLLConfig), (8 bytes).
    Removing stm32f10x_rcc.o(.text.RCC_PLLCmd), (10 bytes).
    Removing stm32f10x_rcc.o(.ARM.exidx.text.RCC_PLLCmd), (8 bytes).
    Removing stm32f10x_rcc.o(.text.RCC_SYSCLKConfig), (20 bytes).
    Removing stm32f10x_rcc.o(.ARM.exidx.text.RCC_SYSCLKConfig), (8 bytes).
    Removing stm32f10x_rcc.o(.text.RCC_GetSYSCLKSource), (16 bytes).
    Removing stm32f10x_rcc.o(.ARM.exidx.text.RCC_GetSYSCLKSource), (8 bytes).
    Removing stm32f10x_rcc.o(.text.RCC_HCLKConfig), (20 bytes).
    Removing stm32f10x_rcc.o(.ARM.exidx.text.RCC_HCLKConfig), (8 bytes).
    Removing stm32f10x_rcc.o(.text.RCC_PCLK1Config), (20 bytes).
    Removing stm32f10x_rcc.o(.ARM.exidx.text.RCC_PCLK1Config), (8 bytes).
    Removing stm32f10x_rcc.o(.text.RCC_PCLK2Config), (22 bytes).
    Removing stm32f10x_rcc.o(.ARM.exidx.text.RCC_PCLK2Config), (8 bytes).
    Removing stm32f10x_rcc.o(.text.RCC_ITConfig), (24 bytes).
    Removing stm32f10x_rcc.o(.ARM.exidx.text.RCC_ITConfig), (8 bytes).
    Removing stm32f10x_rcc.o(.text.RCC_USBCLKConfig), (10 bytes).
    Removing stm32f10x_rcc.o(.ARM.exidx.text.RCC_USBCLKConfig), (8 bytes).
    Removing stm32f10x_rcc.o(.text.RCC_ADCCLKConfig), (20 bytes).
    Removing stm32f10x_rcc.o(.ARM.exidx.text.RCC_ADCCLKConfig), (8 bytes).
    Removing stm32f10x_rcc.o(.text.RCC_LSEConfig), (30 bytes).
    Removing stm32f10x_rcc.o(.ARM.exidx.text.RCC_LSEConfig), (8 bytes).
    Removing stm32f10x_rcc.o(.text.RCC_LSICmd), (12 bytes).
    Removing stm32f10x_rcc.o(.ARM.exidx.text.RCC_LSICmd), (8 bytes).
    Removing stm32f10x_rcc.o(.text.RCC_RTCCLKConfig), (16 bytes).
    Removing stm32f10x_rcc.o(.ARM.exidx.text.RCC_RTCCLKConfig), (8 bytes).
    Removing stm32f10x_rcc.o(.text.RCC_RTCCLKCmd), (12 bytes).
    Removing stm32f10x_rcc.o(.ARM.exidx.text.RCC_RTCCLKCmd), (8 bytes).
    Removing stm32f10x_rcc.o(.text.RCC_GetClocksFreq), (160 bytes).
    Removing stm32f10x_rcc.o(.ARM.exidx.text.RCC_GetClocksFreq), (8 bytes).
    Removing stm32f10x_rcc.o(.text.RCC_AHBPeriphClockCmd), (24 bytes).
    Removing stm32f10x_rcc.o(.ARM.exidx.text.RCC_AHBPeriphClockCmd), (8 bytes).
    Removing stm32f10x_rcc.o(.ARM.exidx.text.RCC_APB2PeriphClockCmd), (8 bytes).
    Removing stm32f10x_rcc.o(.ARM.exidx.text.RCC_APB1PeriphClockCmd), (8 bytes).
    Removing stm32f10x_rcc.o(.text.RCC_APB2PeriphResetCmd), (24 bytes).
    Removing stm32f10x_rcc.o(.ARM.exidx.text.RCC_APB2PeriphResetCmd), (8 bytes).
    Removing stm32f10x_rcc.o(.text.RCC_APB1PeriphResetCmd), (24 bytes).
    Removing stm32f10x_rcc.o(.ARM.exidx.text.RCC_APB1PeriphResetCmd), (8 bytes).
    Removing stm32f10x_rcc.o(.text.RCC_BackupResetCmd), (12 bytes).
    Removing stm32f10x_rcc.o(.ARM.exidx.text.RCC_BackupResetCmd), (8 bytes).
    Removing stm32f10x_rcc.o(.text.RCC_ClockSecuritySystemCmd), (10 bytes).
    Removing stm32f10x_rcc.o(.ARM.exidx.text.RCC_ClockSecuritySystemCmd), (8 bytes).
    Removing stm32f10x_rcc.o(.text.RCC_MCOConfig), (12 bytes).
    Removing stm32f10x_rcc.o(.ARM.exidx.text.RCC_MCOConfig), (8 bytes).
    Removing stm32f10x_rcc.o(.text.RCC_ClearFlag), (18 bytes).
    Removing stm32f10x_rcc.o(.ARM.exidx.text.RCC_ClearFlag), (8 bytes).
    Removing stm32f10x_rcc.o(.text.RCC_GetITStatus), (18 bytes).
    Removing stm32f10x_rcc.o(.ARM.exidx.text.RCC_GetITStatus), (8 bytes).
    Removing stm32f10x_rcc.o(.text.RCC_ClearITPendingBit), (12 bytes).
    Removing stm32f10x_rcc.o(.ARM.exidx.text.RCC_ClearITPendingBit), (8 bytes).
    Removing stm32f10x_rcc.o(.rodata.APBAHBPrescTable), (16 bytes).
    Removing stm32f10x_rcc.o(.rodata.ADCPrescTable), (4 bytes).
    Removing stm32f10x_spi.o(.text), (0 bytes).
    Removing stm32f10x_spi.o(.text.SPI_I2S_DeInit), (100 bytes).
    Removing stm32f10x_spi.o(.ARM.exidx.text.SPI_I2S_DeInit), (8 bytes).
    Removing stm32f10x_spi.o(.ARM.exidx.text.SPI_Init), (8 bytes).
    Removing stm32f10x_spi.o(.text.I2S_Init), (148 bytes).
    Removing stm32f10x_spi.o(.ARM.exidx.text.I2S_Init), (8 bytes).
    Removing stm32f10x_spi.o(.text.SPI_StructInit), (16 bytes).
    Removing stm32f10x_spi.o(.ARM.exidx.text.SPI_StructInit), (8 bytes).
    Removing stm32f10x_spi.o(.text.I2S_StructInit), (14 bytes).
    Removing stm32f10x_spi.o(.ARM.exidx.text.I2S_StructInit), (8 bytes).
    Removing stm32f10x_spi.o(.ARM.exidx.text.SPI_Cmd), (8 bytes).
    Removing stm32f10x_spi.o(.text.I2S_Cmd), (18 bytes).
    Removing stm32f10x_spi.o(.ARM.exidx.text.I2S_Cmd), (8 bytes).
    Removing stm32f10x_spi.o(.text.SPI_I2S_ITConfig), (32 bytes).
    Removing stm32f10x_spi.o(.ARM.exidx.text.SPI_I2S_ITConfig), (8 bytes).
    Removing stm32f10x_spi.o(.text.SPI_I2S_DMACmd), (16 bytes).
    Removing stm32f10x_spi.o(.ARM.exidx.text.SPI_I2S_DMACmd), (8 bytes).
    Removing stm32f10x_spi.o(.ARM.exidx.text.SPI_I2S_SendData), (8 bytes).
    Removing stm32f10x_spi.o(.ARM.exidx.text.SPI_I2S_ReceiveData), (8 bytes).
    Removing stm32f10x_spi.o(.text.SPI_NSSInternalSoftwareConfig), (24 bytes).
    Removing stm32f10x_spi.o(.ARM.exidx.text.SPI_NSSInternalSoftwareConfig), (8 bytes).
    Removing stm32f10x_spi.o(.text.SPI_SSOutputCmd), (18 bytes).
    Removing stm32f10x_spi.o(.ARM.exidx.text.SPI_SSOutputCmd), (8 bytes).
    Removing stm32f10x_spi.o(.text.SPI_DataSizeConfig), (16 bytes).
    Removing stm32f10x_spi.o(.ARM.exidx.text.SPI_DataSizeConfig), (8 bytes).
    Removing stm32f10x_spi.o(.text.SPI_TransmitCRC), (10 bytes).
    Removing stm32f10x_spi.o(.ARM.exidx.text.SPI_TransmitCRC), (8 bytes).
    Removing stm32f10x_spi.o(.text.SPI_CalculateCRC), (18 bytes).
    Removing stm32f10x_spi.o(.ARM.exidx.text.SPI_CalculateCRC), (8 bytes).
    Removing stm32f10x_spi.o(.text.SPI_GetCRC), (12 bytes).
    Removing stm32f10x_spi.o(.ARM.exidx.text.SPI_GetCRC), (8 bytes).
    Removing stm32f10x_spi.o(.text.SPI_GetCRCPolynomial), (4 bytes).
    Removing stm32f10x_spi.o(.ARM.exidx.text.SPI_GetCRCPolynomial), (8 bytes).
    Removing stm32f10x_spi.o(.text.SPI_BiDirectionalLineConfig), (20 bytes).
    Removing stm32f10x_spi.o(.ARM.exidx.text.SPI_BiDirectionalLineConfig), (8 bytes).
    Removing stm32f10x_spi.o(.ARM.exidx.text.SPI_I2S_GetFlagStatus), (8 bytes).
    Removing stm32f10x_spi.o(.text.SPI_I2S_ClearFlag), (6 bytes).
    Removing stm32f10x_spi.o(.ARM.exidx.text.SPI_I2S_ClearFlag), (8 bytes).
    Removing stm32f10x_spi.o(.text.SPI_I2S_GetITStatus), (34 bytes).
    Removing stm32f10x_spi.o(.ARM.exidx.text.SPI_I2S_GetITStatus), (8 bytes).
    Removing stm32f10x_spi.o(.text.SPI_I2S_ClearITPendingBit), (16 bytes).
    Removing stm32f10x_spi.o(.ARM.exidx.text.SPI_I2S_ClearITPendingBit), (8 bytes).
    Removing stm32f10x_tim.o(.text), (0 bytes).
    Removing stm32f10x_tim.o(.text.TIM_DeInit), (558 bytes).
    Removing stm32f10x_tim.o(.ARM.exidx.text.TIM_DeInit), (8 bytes).
    Removing stm32f10x_tim.o(.text.TIM_TimeBaseInit), (170 bytes).
    Removing stm32f10x_tim.o(.ARM.exidx.text.TIM_TimeBaseInit), (8 bytes).
    Removing stm32f10x_tim.o(.text.TIM_OC1Init), (118 bytes).
    Removing stm32f10x_tim.o(.ARM.exidx.text.TIM_OC1Init), (8 bytes).
    Removing stm32f10x_tim.o(.text.TIM_OC2Init), (122 bytes).
    Removing stm32f10x_tim.o(.ARM.exidx.text.TIM_OC2Init), (8 bytes).
    Removing stm32f10x_tim.o(.text.TIM_OC3Init), (122 bytes).
    Removing stm32f10x_tim.o(.ARM.exidx.text.TIM_OC3Init), (8 bytes).
    Removing stm32f10x_tim.o(.text.TIM_OC4Init), (94 bytes).
    Removing stm32f10x_tim.o(.ARM.exidx.text.TIM_OC4Init), (8 bytes).
    Removing stm32f10x_tim.o(.text.TIM_ICInit), (98 bytes).
    Removing stm32f10x_tim.o(.ARM.exidx.text.TIM_ICInit), (8 bytes).
    Removing stm32f10x_tim.o(.text.TI1_Config), (132 bytes).
    Removing stm32f10x_tim.o(.ARM.exidx.text.TI1_Config), (8 bytes).
    Removing stm32f10x_tim.o(.text.TIM_SetIC1Prescaler), (16 bytes).
    Removing stm32f10x_tim.o(.ARM.exidx.text.TIM_SetIC1Prescaler), (8 bytes).
    Removing stm32f10x_tim.o(.text.TI2_Config), (144 bytes).
    Removing stm32f10x_tim.o(.ARM.exidx.text.TI2_Config), (8 bytes).
    Removing stm32f10x_tim.o(.text.TIM_SetIC2Prescaler), (18 bytes).
    Removing stm32f10x_tim.o(.ARM.exidx.text.TIM_SetIC2Prescaler), (8 bytes).
    Removing stm32f10x_tim.o(.text.TI3_Config), (138 bytes).
    Removing stm32f10x_tim.o(.ARM.exidx.text.TI3_Config), (8 bytes).
    Removing stm32f10x_tim.o(.text.TIM_SetIC3Prescaler), (16 bytes).
    Removing stm32f10x_tim.o(.ARM.exidx.text.TIM_SetIC3Prescaler), (8 bytes).
    Removing stm32f10x_tim.o(.text.TI4_Config), (148 bytes).
    Removing stm32f10x_tim.o(.ARM.exidx.text.TI4_Config), (8 bytes).
    Removing stm32f10x_tim.o(.text.TIM_SetIC4Prescaler), (18 bytes).
    Removing stm32f10x_tim.o(.ARM.exidx.text.TIM_SetIC4Prescaler), (8 bytes).
    Removing stm32f10x_tim.o(.text.TIM_PWMIConfig), (112 bytes).
    Removing stm32f10x_tim.o(.ARM.exidx.text.TIM_PWMIConfig), (8 bytes).
    Removing stm32f10x_tim.o(.text.TIM_BDTRConfig), (40 bytes).
    Removing stm32f10x_tim.o(.ARM.exidx.text.TIM_BDTRConfig), (8 bytes).
    Removing stm32f10x_tim.o(.text.TIM_TimeBaseStructInit), (20 bytes).
    Removing stm32f10x_tim.o(.ARM.exidx.text.TIM_TimeBaseStructInit), (8 bytes).
    Removing stm32f10x_tim.o(.text.TIM_OCStructInit), (12 bytes).
    Removing stm32f10x_tim.o(.ARM.exidx.text.TIM_OCStructInit), (8 bytes).
    Removing stm32f10x_tim.o(.text.TIM_ICStructInit), (12 bytes).
    Removing stm32f10x_tim.o(.ARM.exidx.text.TIM_ICStructInit), (8 bytes).
    Removing stm32f10x_tim.o(.text.TIM_BDTRStructInit), (12 bytes).
    Removing stm32f10x_tim.o(.ARM.exidx.text.TIM_BDTRStructInit), (8 bytes).
    Removing stm32f10x_tim.o(.text.TIM_Cmd), (18 bytes).
    Removing stm32f10x_tim.o(.ARM.exidx.text.TIM_Cmd), (8 bytes).
    Removing stm32f10x_tim.o(.text.TIM_CtrlPWMOutputs), (24 bytes).
    Removing stm32f10x_tim.o(.ARM.exidx.text.TIM_CtrlPWMOutputs), (8 bytes).
    Removing stm32f10x_tim.o(.text.TIM_ITConfig), (16 bytes).
    Removing stm32f10x_tim.o(.ARM.exidx.text.TIM_ITConfig), (8 bytes).
    Removing stm32f10x_tim.o(.text.TIM_GenerateEvent), (4 bytes).
    Removing stm32f10x_tim.o(.ARM.exidx.text.TIM_GenerateEvent), (8 bytes).
    Removing stm32f10x_tim.o(.text.TIM_DMAConfig), (8 bytes).
    Removing stm32f10x_tim.o(.ARM.exidx.text.TIM_DMAConfig), (8 bytes).
    Removing stm32f10x_tim.o(.text.TIM_DMACmd), (16 bytes).
    Removing stm32f10x_tim.o(.ARM.exidx.text.TIM_DMACmd), (8 bytes).
    Removing stm32f10x_tim.o(.text.TIM_InternalClockConfig), (10 bytes).
    Removing stm32f10x_tim.o(.ARM.exidx.text.TIM_InternalClockConfig), (8 bytes).
    Removing stm32f10x_tim.o(.text.TIM_ITRxExternalClockConfig), (18 bytes).
    Removing stm32f10x_tim.o(.ARM.exidx.text.TIM_ITRxExternalClockConfig), (8 bytes).
    Removing stm32f10x_tim.o(.text.TIM_SelectInputTrigger), (12 bytes).
    Removing stm32f10x_tim.o(.ARM.exidx.text.TIM_SelectInputTrigger), (8 bytes).
    Removing stm32f10x_tim.o(.text.TIM_TIxExternalClockConfig), (44 bytes).
    Removing stm32f10x_tim.o(.ARM.exidx.text.TIM_TIxExternalClockConfig), (8 bytes).
    Removing stm32f10x_tim.o(.text.TIM_ETRClockMode1Config), (18 bytes).
    Removing stm32f10x_tim.o(.ARM.exidx.text.TIM_ETRClockMode1Config), (8 bytes).
    Removing stm32f10x_tim.o(.text.TIM_ETRConfig), (22 bytes).
    Removing stm32f10x_tim.o(.ARM.exidx.text.TIM_ETRConfig), (8 bytes).
    Removing stm32f10x_tim.o(.text.TIM_ETRClockMode2Config), (18 bytes).
    Removing stm32f10x_tim.o(.ARM.exidx.text.TIM_ETRClockMode2Config), (8 bytes).
    Removing stm32f10x_tim.o(.text.TIM_PrescalerConfig), (6 bytes).
    Removing stm32f10x_tim.o(.ARM.exidx.text.TIM_PrescalerConfig), (8 bytes).
    Removing stm32f10x_tim.o(.text.TIM_CounterModeConfig), (12 bytes).
    Removing stm32f10x_tim.o(.ARM.exidx.text.TIM_CounterModeConfig), (8 bytes).
    Removing stm32f10x_tim.o(.text.TIM_EncoderInterfaceConfig), (48 bytes).
    Removing stm32f10x_tim.o(.ARM.exidx.text.TIM_EncoderInterfaceConfig), (8 bytes).
    Removing stm32f10x_tim.o(.text.TIM_ForcedOC1Config), (12 bytes).
    Removing stm32f10x_tim.o(.ARM.exidx.text.TIM_ForcedOC1Config), (8 bytes).
    Removing stm32f10x_tim.o(.text.TIM_ForcedOC2Config), (14 bytes).
    Removing stm32f10x_tim.o(.ARM.exidx.text.TIM_ForcedOC2Config), (8 bytes).
    Removing stm32f10x_tim.o(.text.TIM_ForcedOC3Config), (12 bytes).
    Removing stm32f10x_tim.o(.ARM.exidx.text.TIM_ForcedOC3Config), (8 bytes).
    Removing stm32f10x_tim.o(.text.TIM_ForcedOC4Config), (14 bytes).
    Removing stm32f10x_tim.o(.ARM.exidx.text.TIM_ForcedOC4Config), (8 bytes).
    Removing stm32f10x_tim.o(.text.TIM_ARRPreloadConfig), (18 bytes).
    Removing stm32f10x_tim.o(.ARM.exidx.text.TIM_ARRPreloadConfig), (8 bytes).
    Removing stm32f10x_tim.o(.text.TIM_SelectCOM), (18 bytes).
    Removing stm32f10x_tim.o(.ARM.exidx.text.TIM_SelectCOM), (8 bytes).
    Removing stm32f10x_tim.o(.text.TIM_SelectCCDMA), (18 bytes).
    Removing stm32f10x_tim.o(.ARM.exidx.text.TIM_SelectCCDMA), (8 bytes).
    Removing stm32f10x_tim.o(.text.TIM_CCPreloadControl), (18 bytes).
    Removing stm32f10x_tim.o(.ARM.exidx.text.TIM_CCPreloadControl), (8 bytes).
    Removing stm32f10x_tim.o(.text.TIM_OC1PreloadConfig), (12 bytes).
    Removing stm32f10x_tim.o(.ARM.exidx.text.TIM_OC1PreloadConfig), (8 bytes).
    Removing stm32f10x_tim.o(.text.TIM_OC2PreloadConfig), (14 bytes).
    Removing stm32f10x_tim.o(.ARM.exidx.text.TIM_OC2PreloadConfig), (8 bytes).
    Removing stm32f10x_tim.o(.text.TIM_OC3PreloadConfig), (12 bytes).
    Removing stm32f10x_tim.o(.ARM.exidx.text.TIM_OC3PreloadConfig), (8 bytes).
    Removing stm32f10x_tim.o(.text.TIM_OC4PreloadConfig), (14 bytes).
    Removing stm32f10x_tim.o(.ARM.exidx.text.TIM_OC4PreloadConfig), (8 bytes).
    Removing stm32f10x_tim.o(.text.TIM_OC1FastConfig), (12 bytes).
    Removing stm32f10x_tim.o(.ARM.exidx.text.TIM_OC1FastConfig), (8 bytes).
    Removing stm32f10x_tim.o(.text.TIM_OC2FastConfig), (14 bytes).
    Removing stm32f10x_tim.o(.ARM.exidx.text.TIM_OC2FastConfig), (8 bytes).
    Removing stm32f10x_tim.o(.text.TIM_OC3FastConfig), (12 bytes).
    Removing stm32f10x_tim.o(.ARM.exidx.text.TIM_OC3FastConfig), (8 bytes).
    Removing stm32f10x_tim.o(.text.TIM_OC4FastConfig), (14 bytes).
    Removing stm32f10x_tim.o(.ARM.exidx.text.TIM_OC4FastConfig), (8 bytes).
    Removing stm32f10x_tim.o(.text.TIM_ClearOC1Ref), (12 bytes).
    Removing stm32f10x_tim.o(.ARM.exidx.text.TIM_ClearOC1Ref), (8 bytes).
    Removing stm32f10x_tim.o(.text.TIM_ClearOC2Ref), (14 bytes).
    Removing stm32f10x_tim.o(.ARM.exidx.text.TIM_ClearOC2Ref), (8 bytes).
    Removing stm32f10x_tim.o(.text.TIM_ClearOC3Ref), (12 bytes).
    Removing stm32f10x_tim.o(.ARM.exidx.text.TIM_ClearOC3Ref), (8 bytes).
    Removing stm32f10x_tim.o(.text.TIM_ClearOC4Ref), (14 bytes).
    Removing stm32f10x_tim.o(.ARM.exidx.text.TIM_ClearOC4Ref), (8 bytes).
    Removing stm32f10x_tim.o(.text.TIM_OC1PolarityConfig), (12 bytes).
    Removing stm32f10x_tim.o(.ARM.exidx.text.TIM_OC1PolarityConfig), (8 bytes).
    Removing stm32f10x_tim.o(.text.TIM_OC1NPolarityConfig), (12 bytes).
    Removing stm32f10x_tim.o(.ARM.exidx.text.TIM_OC1NPolarityConfig), (8 bytes).
    Removing stm32f10x_tim.o(.text.TIM_OC2PolarityConfig), (14 bytes).
    Removing stm32f10x_tim.o(.ARM.exidx.text.TIM_OC2PolarityConfig), (8 bytes).
    Removing stm32f10x_tim.o(.text.TIM_OC2NPolarityConfig), (14 bytes).
    Removing stm32f10x_tim.o(.ARM.exidx.text.TIM_OC2NPolarityConfig), (8 bytes).
    Removing stm32f10x_tim.o(.text.TIM_OC3PolarityConfig), (14 bytes).
    Removing stm32f10x_tim.o(.ARM.exidx.text.TIM_OC3PolarityConfig), (8 bytes).
    Removing stm32f10x_tim.o(.text.TIM_OC3NPolarityConfig), (14 bytes).
    Removing stm32f10x_tim.o(.ARM.exidx.text.TIM_OC3NPolarityConfig), (8 bytes).
    Removing stm32f10x_tim.o(.text.TIM_OC4PolarityConfig), (14 bytes).
    Removing stm32f10x_tim.o(.ARM.exidx.text.TIM_OC4PolarityConfig), (8 bytes).
    Removing stm32f10x_tim.o(.text.TIM_CCxCmd), (32 bytes).
    Removing stm32f10x_tim.o(.ARM.exidx.text.TIM_CCxCmd), (8 bytes).
    Removing stm32f10x_tim.o(.text.TIM_CCxNCmd), (32 bytes).
    Removing stm32f10x_tim.o(.ARM.exidx.text.TIM_CCxNCmd), (8 bytes).
    Removing stm32f10x_tim.o(.text.TIM_SelectOCxM), (82 bytes).
    Removing stm32f10x_tim.o(.ARM.exidx.text.TIM_SelectOCxM), (8 bytes).
    Removing stm32f10x_tim.o(.text.TIM_UpdateDisableConfig), (18 bytes).
    Removing stm32f10x_tim.o(.ARM.exidx.text.TIM_UpdateDisableConfig), (8 bytes).
    Removing stm32f10x_tim.o(.text.TIM_UpdateRequestConfig), (18 bytes).
    Removing stm32f10x_tim.o(.ARM.exidx.text.TIM_UpdateRequestConfig), (8 bytes).
    Removing stm32f10x_tim.o(.text.TIM_SelectHallSensor), (18 bytes).
    Removing stm32f10x_tim.o(.ARM.exidx.text.TIM_SelectHallSensor), (8 bytes).
    Removing stm32f10x_tim.o(.text.TIM_SelectOnePulseMode), (16 bytes).
    Removing stm32f10x_tim.o(.ARM.exidx.text.TIM_SelectOnePulseMode), (8 bytes).
    Removing stm32f10x_tim.o(.text.TIM_SelectOutputTrigger), (16 bytes).
    Removing stm32f10x_tim.o(.ARM.exidx.text.TIM_SelectOutputTrigger), (8 bytes).
    Removing stm32f10x_tim.o(.text.TIM_SelectSlaveMode), (16 bytes).
    Removing stm32f10x_tim.o(.ARM.exidx.text.TIM_SelectSlaveMode), (8 bytes).
    Removing stm32f10x_tim.o(.text.TIM_SelectMasterSlaveMode), (16 bytes).
    Removing stm32f10x_tim.o(.ARM.exidx.text.TIM_SelectMasterSlaveMode), (8 bytes).
    Removing stm32f10x_tim.o(.text.TIM_SetCounter), (4 bytes).
    Removing stm32f10x_tim.o(.ARM.exidx.text.TIM_SetCounter), (8 bytes).
    Removing stm32f10x_tim.o(.text.TIM_SetAutoreload), (4 bytes).
    Removing stm32f10x_tim.o(.ARM.exidx.text.TIM_SetAutoreload), (8 bytes).
    Removing stm32f10x_tim.o(.text.TIM_SetCompare1), (4 bytes).
    Removing stm32f10x_tim.o(.ARM.exidx.text.TIM_SetCompare1), (8 bytes).
    Removing stm32f10x_tim.o(.text.TIM_SetCompare2), (4 bytes).
    Removing stm32f10x_tim.o(.ARM.exidx.text.TIM_SetCompare2), (8 bytes).
    Removing stm32f10x_tim.o(.text.TIM_SetCompare3), (4 bytes).
    Removing stm32f10x_tim.o(.ARM.exidx.text.TIM_SetCompare3), (8 bytes).
    Removing stm32f10x_tim.o(.text.TIM_SetCompare4), (6 bytes).
    Removing stm32f10x_tim.o(.ARM.exidx.text.TIM_SetCompare4), (8 bytes).
    Removing stm32f10x_tim.o(.text.TIM_SetClockDivision), (16 bytes).
    Removing stm32f10x_tim.o(.ARM.exidx.text.TIM_SetClockDivision), (8 bytes).
    Removing stm32f10x_tim.o(.text.TIM_GetCapture1), (4 bytes).
    Removing stm32f10x_tim.o(.ARM.exidx.text.TIM_GetCapture1), (8 bytes).
    Removing stm32f10x_tim.o(.text.TIM_GetCapture2), (4 bytes).
    Removing stm32f10x_tim.o(.ARM.exidx.text.TIM_GetCapture2), (8 bytes).
    Removing stm32f10x_tim.o(.text.TIM_GetCapture3), (4 bytes).
    Removing stm32f10x_tim.o(.ARM.exidx.text.TIM_GetCapture3), (8 bytes).
    Removing stm32f10x_tim.o(.text.TIM_GetCapture4), (6 bytes).
    Removing stm32f10x_tim.o(.ARM.exidx.text.TIM_GetCapture4), (8 bytes).
    Removing stm32f10x_tim.o(.text.TIM_GetCounter), (4 bytes).
    Removing stm32f10x_tim.o(.ARM.exidx.text.TIM_GetCounter), (8 bytes).
    Removing stm32f10x_tim.o(.text.TIM_GetPrescaler), (4 bytes).
    Removing stm32f10x_tim.o(.ARM.exidx.text.TIM_GetPrescaler), (8 bytes).
    Removing stm32f10x_tim.o(.text.TIM_GetFlagStatus), (10 bytes).
    Removing stm32f10x_tim.o(.ARM.exidx.text.TIM_GetFlagStatus), (8 bytes).
    Removing stm32f10x_tim.o(.text.TIM_ClearFlag), (6 bytes).
    Removing stm32f10x_tim.o(.ARM.exidx.text.TIM_ClearFlag), (8 bytes).
    Removing stm32f10x_tim.o(.text.TIM_GetITStatus), (20 bytes).
    Removing stm32f10x_tim.o(.ARM.exidx.text.TIM_GetITStatus), (8 bytes).
    Removing stm32f10x_tim.o(.text.TIM_ClearITPendingBit), (6 bytes).
    Removing stm32f10x_tim.o(.ARM.exidx.text.TIM_ClearITPendingBit), (8 bytes).
    Removing stm32f10x_usart.o(.text), (0 bytes).
    Removing stm32f10x_usart.o(.text.USART_DeInit), (174 bytes).
    Removing stm32f10x_usart.o(.ARM.exidx.text.USART_DeInit), (8 bytes).
    Removing stm32f10x_usart.o(.text.USART_Init), (178 bytes).
    Removing stm32f10x_usart.o(.ARM.exidx.text.USART_Init), (8 bytes).
    Removing stm32f10x_usart.o(.text.USART_StructInit), (18 bytes).
    Removing stm32f10x_usart.o(.ARM.exidx.text.USART_StructInit), (8 bytes).
    Removing stm32f10x_usart.o(.text.USART_ClockInit), (34 bytes).
    Removing stm32f10x_usart.o(.ARM.exidx.text.USART_ClockInit), (8 bytes).
    Removing stm32f10x_usart.o(.text.USART_ClockStructInit), (8 bytes).
    Removing stm32f10x_usart.o(.ARM.exidx.text.USART_ClockStructInit), (8 bytes).
    Removing stm32f10x_usart.o(.text.USART_Cmd), (18 bytes).
    Removing stm32f10x_usart.o(.ARM.exidx.text.USART_Cmd), (8 bytes).
    Removing stm32f10x_usart.o(.text.USART_ITConfig), (46 bytes).
    Removing stm32f10x_usart.o(.ARM.exidx.text.USART_ITConfig), (8 bytes).
    Removing stm32f10x_usart.o(.text.USART_DMACmd), (16 bytes).
    Removing stm32f10x_usart.o(.ARM.exidx.text.USART_DMACmd), (8 bytes).
    Removing stm32f10x_usart.o(.text.USART_SetAddress), (16 bytes).
    Removing stm32f10x_usart.o(.ARM.exidx.text.USART_SetAddress), (8 bytes).
    Removing stm32f10x_usart.o(.text.USART_WakeUpConfig), (16 bytes).
    Removing stm32f10x_usart.o(.ARM.exidx.text.USART_WakeUpConfig), (8 bytes).
    Removing stm32f10x_usart.o(.text.USART_ReceiverWakeUpCmd), (18 bytes).
    Removing stm32f10x_usart.o(.ARM.exidx.text.USART_ReceiverWakeUpCmd), (8 bytes).
    Removing stm32f10x_usart.o(.text.USART_LINBreakDetectLengthConfig), (16 bytes).
    Removing stm32f10x_usart.o(.ARM.exidx.text.USART_LINBreakDetectLengthConfig), (8 bytes).
    Removing stm32f10x_usart.o(.text.USART_LINCmd), (18 bytes).
    Removing stm32f10x_usart.o(.ARM.exidx.text.USART_LINCmd), (8 bytes).
    Removing stm32f10x_usart.o(.text.USART_SendData), (8 bytes).
    Removing stm32f10x_usart.o(.ARM.exidx.text.USART_SendData), (8 bytes).
    Removing stm32f10x_usart.o(.text.USART_ReceiveData), (8 bytes).
    Removing stm32f10x_usart.o(.ARM.exidx.text.USART_ReceiveData), (8 bytes).
    Removing stm32f10x_usart.o(.text.USART_SendBreak), (10 bytes).
    Removing stm32f10x_usart.o(.ARM.exidx.text.USART_SendBreak), (8 bytes).
    Removing stm32f10x_usart.o(.text.USART_SetGuardTime), (16 bytes).
    Removing stm32f10x_usart.o(.ARM.exidx.text.USART_SetGuardTime), (8 bytes).
    Removing stm32f10x_usart.o(.text.USART_SetPrescaler), (16 bytes).
    Removing stm32f10x_usart.o(.ARM.exidx.text.USART_SetPrescaler), (8 bytes).
    Removing stm32f10x_usart.o(.text.USART_SmartCardCmd), (18 bytes).
    Removing stm32f10x_usart.o(.ARM.exidx.text.USART_SmartCardCmd), (8 bytes).
    Removing stm32f10x_usart.o(.text.USART_SmartCardNACKCmd), (18 bytes).
    Removing stm32f10x_usart.o(.ARM.exidx.text.USART_SmartCardNACKCmd), (8 bytes).
    Removing stm32f10x_usart.o(.text.USART_HalfDuplexCmd), (18 bytes).
    Removing stm32f10x_usart.o(.ARM.exidx.text.USART_HalfDuplexCmd), (8 bytes).
    Removing stm32f10x_usart.o(.text.USART_OverSampling8Cmd), (20 bytes).
    Removing stm32f10x_usart.o(.ARM.exidx.text.USART_OverSampling8Cmd), (8 bytes).
    Removing stm32f10x_usart.o(.text.USART_OneBitMethodCmd), (18 bytes).
    Removing stm32f10x_usart.o(.ARM.exidx.text.USART_OneBitMethodCmd), (8 bytes).
    Removing stm32f10x_usart.o(.text.USART_IrDAConfig), (16 bytes).
    Removing stm32f10x_usart.o(.ARM.exidx.text.USART_IrDAConfig), (8 bytes).
    Removing stm32f10x_usart.o(.text.USART_IrDACmd), (18 bytes).
    Removing stm32f10x_usart.o(.ARM.exidx.text.USART_IrDACmd), (8 bytes).
    Removing stm32f10x_usart.o(.text.USART_GetFlagStatus), (10 bytes).
    Removing stm32f10x_usart.o(.ARM.exidx.text.USART_GetFlagStatus), (8 bytes).
    Removing stm32f10x_usart.o(.text.USART_ClearFlag), (6 bytes).
    Removing stm32f10x_usart.o(.ARM.exidx.text.USART_ClearFlag), (8 bytes).
    Removing stm32f10x_usart.o(.text.USART_GetITStatus), (58 bytes).
    Removing stm32f10x_usart.o(.ARM.exidx.text.USART_GetITStatus), (8 bytes).
    Removing stm32f10x_usart.o(.text.USART_ClearITPendingBit), (14 bytes).
    Removing stm32f10x_usart.o(.ARM.exidx.text.USART_ClearITPendingBit), (8 bytes).
    Removing system_stm32f10x.o(.text), (0 bytes).
    Removing system_stm32f10x.o(.ARM.exidx.text.SystemInit), (8 bytes).
    Removing system_stm32f10x.o(.ARM.exidx.text.SetSysClock), (8 bytes).
    Removing system_stm32f10x.o(.text.SystemCoreClockUpdate), (110 bytes).
    Removing system_stm32f10x.o(.ARM.exidx.text.SystemCoreClockUpdate), (8 bytes).
    Removing system_stm32f10x.o(.ARM.exidx.text.SetSysClockTo72), (8 bytes).
    Removing system_stm32f10x.o(.data.SystemCoreClock), (4 bytes).
    Removing system_stm32f10x.o(.rodata.AHBPrescTable), (16 bytes).

550 unused section(s) (total 11383 bytes) removed from the image.

==============================================================================

Image Symbol Table

    Local Symbols

    Symbol Name                              Value     Ov Type        Size  Object(Section)

    ../clib/angel/boardlib.s                 0x00000000   Number         0  boardinit1.o ABSOLUTE
    ../clib/angel/boardlib.s                 0x00000000   Number         0  boardinit2.o ABSOLUTE
    ../clib/angel/boardlib.s                 0x00000000   Number         0  boardinit3.o ABSOLUTE
    ../clib/angel/boardlib.s                 0x00000000   Number         0  boardshut.o ABSOLUTE
    ../clib/angel/handlers.s                 0x00000000   Number         0  __scatter_zi.o ABSOLUTE
    ../clib/angel/kernel.s                   0x00000000   Number         0  __rtentry.o ABSOLUTE
    ../clib/angel/kernel.s                   0x00000000   Number         0  __rtentry2.o ABSOLUTE
    ../clib/angel/kernel.s                   0x00000000   Number         0  __rtentry4.o ABSOLUTE
    ../clib/angel/kernel.s                   0x00000000   Number         0  rtexit.o ABSOLUTE
    ../clib/angel/kernel.s                   0x00000000   Number         0  rtexit2.o ABSOLUTE
    ../clib/angel/rt.s                       0x00000000   Number         0  rt_raise.o ABSOLUTE
    ../clib/angel/scatter.s                  0x00000000   Number         0  __scatter.o ABSOLUTE
    ../clib/angel/startup.s                  0x00000000   Number         0  __main.o ABSOLUTE
    ../clib/angel/sys.s                      0x00000000   Number         0  sys_stackheap_outer.o ABSOLUTE
    ../clib/angel/sys.s                      0x00000000   Number         0  libspace.o ABSOLUTE
    ../clib/angel/sys.s                      0x00000000   Number         0  use_no_semi.o ABSOLUTE
    ../clib/angel/sys.s                      0x00000000   Number         0  indicate_semi.o ABSOLUTE
    ../clib/angel/sysapp.c                   0x00000000   Number         0  sys_exit.o ABSOLUTE
    ../clib/angel/sysapp.c                   0x00000000   Number         0  sys_exit_hlt.o ABSOLUTE
    ../clib/angel/sysapp.c                   0x00000000   Number         0  sys_command.o ABSOLUTE
    ../clib/angel/sysapp.c                   0x00000000   Number         0  sys_command_hlt.o ABSOLUTE
    ../clib/angel/sysapp.c                   0x00000000   Number         0  sys_wrch.o ABSOLUTE
    ../clib/angel/sysapp.c                   0x00000000   Number         0  sys_wrch_hlt.o ABSOLUTE
    ../clib/armsys.c                         0x00000000   Number         0  argv_veneer.o ABSOLUTE
    ../clib/armsys.c                         0x00000000   Number         0  argv_veneer.o ABSOLUTE
    ../clib/armsys.c                         0x00000000   Number         0  _get_argv_nomalloc.o ABSOLUTE
    ../clib/armsys.c                         0x00000000   Number         0  no_argv.o ABSOLUTE
    ../clib/heapalloc.c                      0x00000000   Number         0  hrguard.o ABSOLUTE
    ../clib/heapaux.c                        0x00000000   Number         0  heapauxi.o ABSOLUTE
    ../clib/libinit.s                        0x00000000   Number         0  libinit.o ABSOLUTE
    ../clib/libinit.s                        0x00000000   Number         0  libinit2.o ABSOLUTE
    ../clib/libinit.s                        0x00000000   Number         0  libshutdown.o ABSOLUTE
    ../clib/libinit.s                        0x00000000   Number         0  libshutdown2.o ABSOLUTE
    ../clib/memcpset.s                       0x00000000   Number         0  rt_memclr_w.o ABSOLUTE
    ../clib/printf.c                         0x00000000   Number         0  __2sprintf.o ABSOLUTE
    ../clib/printf.c                         0x00000000   Number         0  noretval__2sprintf.o ABSOLUTE
    ../clib/printf.c                         0x00000000   Number         0  __printf.o ABSOLUTE
    ../clib/printf.c                         0x00000000   Number         0  _printf_dec.o ABSOLUTE
    ../clib/printf.c                         0x00000000   Number         0  __printf_flags.o ABSOLUTE
    ../clib/printf.c                         0x00000000   Number         0  __printf_ss.o ABSOLUTE
    ../clib/printf.c                         0x00000000   Number         0  __printf_flags_ss.o ABSOLUTE
    ../clib/printf.c                         0x00000000   Number         0  __printf_wp.o ABSOLUTE
    ../clib/printf.c                         0x00000000   Number         0  __printf_flags_wp.o ABSOLUTE
    ../clib/printf.c                         0x00000000   Number         0  __printf_ss_wp.o ABSOLUTE
    ../clib/printf.c                         0x00000000   Number         0  __printf_flags_ss_wp.o ABSOLUTE
    ../clib/printf.c                         0x00000000   Number         0  _printf_intcommon.o ABSOLUTE
    ../clib/printf.c                         0x00000000   Number         0  _printf_char_common.o ABSOLUTE
    ../clib/printf.c                         0x00000000   Number         0  _sputc.o ABSOLUTE
    ../clib/printf.c                         0x00000000   Number         0  __printf_nopercent.o ABSOLUTE
    ../clib/printf_percent.s                 0x00000000   Number         0  _printf_d.o ABSOLUTE
    ../clib/printf_percent.s                 0x00000000   Number         0  _printf_percent.o ABSOLUTE
    ../clib/printf_percent.s                 0x00000000   Number         0  _printf_percent_end.o ABSOLUTE
    ../clib/signal.c                         0x00000000   Number         0  defsig_rtmem_outer.o ABSOLUTE
    ../clib/signal.c                         0x00000000   Number         0  defsig_rtmem_formal.o ABSOLUTE
    ../clib/signal.c                         0x00000000   Number         0  defsig_exit.o ABSOLUTE
    ../clib/signal.c                         0x00000000   Number         0  defsig_rtmem_inner.o ABSOLUTE
    ../clib/signal.c                         0x00000000   Number         0  __raise.o ABSOLUTE
    ../clib/signal.c                         0x00000000   Number         0  defsig_general.o ABSOLUTE
    ../clib/signal.c                         0x00000000   Number         0  defsig_abrt_inner.o ABSOLUTE
    ../clib/signal.c                         0x00000000   Number         0  defsig_fpe_inner.o ABSOLUTE
    ../clib/signal.c                         0x00000000   Number         0  defsig_rtred_inner.o ABSOLUTE
    ../clib/signal.c                         0x00000000   Number         0  defsig_stak_inner.o ABSOLUTE
    ../clib/signal.c                         0x00000000   Number         0  defsig_pvfn_inner.o ABSOLUTE
    ../clib/signal.c                         0x00000000   Number         0  defsig_cppl_inner.o ABSOLUTE
    ../clib/signal.c                         0x00000000   Number         0  defsig_segv_inner.o ABSOLUTE
    ../clib/signal.c                         0x00000000   Number         0  defsig_other.o ABSOLUTE
    ../clib/signal.s                         0x00000000   Number         0  defsig.o ABSOLUTE
    ../clib/stdlib.c                         0x00000000   Number         0  exit.o ABSOLUTE
    ../fplib/fpinit.s                        0x00000000   Number         0  fpinit.o ABSOLUTE
    ../fplib/fpinit_empty.s                  0x00000000   Number         0  fpinit_empty.o ABSOLUTE
    RTE/Device/STM32F103C8/startup_stm32f10x_md.s 0x00000000   Number         0  startup_stm32f10x_md.o ABSOLUTE
    dc.s                                     0x00000000   Number         0  dc.o ABSOLUTE
    delay.c                                  0x00000000   Number         0  delay.o ABSOLUTE
    fonts.c                                  0x00000000   Number         0  fonts.o ABSOLUTE
    ili9225.c                                0x00000000   Number         0  ili9225.o ABSOLUTE
    main.c                                   0x00000000   Number         0  main.o ABSOLUTE
    misc.c                                   0x00000000   Number         0  misc.o ABSOLUTE
    stm32f10x_dma.c                          0x00000000   Number         0  stm32f10x_dma.o ABSOLUTE
    stm32f10x_exti.c                         0x00000000   Number         0  stm32f10x_exti.o ABSOLUTE
    stm32f10x_flash.c                        0x00000000   Number         0  stm32f10x_flash.o ABSOLUTE
    stm32f10x_gpio.c                         0x00000000   Number         0  stm32f10x_gpio.o ABSOLUTE
    stm32f10x_rcc.c                          0x00000000   Number         0  stm32f10x_rcc.o ABSOLUTE
    stm32f10x_spi.c                          0x00000000   Number         0  stm32f10x_spi.o ABSOLUTE
    stm32f10x_tim.c                          0x00000000   Number         0  stm32f10x_tim.o ABSOLUTE
    stm32f10x_usart.c                        0x00000000   Number         0  stm32f10x_usart.o ABSOLUTE
    system_stm32f10x.c                       0x00000000   Number         0  system_stm32f10x.o ABSOLUTE
    RESET                                    0x08000000   Section      236  startup_stm32f10x_md.o(RESET)
    !!!main                                  0x080000ec   Section        8  __main.o(!!!main)
    !!!scatter                               0x080000f4   Section       52  __scatter.o(!!!scatter)
    !!handler_zi                             0x08000128   Section       28  __scatter_zi.o(!!handler_zi)
    .ARM.Collect$$_printf_percent$$00000000  0x08000144   Section        0  _printf_percent.o(.ARM.Collect$$_printf_percent$$00000000)
    .ARM.Collect$$_printf_percent$$00000009  0x08000144   Section        6  _printf_d.o(.ARM.Collect$$_printf_percent$$00000009)
    .ARM.Collect$$_printf_percent$$00000017  0x0800014a   Section        4  _printf_percent_end.o(.ARM.Collect$$_printf_percent$$00000017)
    .ARM.Collect$$libinit$$00000000          0x0800014e   Section        2  libinit.o(.ARM.Collect$$libinit$$00000000)
    .ARM.Collect$$libinit$$00000002          0x08000150   Section        0  libinit2.o(.ARM.Collect$$libinit$$00000002)
    .ARM.Collect$$libinit$$00000004          0x08000150   Section        0  libinit2.o(.ARM.Collect$$libinit$$00000004)
    .ARM.Collect$$libinit$$0000000A          0x08000150   Section        0  libinit2.o(.ARM.Collect$$libinit$$0000000A)
    .ARM.Collect$$libinit$$0000000C          0x08000150   Section        0  libinit2.o(.ARM.Collect$$libinit$$0000000C)
    .ARM.Collect$$libinit$$0000000E          0x08000150   Section        0  libinit2.o(.ARM.Collect$$libinit$$0000000E)
    .ARM.Collect$$libinit$$00000011          0x08000150   Section        0  libinit2.o(.ARM.Collect$$libinit$$00000011)
    .ARM.Collect$$libinit$$00000013          0x08000150   Section        0  libinit2.o(.ARM.Collect$$libinit$$00000013)
    .ARM.Collect$$libinit$$00000015          0x08000150   Section        0  libinit2.o(.ARM.Collect$$libinit$$00000015)
    .ARM.Collect$$libinit$$00000017          0x08000150   Section        0  libinit2.o(.ARM.Collect$$libinit$$00000017)
    .ARM.Collect$$libinit$$00000019          0x08000150   Section        0  libinit2.o(.ARM.Collect$$libinit$$00000019)
    .ARM.Collect$$libinit$$0000001B          0x08000150   Section        0  libinit2.o(.ARM.Collect$$libinit$$0000001B)
    .ARM.Collect$$libinit$$0000001D          0x08000150   Section        0  libinit2.o(.ARM.Collect$$libinit$$0000001D)
    .ARM.Collect$$libinit$$0000001F          0x08000150   Section        0  libinit2.o(.ARM.Collect$$libinit$$0000001F)
    .ARM.Collect$$libinit$$00000021          0x08000150   Section        0  libinit2.o(.ARM.Collect$$libinit$$00000021)
    .ARM.Collect$$libinit$$00000023          0x08000150   Section        0  libinit2.o(.ARM.Collect$$libinit$$00000023)
    .ARM.Collect$$libinit$$00000025          0x08000150   Section        0  libinit2.o(.ARM.Collect$$libinit$$00000025)
    .ARM.Collect$$libinit$$0000002C          0x08000150   Section        0  libinit2.o(.ARM.Collect$$libinit$$0000002C)
    .ARM.Collect$$libinit$$0000002E          0x08000150   Section        0  libinit2.o(.ARM.Collect$$libinit$$0000002E)
    .ARM.Collect$$libinit$$00000030          0x08000150   Section        0  libinit2.o(.ARM.Collect$$libinit$$00000030)
    .ARM.Collect$$libinit$$00000032          0x08000150   Section        0  libinit2.o(.ARM.Collect$$libinit$$00000032)
    .ARM.Collect$$libinit$$00000033          0x08000150   Section        2  libinit2.o(.ARM.Collect$$libinit$$00000033)
    .ARM.Collect$$libshutdown$$00000000      0x08000152   Section        2  libshutdown.o(.ARM.Collect$$libshutdown$$00000000)
    .ARM.Collect$$libshutdown$$00000002      0x08000154   Section        0  libshutdown2.o(.ARM.Collect$$libshutdown$$00000002)
    .ARM.Collect$$libshutdown$$00000004      0x08000154   Section        0  libshutdown2.o(.ARM.Collect$$libshutdown$$00000004)
    .ARM.Collect$$libshutdown$$00000007      0x08000154   Section        0  libshutdown2.o(.ARM.Collect$$libshutdown$$00000007)
    .ARM.Collect$$libshutdown$$0000000A      0x08000154   Section        0  libshutdown2.o(.ARM.Collect$$libshutdown$$0000000A)
    .ARM.Collect$$libshutdown$$0000000C      0x08000154   Section        0  libshutdown2.o(.ARM.Collect$$libshutdown$$0000000C)
    .ARM.Collect$$libshutdown$$0000000F      0x08000154   Section        0  libshutdown2.o(.ARM.Collect$$libshutdown$$0000000F)
    .ARM.Collect$$libshutdown$$00000010      0x08000154   Section        2  libshutdown2.o(.ARM.Collect$$libshutdown$$00000010)
    .ARM.Collect$$rtentry$$00000000          0x08000156   Section        0  __rtentry.o(.ARM.Collect$$rtentry$$00000000)
    .ARM.Collect$$rtentry$$00000002          0x08000156   Section        0  __rtentry2.o(.ARM.Collect$$rtentry$$00000002)
    .ARM.Collect$$rtentry$$00000004          0x08000156   Section        6  __rtentry4.o(.ARM.Collect$$rtentry$$00000004)
    .ARM.Collect$$rtentry$$00000009          0x0800015c   Section        0  __rtentry2.o(.ARM.Collect$$rtentry$$00000009)
    .ARM.Collect$$rtentry$$0000000A          0x0800015c   Section        4  __rtentry2.o(.ARM.Collect$$rtentry$$0000000A)
    .ARM.Collect$$rtentry$$0000000C          0x08000160   Section        0  __rtentry2.o(.ARM.Collect$$rtentry$$0000000C)
    .ARM.Collect$$rtentry$$0000000D          0x08000160   Section        8  __rtentry2.o(.ARM.Collect$$rtentry$$0000000D)
    .ARM.Collect$$rtexit$$00000000           0x08000168   Section        2  rtexit.o(.ARM.Collect$$rtexit$$00000000)
    .ARM.Collect$$rtexit$$00000002           0x0800016a   Section        0  rtexit2.o(.ARM.Collect$$rtexit$$00000002)
    .ARM.Collect$$rtexit$$00000003           0x0800016a   Section        4  rtexit2.o(.ARM.Collect$$rtexit$$00000003)
    .ARM.Collect$$rtexit$$00000004           0x0800016e   Section        6  rtexit2.o(.ARM.Collect$$rtexit$$00000004)
    .text                                    0x08000174   Section       64  startup_stm32f10x_md.o(.text)
    .text                                    0x080001b4   Section        0  noretval__2sprintf.o(.text)
    .text                                    0x080001dc   Section        0  __printf.o(.text)
    .text                                    0x08000244   Section        0  _printf_dec.o(.text)
    .text                                    0x080002bc   Section        0  heapauxi.o(.text)
    .text                                    0x080002c2   Section        0  _printf_intcommon.o(.text)
    _printf_input_char                       0x08000375   Thumb Code    10  _printf_char_common.o(.text)
    .text                                    0x08000374   Section        0  _printf_char_common.o(.text)
    .text                                    0x080003a4   Section        0  _sputc.o(.text)
    .text                                    0x080003ae   Section       74  sys_stackheap_outer.o(.text)
    .text                                    0x080003f8   Section        0  exit.o(.text)
    .text                                    0x0800040c   Section        8  libspace.o(.text)
    .text                                    0x08000414   Section        0  sys_exit.o(.text)
    .text                                    0x08000420   Section        2  use_no_semi.o(.text)
    .text                                    0x08000422   Section        0  indicate_semi.o(.text)
    [Anonymous Symbol]                       0x08000424   Section        0  main.o(.text.Delay_ms)
    [Anonymous Symbol]                       0x08000440   Section        0  main.o(.text.GPIO_Config)
    [Anonymous Symbol]                       0x08000494   Section        0  stm32f10x_gpio.o(.text.GPIO_Init)
    [Anonymous Symbol]                       0x08000544   Section        0  stm32f10x_gpio.o(.text.GPIO_ReadOutputDataBit)
    [Anonymous Symbol]                       0x08000550   Section        0  stm32f10x_gpio.o(.text.GPIO_WriteBit)
    [Anonymous Symbol]                       0x0800055c   Section        0  ili9225.o(.text.ILI9225_Clear)
    [Anonymous Symbol]                       0x08000568   Section        0  ili9225.o(.text.ILI9225_ColorFromRGB)
    ILI9225_Delay                            0x08000581   Thumb Code    36  ili9225.o(.text.ILI9225_Delay)
    [Anonymous Symbol]                       0x08000580   Section        0  ili9225.o(.text.ILI9225_Delay)
    [Anonymous Symbol]                       0x080005a4   Section        0  main.o(.text.ILI9225_Demo)
    [Anonymous Symbol]                       0x08000864   Section        0  ili9225.o(.text.ILI9225_DrawChar)
    [Anonymous Symbol]                       0x08000958   Section        0  ili9225.o(.text.ILI9225_DrawCircle)
    [Anonymous Symbol]                       0x08000a94   Section        0  ili9225.o(.text.ILI9225_DrawLine)
    [Anonymous Symbol]                       0x08000b84   Section        0  ili9225.o(.text.ILI9225_DrawPixel)
    [Anonymous Symbol]                       0x08000bbc   Section        0  ili9225.o(.text.ILI9225_DrawRectangle)
    [Anonymous Symbol]                       0x08000c10   Section        0  ili9225.o(.text.ILI9225_DrawString)
    [Anonymous Symbol]                       0x08000c58   Section        0  ili9225.o(.text.ILI9225_FillCircle)
    [Anonymous Symbol]                       0x08000d50   Section        0  ili9225.o(.text.ILI9225_FillRectangle)
    [Anonymous Symbol]                       0x08000d84   Section        0  ili9225.o(.text.ILI9225_FillScreen)
    ILI9225_GPIO_Write                       0x08000db9   Thumb Code    12  ili9225.o(.text.ILI9225_GPIO_Write)
    [Anonymous Symbol]                       0x08000db8   Section        0  ili9225.o(.text.ILI9225_GPIO_Write)
    [Anonymous Symbol]                       0x08000dc4   Section        0  ili9225.o(.text.ILI9225_GetHeight)
    [Anonymous Symbol]                       0x08000dd0   Section        0  ili9225.o(.text.ILI9225_GetWidth)
    [Anonymous Symbol]                       0x08000ddc   Section        0  ili9225.o(.text.ILI9225_Init)
    ILI9225_OrientCoordinates                0x0800105d   Thumb Code   110  ili9225.o(.text.ILI9225_OrientCoordinates)
    [Anonymous Symbol]                       0x0800105c   Section        0  ili9225.o(.text.ILI9225_OrientCoordinates)
    ILI9225_Reset                            0x080010cd   Thumb Code    60  ili9225.o(.text.ILI9225_Reset)
    [Anonymous Symbol]                       0x080010cc   Section        0  ili9225.o(.text.ILI9225_Reset)
    [Anonymous Symbol]                       0x08001108   Section        0  ili9225.o(.text.ILI9225_SetBacklight)
    [Anonymous Symbol]                       0x08001124   Section        0  ili9225.o(.text.ILI9225_SetOrientation)
    [Anonymous Symbol]                       0x08001160   Section        0  ili9225.o(.text.ILI9225_SetWindow)
    ILI9225_Swap                             0x08001201   Thumb Code    10  ili9225.o(.text.ILI9225_Swap)
    [Anonymous Symbol]                       0x08001200   Section        0  ili9225.o(.text.ILI9225_Swap)
    [Anonymous Symbol]                       0x0800120c   Section        0  ili9225.o(.text.ILI9225_WriteCommand)
    [Anonymous Symbol]                       0x08001268   Section        0  ili9225.o(.text.ILI9225_WriteData)
    [Anonymous Symbol]                       0x080012ec   Section        0  ili9225.o(.text.ILI9225_WriteRegister)
    [Anonymous Symbol]                       0x08001308   Section        0  stm32f10x_rcc.o(.text.RCC_APB1PeriphClockCmd)
    [Anonymous Symbol]                       0x08001320   Section        0  stm32f10x_rcc.o(.text.RCC_APB2PeriphClockCmd)
    [Anonymous Symbol]                       0x08001338   Section        0  stm32f10x_spi.o(.text.SPI_Cmd)
    [Anonymous Symbol]                       0x0800134c   Section        0  stm32f10x_spi.o(.text.SPI_I2S_GetFlagStatus)
    [Anonymous Symbol]                       0x08001358   Section        0  stm32f10x_spi.o(.text.SPI_I2S_ReceiveData)
    [Anonymous Symbol]                       0x0800135c   Section        0  stm32f10x_spi.o(.text.SPI_I2S_SendData)
    [Anonymous Symbol]                       0x08001360   Section        0  stm32f10x_spi.o(.text.SPI_Init)
    SetSysClock                              0x080013a9   Thumb Code     8  system_stm32f10x.o(.text.SetSysClock)
    [Anonymous Symbol]                       0x080013a8   Section        0  system_stm32f10x.o(.text.SetSysClock)
    SetSysClockTo72                          0x080013b1   Thumb Code   190  system_stm32f10x.o(.text.SetSysClockTo72)
    [Anonymous Symbol]                       0x080013b0   Section        0  system_stm32f10x.o(.text.SetSysClockTo72)
    [Anonymous Symbol]                       0x08001470   Section        0  delay.o(.text.SysTick_Handler)
    [Anonymous Symbol]                       0x08001488   Section        0  main.o(.text.SystemClock_Config)
    [Anonymous Symbol]                       0x08001500   Section        0  system_stm32f10x.o(.text.SystemInit)
    [Anonymous Symbol]                       0x08001558   Section        0  main.o(.text.main)
    .bss                                     0x20000000   Section       96  libspace.o(.bss)
    TimingDelay                              0x20000060   Data           4  delay.o(.bss.TimingDelay)
    [Anonymous Symbol]                       0x20000060   Section        0  delay.o(.bss.TimingDelay)
    _maxX                                    0x20000064   Data           2  ili9225.o(.bss._maxX)
    [Anonymous Symbol]                       0x20000064   Section        0  ili9225.o(.bss._maxX)
    _maxY                                    0x20000066   Data           2  ili9225.o(.bss._maxY)
    [Anonymous Symbol]                       0x20000066   Section        0  ili9225.o(.bss._maxY)
    _orientation                             0x20000068   Data           1  ili9225.o(.bss._orientation)
    [Anonymous Symbol]                       0x20000068   Section        0  ili9225.o(.bss._orientation)
    ili9225_gpio                             0x2000006c   Data          32  ili9225.o(.bss.ili9225_gpio)
    [Anonymous Symbol]                       0x2000006c   Section        0  ili9225.o(.bss.ili9225_gpio)
    Heap_Mem                                 0x200000b0   Data         512  startup_stm32f10x_md.o(HEAP)
    HEAP                                     0x200000b0   Section      512  startup_stm32f10x_md.o(HEAP)
    Stack_Mem                                0x200002b0   Data        1024  startup_stm32f10x_md.o(STACK)
    STACK                                    0x200002b0   Section     1024  startup_stm32f10x_md.o(STACK)
    __initial_sp                             0x200006b0   Data           0  startup_stm32f10x_md.o(STACK)

    Global Symbols

    Symbol Name                              Value     Ov Type        Size  Object(Section)

    BuildAttributes$$THM_ISAv4$P$D$K$B$S$PE$A:L22UL41UL21$X:L11$S22US41US21$IEEE1$IW$~IW$USESV6$~STKCKD$USESV7$~SHL$OTIME$ROPI$EBA8$UX$STANDARDLIB$REQ8$PRES8$EABIv2 0x00000000   Number         0  anon$$obj.o ABSOLUTE
    __fp_init_empty                          0x00000000   Number         0  fpinit_empty.o ABSOLUTE
    __ARM_exceptions_init                     - Undefined Weak Reference
    __alloca_initialize                       - Undefined Weak Reference
    __arm_preinit_                            - Undefined Weak Reference
    __cpp_initialize__aeabi_                  - Undefined Weak Reference
    __cxa_finalize                            - Undefined Weak Reference
    __rt_locale                               - Undefined Weak Reference
    __sigvec_lookup                           - Undefined Weak Reference
    _atexit_init                              - Undefined Weak Reference
    _call_atexit_fns                          - Undefined Weak Reference
    _clock_init                               - Undefined Weak Reference
    _fp_trap_init                             - Undefined Weak Reference
    _fp_trap_shutdown                         - Undefined Weak Reference
    _get_lc_collate                           - Undefined Weak Reference
    _get_lc_ctype                             - Undefined Weak Reference
    _get_lc_monetary                          - Undefined Weak Reference
    _get_lc_numeric                           - Undefined Weak Reference
    _get_lc_time                              - Undefined Weak Reference
    _getenv_init                              - Undefined Weak Reference
    _handle_redirection                       - Undefined Weak Reference
    _init_alloc                               - Undefined Weak Reference
    _init_user_alloc                          - Undefined Weak Reference
    _initio                                   - Undefined Weak Reference
    _printf_post_padding                      - Undefined Weak Reference
    _printf_pre_padding                       - Undefined Weak Reference
    _printf_truncate_signed                   - Undefined Weak Reference
    _printf_truncate_unsigned                 - Undefined Weak Reference
    _rand_init                                - Undefined Weak Reference
    _signal_finish                            - Undefined Weak Reference
    _signal_init                              - Undefined Weak Reference
    _terminate_alloc                          - Undefined Weak Reference
    _terminate_user_alloc                     - Undefined Weak Reference
    _terminateio                              - Undefined Weak Reference
    __Vectors_Size                           0x000000ec   Number         0  startup_stm32f10x_md.o ABSOLUTE
    __Vectors                                0x08000000   Data           4  startup_stm32f10x_md.o(RESET)
    __Vectors_End                            0x080000ec   Data           0  startup_stm32f10x_md.o(RESET)
    __main                                   0x080000ed   Thumb Code     8  __main.o(!!!main)
    __scatterload                            0x080000f5   Thumb Code     0  __scatter.o(!!!scatter)
    __scatterload_rt2                        0x080000f5   Thumb Code    44  __scatter.o(!!!scatter)
    __scatterload_rt2_thumb_only             0x080000f5   Thumb Code     0  __scatter.o(!!!scatter)
    __scatterload_null                       0x08000103   Thumb Code     0  __scatter.o(!!!scatter)
    __scatterload_zeroinit                   0x08000129   Thumb Code    28  __scatter_zi.o(!!handler_zi)
    _printf_d                                0x08000145   Thumb Code     0  _printf_d.o(.ARM.Collect$$_printf_percent$$00000009)
    _printf_percent                          0x08000145   Thumb Code     0  _printf_percent.o(.ARM.Collect$$_printf_percent$$00000000)
    _printf_percent_end                      0x0800014b   Thumb Code     0  _printf_percent_end.o(.ARM.Collect$$_printf_percent$$00000017)
    __rt_lib_init                            0x0800014f   Thumb Code     0  libinit.o(.ARM.Collect$$libinit$$00000000)
    __rt_lib_init_alloca_1                   0x08000151   Thumb Code     0  libinit2.o(.ARM.Collect$$libinit$$0000002E)
    __rt_lib_init_argv_1                     0x08000151   Thumb Code     0  libinit2.o(.ARM.Collect$$libinit$$0000002C)
    __rt_lib_init_atexit_1                   0x08000151   Thumb Code     0  libinit2.o(.ARM.Collect$$libinit$$0000001B)
    __rt_lib_init_clock_1                    0x08000151   Thumb Code     0  libinit2.o(.ARM.Collect$$libinit$$00000021)
    __rt_lib_init_cpp_1                      0x08000151   Thumb Code     0  libinit2.o(.ARM.Collect$$libinit$$00000032)
    __rt_lib_init_exceptions_1               0x08000151   Thumb Code     0  libinit2.o(.ARM.Collect$$libinit$$00000030)
    __rt_lib_init_fp_1                       0x08000151   Thumb Code     0  libinit2.o(.ARM.Collect$$libinit$$00000002)
    __rt_lib_init_fp_trap_1                  0x08000151   Thumb Code     0  libinit2.o(.ARM.Collect$$libinit$$0000001F)
    __rt_lib_init_getenv_1                   0x08000151   Thumb Code     0  libinit2.o(.ARM.Collect$$libinit$$00000023)
    __rt_lib_init_heap_1                     0x08000151   Thumb Code     0  libinit2.o(.ARM.Collect$$libinit$$0000000A)
    __rt_lib_init_lc_collate_1               0x08000151   Thumb Code     0  libinit2.o(.ARM.Collect$$libinit$$00000011)
    __rt_lib_init_lc_ctype_1                 0x08000151   Thumb Code     0  libinit2.o(.ARM.Collect$$libinit$$00000013)
    __rt_lib_init_lc_monetary_1              0x08000151   Thumb Code     0  libinit2.o(.ARM.Collect$$libinit$$00000015)
    __rt_lib_init_lc_numeric_1               0x08000151   Thumb Code     0  libinit2.o(.ARM.Collect$$libinit$$00000017)
    __rt_lib_init_lc_time_1                  0x08000151   Thumb Code     0  libinit2.o(.ARM.Collect$$libinit$$00000019)
    __rt_lib_init_preinit_1                  0x08000151   Thumb Code     0  libinit2.o(.ARM.Collect$$libinit$$00000004)
    __rt_lib_init_rand_1                     0x08000151   Thumb Code     0  libinit2.o(.ARM.Collect$$libinit$$0000000E)
    __rt_lib_init_return                     0x08000151   Thumb Code     0  libinit2.o(.ARM.Collect$$libinit$$00000033)
    __rt_lib_init_signal_1                   0x08000151   Thumb Code     0  libinit2.o(.ARM.Collect$$libinit$$0000001D)
    __rt_lib_init_stdio_1                    0x08000151   Thumb Code     0  libinit2.o(.ARM.Collect$$libinit$$00000025)
    __rt_lib_init_user_alloc_1               0x08000151   Thumb Code     0  libinit2.o(.ARM.Collect$$libinit$$0000000C)
    __rt_lib_shutdown                        0x08000153   Thumb Code     0  libshutdown.o(.ARM.Collect$$libshutdown$$00000000)
    __rt_lib_shutdown_cpp_1                  0x08000155   Thumb Code     0  libshutdown2.o(.ARM.Collect$$libshutdown$$00000002)
    __rt_lib_shutdown_fp_trap_1              0x08000155   Thumb Code     0  libshutdown2.o(.ARM.Collect$$libshutdown$$00000007)
    __rt_lib_shutdown_heap_1                 0x08000155   Thumb Code     0  libshutdown2.o(.ARM.Collect$$libshutdown$$0000000F)
    __rt_lib_shutdown_return                 0x08000155   Thumb Code     0  libshutdown2.o(.ARM.Collect$$libshutdown$$00000010)
    __rt_lib_shutdown_signal_1               0x08000155   Thumb Code     0  libshutdown2.o(.ARM.Collect$$libshutdown$$0000000A)
    __rt_lib_shutdown_stdio_1                0x08000155   Thumb Code     0  libshutdown2.o(.ARM.Collect$$libshutdown$$00000004)
    __rt_lib_shutdown_user_alloc_1           0x08000155   Thumb Code     0  libshutdown2.o(.ARM.Collect$$libshutdown$$0000000C)
    __rt_entry                               0x08000157   Thumb Code     0  __rtentry.o(.ARM.Collect$$rtentry$$00000000)
    __rt_entry_presh_1                       0x08000157   Thumb Code     0  __rtentry2.o(.ARM.Collect$$rtentry$$00000002)
    __rt_entry_sh                            0x08000157   Thumb Code     0  __rtentry4.o(.ARM.Collect$$rtentry$$00000004)
    __rt_entry_li                            0x0800015d   Thumb Code     0  __rtentry2.o(.ARM.Collect$$rtentry$$0000000A)
    __rt_entry_postsh_1                      0x0800015d   Thumb Code     0  __rtentry2.o(.ARM.Collect$$rtentry$$00000009)
    __rt_entry_main                          0x08000161   Thumb Code     0  __rtentry2.o(.ARM.Collect$$rtentry$$0000000D)
    __rt_entry_postli_1                      0x08000161   Thumb Code     0  __rtentry2.o(.ARM.Collect$$rtentry$$0000000C)
    __rt_exit                                0x08000169   Thumb Code     0  rtexit.o(.ARM.Collect$$rtexit$$00000000)
    __rt_exit_ls                             0x0800016b   Thumb Code     0  rtexit2.o(.ARM.Collect$$rtexit$$00000003)
    __rt_exit_prels_1                        0x0800016b   Thumb Code     0  rtexit2.o(.ARM.Collect$$rtexit$$00000002)
    __rt_exit_exit                           0x0800016f   Thumb Code     0  rtexit2.o(.ARM.Collect$$rtexit$$00000004)
    Reset_Handler                            0x08000175   Thumb Code     8  startup_stm32f10x_md.o(.text)
    NMI_Handler                              0x0800017d   Thumb Code     2  startup_stm32f10x_md.o(.text)
    HardFault_Handler                        0x0800017f   Thumb Code     2  startup_stm32f10x_md.o(.text)
    MemManage_Handler                        0x08000181   Thumb Code     2  startup_stm32f10x_md.o(.text)
    BusFault_Handler                         0x08000183   Thumb Code     2  startup_stm32f10x_md.o(.text)
    UsageFault_Handler                       0x08000185   Thumb Code     2  startup_stm32f10x_md.o(.text)
    SVC_Handler                              0x08000187   Thumb Code     2  startup_stm32f10x_md.o(.text)
    DebugMon_Handler                         0x08000189   Thumb Code     2  startup_stm32f10x_md.o(.text)
    PendSV_Handler                           0x0800018b   Thumb Code     2  startup_stm32f10x_md.o(.text)
    ADC1_2_IRQHandler                        0x0800018f   Thumb Code     0  startup_stm32f10x_md.o(.text)
    CAN1_RX1_IRQHandler                      0x0800018f   Thumb Code     0  startup_stm32f10x_md.o(.text)
    CAN1_SCE_IRQHandler                      0x0800018f   Thumb Code     0  startup_stm32f10x_md.o(.text)
    DMA1_Channel1_IRQHandler                 0x0800018f   Thumb Code     0  startup_stm32f10x_md.o(.text)
    DMA1_Channel2_IRQHandler                 0x0800018f   Thumb Code     0  startup_stm32f10x_md.o(.text)
    DMA1_Channel3_IRQHandler                 0x0800018f   Thumb Code     0  startup_stm32f10x_md.o(.text)
    DMA1_Channel4_IRQHandler                 0x0800018f   Thumb Code     0  startup_stm32f10x_md.o(.text)
    DMA1_Channel5_IRQHandler                 0x0800018f   Thumb Code     0  startup_stm32f10x_md.o(.text)
    DMA1_Channel6_IRQHandler                 0x0800018f   Thumb Code     0  startup_stm32f10x_md.o(.text)
    DMA1_Channel7_IRQHandler                 0x0800018f   Thumb Code     0  startup_stm32f10x_md.o(.text)
    EXTI0_IRQHandler                         0x0800018f   Thumb Code     0  startup_stm32f10x_md.o(.text)
    EXTI15_10_IRQHandler                     0x0800018f   Thumb Code     0  startup_stm32f10x_md.o(.text)
    EXTI1_IRQHandler                         0x0800018f   Thumb Code     0  startup_stm32f10x_md.o(.text)
    EXTI2_IRQHandler                         0x0800018f   Thumb Code     0  startup_stm32f10x_md.o(.text)
    EXTI3_IRQHandler                         0x0800018f   Thumb Code     0  startup_stm32f10x_md.o(.text)
    EXTI4_IRQHandler                         0x0800018f   Thumb Code     0  startup_stm32f10x_md.o(.text)
    EXTI9_5_IRQHandler                       0x0800018f   Thumb Code     0  startup_stm32f10x_md.o(.text)
    FLASH_IRQHandler                         0x0800018f   Thumb Code     0  startup_stm32f10x_md.o(.text)
    I2C1_ER_IRQHandler                       0x0800018f   Thumb Code     0  startup_stm32f10x_md.o(.text)
    I2C1_EV_IRQHandler                       0x0800018f   Thumb Code     0  startup_stm32f10x_md.o(.text)
    I2C2_ER_IRQHandler                       0x0800018f   Thumb Code     0  startup_stm32f10x_md.o(.text)
    I2C2_EV_IRQHandler                       0x0800018f   Thumb Code     0  startup_stm32f10x_md.o(.text)
    PVD_IRQHandler                           0x0800018f   Thumb Code     0  startup_stm32f10x_md.o(.text)
    RCC_IRQHandler                           0x0800018f   Thumb Code     0  startup_stm32f10x_md.o(.text)
    RTCAlarm_IRQHandler                      0x0800018f   Thumb Code     0  startup_stm32f10x_md.o(.text)
    RTC_IRQHandler                           0x0800018f   Thumb Code     0  startup_stm32f10x_md.o(.text)
    SPI1_IRQHandler                          0x0800018f   Thumb Code     0  startup_stm32f10x_md.o(.text)
    SPI2_IRQHandler                          0x0800018f   Thumb Code     0  startup_stm32f10x_md.o(.text)
    TAMPER_IRQHandler                        0x0800018f   Thumb Code     0  startup_stm32f10x_md.o(.text)
    TIM1_BRK_IRQHandler                      0x0800018f   Thumb Code     0  startup_stm32f10x_md.o(.text)
    TIM1_CC_IRQHandler                       0x0800018f   Thumb Code     0  startup_stm32f10x_md.o(.text)
    TIM1_TRG_COM_IRQHandler                  0x0800018f   Thumb Code     0  startup_stm32f10x_md.o(.text)
    TIM1_UP_IRQHandler                       0x0800018f   Thumb Code     0  startup_stm32f10x_md.o(.text)
    TIM2_IRQHandler                          0x0800018f   Thumb Code     0  startup_stm32f10x_md.o(.text)
    TIM3_IRQHandler                          0x0800018f   Thumb Code     0  startup_stm32f10x_md.o(.text)
    TIM4_IRQHandler                          0x0800018f   Thumb Code     0  startup_stm32f10x_md.o(.text)
    USART1_IRQHandler                        0x0800018f   Thumb Code     0  startup_stm32f10x_md.o(.text)
    USART2_IRQHandler                        0x0800018f   Thumb Code     0  startup_stm32f10x_md.o(.text)
    USART3_IRQHandler                        0x0800018f   Thumb Code     0  startup_stm32f10x_md.o(.text)
    USBWakeUp_IRQHandler                     0x0800018f   Thumb Code     0  startup_stm32f10x_md.o(.text)
    USB_HP_CAN1_TX_IRQHandler                0x0800018f   Thumb Code     0  startup_stm32f10x_md.o(.text)
    USB_LP_CAN1_RX0_IRQHandler               0x0800018f   Thumb Code     0  startup_stm32f10x_md.o(.text)
    WWDG_IRQHandler                          0x0800018f   Thumb Code     0  startup_stm32f10x_md.o(.text)
    __user_initial_stackheap                 0x08000191   Thumb Code     0  startup_stm32f10x_md.o(.text)
    __2sprintf                               0x080001b5   Thumb Code    34  noretval__2sprintf.o(.text)
    __printf                                 0x080001dd   Thumb Code   104  __printf.o(.text)
    _printf_int_dec                          0x08000245   Thumb Code   104  _printf_dec.o(.text)
    __use_two_region_memory                  0x080002bd   Thumb Code     2  heapauxi.o(.text)
    __rt_heap_escrow$2region                 0x080002bf   Thumb Code     2  heapauxi.o(.text)
    __rt_heap_expand$2region                 0x080002c1   Thumb Code     2  heapauxi.o(.text)
    _printf_int_common                       0x080002c3   Thumb Code   178  _printf_intcommon.o(.text)
    _printf_char_common                      0x0800037f   Thumb Code    32  _printf_char_common.o(.text)
    _sputc                                   0x080003a5   Thumb Code    10  _sputc.o(.text)
    __user_setup_stackheap                   0x080003af   Thumb Code    74  sys_stackheap_outer.o(.text)
    exit                                     0x080003f9   Thumb Code    18  exit.o(.text)
    __user_libspace                          0x0800040d   Thumb Code     8  libspace.o(.text)
    __user_perproc_libspace                  0x0800040d   Thumb Code     0  libspace.o(.text)
    __user_perthread_libspace                0x0800040d   Thumb Code     0  libspace.o(.text)
    _sys_exit                                0x08000415   Thumb Code     8  sys_exit.o(.text)
    __I$use$semihosting                      0x08000421   Thumb Code     0  use_no_semi.o(.text)
    __use_no_semihosting_swi                 0x08000421   Thumb Code     2  use_no_semi.o(.text)
    __semihosting_library_function           0x08000423   Thumb Code     0  indicate_semi.o(.text)
    Delay_ms                                 0x08000425   Thumb Code    26  main.o(.text.Delay_ms)
    GPIO_Config                              0x08000441   Thumb Code    82  main.o(.text.GPIO_Config)
    GPIO_Init                                0x08000495   Thumb Code   176  stm32f10x_gpio.o(.text.GPIO_Init)
    GPIO_ReadOutputDataBit                   0x08000545   Thumb Code    10  stm32f10x_gpio.o(.text.GPIO_ReadOutputDataBit)
    GPIO_WriteBit                            0x08000551   Thumb Code    12  stm32f10x_gpio.o(.text.GPIO_WriteBit)
    ILI9225_Clear                            0x0800055d   Thumb Code    10  ili9225.o(.text.ILI9225_Clear)
    ILI9225_ColorFromRGB                     0x08000569   Thumb Code    22  ili9225.o(.text.ILI9225_ColorFromRGB)
    ILI9225_Demo                             0x080005a5   Thumb Code   704  main.o(.text.ILI9225_Demo)
    ILI9225_DrawChar                         0x08000865   Thumb Code   244  ili9225.o(.text.ILI9225_DrawChar)
    ILI9225_DrawCircle                       0x08000959   Thumb Code   316  ili9225.o(.text.ILI9225_DrawCircle)
    ILI9225_DrawLine                         0x08000a95   Thumb Code   238  ili9225.o(.text.ILI9225_DrawLine)
    ILI9225_DrawPixel                        0x08000b85   Thumb Code    54  ili9225.o(.text.ILI9225_DrawPixel)
    ILI9225_DrawRectangle                    0x08000bbd   Thumb Code    82  ili9225.o(.text.ILI9225_DrawRectangle)
    ILI9225_DrawString                       0x08000c11   Thumb Code    70  ili9225.o(.text.ILI9225_DrawString)
    ILI9225_FillCircle                       0x08000c59   Thumb Code   248  ili9225.o(.text.ILI9225_FillCircle)
    ILI9225_FillRectangle                    0x08000d51   Thumb Code    52  ili9225.o(.text.ILI9225_FillRectangle)
    ILI9225_FillScreen                       0x08000d85   Thumb Code    50  ili9225.o(.text.ILI9225_FillScreen)
    ILI9225_GetHeight                        0x08000dc5   Thumb Code    12  ili9225.o(.text.ILI9225_GetHeight)
    ILI9225_GetWidth                         0x08000dd1   Thumb Code    12  ili9225.o(.text.ILI9225_GetWidth)
    ILI9225_Init                             0x08000ddd   Thumb Code   638  ili9225.o(.text.ILI9225_Init)
    ILI9225_SetBacklight                     0x08001109   Thumb Code    28  ili9225.o(.text.ILI9225_SetBacklight)
    ILI9225_SetOrientation                   0x08001125   Thumb Code    58  ili9225.o(.text.ILI9225_SetOrientation)
    ILI9225_SetWindow                        0x08001161   Thumb Code   160  ili9225.o(.text.ILI9225_SetWindow)
    ILI9225_WriteCommand                     0x0800120d   Thumb Code    90  ili9225.o(.text.ILI9225_WriteCommand)
    ILI9225_WriteData                        0x08001269   Thumb Code   130  ili9225.o(.text.ILI9225_WriteData)
    ILI9225_WriteRegister                    0x080012ed   Thumb Code    26  ili9225.o(.text.ILI9225_WriteRegister)
    RCC_APB1PeriphClockCmd                   0x08001309   Thumb Code    24  stm32f10x_rcc.o(.text.RCC_APB1PeriphClockCmd)
    RCC_APB2PeriphClockCmd                   0x08001321   Thumb Code    24  stm32f10x_rcc.o(.text.RCC_APB2PeriphClockCmd)
    SPI_Cmd                                  0x08001339   Thumb Code    18  stm32f10x_spi.o(.text.SPI_Cmd)
    SPI_I2S_GetFlagStatus                    0x0800134d   Thumb Code    10  stm32f10x_spi.o(.text.SPI_I2S_GetFlagStatus)
    SPI_I2S_ReceiveData                      0x08001359   Thumb Code     4  stm32f10x_spi.o(.text.SPI_I2S_ReceiveData)
    SPI_I2S_SendData                         0x0800135d   Thumb Code     4  stm32f10x_spi.o(.text.SPI_I2S_SendData)
    SPI_Init                                 0x08001361   Thumb Code    70  stm32f10x_spi.o(.text.SPI_Init)
    SysTick_Handler                          0x08001471   Thumb Code    24  delay.o(.text.SysTick_Handler)
    SystemClock_Config                       0x08001489   Thumb Code   120  main.o(.text.SystemClock_Config)
    SystemInit                               0x08001501   Thumb Code    86  system_stm32f10x.o(.text.SystemInit)
    main                                     0x08001559   Thumb Code    96  main.o(.text.main)
    Terminal11x16                            0x080015b8   Data        2212  fonts.o(.rodata.Terminal11x16)
    Terminal12x16                            0x08001e5c   Data        2404  fonts.o(.rodata.Terminal12x16)
    Terminal6x8                              0x080027c0   Data         676  fonts.o(.rodata.Terminal6x8)
    Region$$Table$$Base                      0x08002a64   Number         0  anon$$obj.o(Region$$Table)
    Region$$Table$$Limit                     0x08002a74   Number         0  anon$$obj.o(Region$$Table)
    __libspace_start                         0x20000000   Data          96  libspace.o(.bss)
    __temporary_stack_top$libspace           0x20000060   Data           0  libspace.o(.bss)
    lcd_gpio                                 0x2000008c   Data          32  main.o(.bss.lcd_gpio)



==============================================================================

Memory Map of the image

  Image Entry point : 0x080000ed

  Load Region LR_IROM1 (Base: 0x08000000, Size: 0x00002a74, Max: 0x00010000, ABSOLUTE)

    Execution Region ER_IROM1 (Exec base: 0x08000000, Load base: 0x08000000, Size: 0x00002a74, Max: 0x00010000, ABSOLUTE)

    Exec Addr    Load Addr    Size         Type   Attr      Idx    E Section Name        Object

    0x08000000   0x08000000   0x000000ec   Data   RO          683    RESET               startup_stm32f10x_md.o
    0x080000ec   0x080000ec   0x00000008   Code   RO          744  * !!!main             c_w.l(__main.o)
    0x080000f4   0x080000f4   0x00000034   Code   RO          916    !!!scatter          c_w.l(__scatter.o)
    0x08000128   0x08000128   0x0000001c   Code   RO          918    !!handler_zi        c_w.l(__scatter_zi.o)
    0x08000144   0x08000144   0x00000000   Code   RO          739    .ARM.Collect$$_printf_percent$$00000000  c_w.l(_printf_percent.o)
    0x08000144   0x08000144   0x00000006   Code   RO          738    .ARM.Collect$$_printf_percent$$00000009  c_w.l(_printf_d.o)
    0x0800014a   0x0800014a   0x00000004   Code   RO          753    .ARM.Collect$$_printf_percent$$00000017  c_w.l(_printf_percent_end.o)
    0x0800014e   0x0800014e   0x00000002   Code   RO          780    .ARM.Collect$$libinit$$00000000  c_w.l(libinit.o)
    0x08000150   0x08000150   0x00000000   Code   RO          787    .ARM.Collect$$libinit$$00000002  c_w.l(libinit2.o)
    0x08000150   0x08000150   0x00000000   Code   RO          789    .ARM.Collect$$libinit$$00000004  c_w.l(libinit2.o)
    0x08000150   0x08000150   0x00000000   Code   RO          792    .ARM.Collect$$libinit$$0000000A  c_w.l(libinit2.o)
    0x08000150   0x08000150   0x00000000   Code   RO          794    .ARM.Collect$$libinit$$0000000C  c_w.l(libinit2.o)
    0x08000150   0x08000150   0x00000000   Code   RO          796    .ARM.Collect$$libinit$$0000000E  c_w.l(libinit2.o)
    0x08000150   0x08000150   0x00000000   Code   RO          799    .ARM.Collect$$libinit$$00000011  c_w.l(libinit2.o)
    0x08000150   0x08000150   0x00000000   Code   RO          801    .ARM.Collect$$libinit$$00000013  c_w.l(libinit2.o)
    0x08000150   0x08000150   0x00000000   Code   RO          803    .ARM.Collect$$libinit$$00000015  c_w.l(libinit2.o)
    0x08000150   0x08000150   0x00000000   Code   RO          805    .ARM.Collect$$libinit$$00000017  c_w.l(libinit2.o)
    0x08000150   0x08000150   0x00000000   Code   RO          807    .ARM.Collect$$libinit$$00000019  c_w.l(libinit2.o)
    0x08000150   0x08000150   0x00000000   Code   RO          809    .ARM.Collect$$libinit$$0000001B  c_w.l(libinit2.o)
    0x08000150   0x08000150   0x00000000   Code   RO          811    .ARM.Collect$$libinit$$0000001D  c_w.l(libinit2.o)
    0x08000150   0x08000150   0x00000000   Code   RO          813    .ARM.Collect$$libinit$$0000001F  c_w.l(libinit2.o)
    0x08000150   0x08000150   0x00000000   Code   RO          815    .ARM.Collect$$libinit$$00000021  c_w.l(libinit2.o)
    0x08000150   0x08000150   0x00000000   Code   RO          817    .ARM.Collect$$libinit$$00000023  c_w.l(libinit2.o)
    0x08000150   0x08000150   0x00000000   Code   RO          819    .ARM.Collect$$libinit$$00000025  c_w.l(libinit2.o)
    0x08000150   0x08000150   0x00000000   Code   RO          823    .ARM.Collect$$libinit$$0000002C  c_w.l(libinit2.o)
    0x08000150   0x08000150   0x00000000   Code   RO          825    .ARM.Collect$$libinit$$0000002E  c_w.l(libinit2.o)
    0x08000150   0x08000150   0x00000000   Code   RO          827    .ARM.Collect$$libinit$$00000030  c_w.l(libinit2.o)
    0x08000150   0x08000150   0x00000000   Code   RO          829    .ARM.Collect$$libinit$$00000032  c_w.l(libinit2.o)
    0x08000150   0x08000150   0x00000002   Code   RO          830    .ARM.Collect$$libinit$$00000033  c_w.l(libinit2.o)
    0x08000152   0x08000152   0x00000002   Code   RO          852    .ARM.Collect$$libshutdown$$00000000  c_w.l(libshutdown.o)
    0x08000154   0x08000154   0x00000000   Code   RO          867    .ARM.Collect$$libshutdown$$00000002  c_w.l(libshutdown2.o)
    0x08000154   0x08000154   0x00000000   Code   RO          869    .ARM.Collect$$libshutdown$$00000004  c_w.l(libshutdown2.o)
    0x08000154   0x08000154   0x00000000   Code   RO          872    .ARM.Collect$$libshutdown$$00000007  c_w.l(libshutdown2.o)
    0x08000154   0x08000154   0x00000000   Code   RO          875    .ARM.Collect$$libshutdown$$0000000A  c_w.l(libshutdown2.o)
    0x08000154   0x08000154   0x00000000   Code   RO          877    .ARM.Collect$$libshutdown$$0000000C  c_w.l(libshutdown2.o)
    0x08000154   0x08000154   0x00000000   Code   RO          880    .ARM.Collect$$libshutdown$$0000000F  c_w.l(libshutdown2.o)
    0x08000154   0x08000154   0x00000002   Code   RO          881    .ARM.Collect$$libshutdown$$00000010  c_w.l(libshutdown2.o)
    0x08000156   0x08000156   0x00000000   Code   RO          746    .ARM.Collect$$rtentry$$00000000  c_w.l(__rtentry.o)
    0x08000156   0x08000156   0x00000000   Code   RO          755    .ARM.Collect$$rtentry$$00000002  c_w.l(__rtentry2.o)
    0x08000156   0x08000156   0x00000006   Code   RO          767    .ARM.Collect$$rtentry$$00000004  c_w.l(__rtentry4.o)
    0x0800015c   0x0800015c   0x00000000   Code   RO          757    .ARM.Collect$$rtentry$$00000009  c_w.l(__rtentry2.o)
    0x0800015c   0x0800015c   0x00000004   Code   RO          758    .ARM.Collect$$rtentry$$0000000A  c_w.l(__rtentry2.o)
    0x08000160   0x08000160   0x00000000   Code   RO          760    .ARM.Collect$$rtentry$$0000000C  c_w.l(__rtentry2.o)
    0x08000160   0x08000160   0x00000008   Code   RO          761    .ARM.Collect$$rtentry$$0000000D  c_w.l(__rtentry2.o)
    0x08000168   0x08000168   0x00000002   Code   RO          784    .ARM.Collect$$rtexit$$00000000  c_w.l(rtexit.o)
    0x0800016a   0x0800016a   0x00000000   Code   RO          832    .ARM.Collect$$rtexit$$00000002  c_w.l(rtexit2.o)
    0x0800016a   0x0800016a   0x00000004   Code   RO          833    .ARM.Collect$$rtexit$$00000003  c_w.l(rtexit2.o)
    0x0800016e   0x0800016e   0x00000006   Code   RO          834    .ARM.Collect$$rtexit$$00000004  c_w.l(rtexit2.o)
    0x08000174   0x08000174   0x00000040   Code   RO          684    .text               startup_stm32f10x_md.o
    0x080001b4   0x080001b4   0x00000028   Code   RO          712    .text               c_w.l(noretval__2sprintf.o)
    0x080001dc   0x080001dc   0x00000068   Code   RO          714    .text               c_w.l(__printf.o)
    0x08000244   0x08000244   0x00000078   Code   RO          716    .text               c_w.l(_printf_dec.o)
    0x080002bc   0x080002bc   0x00000006   Code   RO          742    .text               c_w.l(heapauxi.o)
    0x080002c2   0x080002c2   0x000000b2   Code   RO          747    .text               c_w.l(_printf_intcommon.o)
    0x08000374   0x08000374   0x00000030   Code   RO          749    .text               c_w.l(_printf_char_common.o)
    0x080003a4   0x080003a4   0x0000000a   Code   RO          751    .text               c_w.l(_sputc.o)
    0x080003ae   0x080003ae   0x0000004a   Code   RO          771    .text               c_w.l(sys_stackheap_outer.o)
    0x080003f8   0x080003f8   0x00000012   Code   RO          773    .text               c_w.l(exit.o)
    0x0800040a   0x0800040a   0x00000002   PAD
    0x0800040c   0x0800040c   0x00000008   Code   RO          781    .text               c_w.l(libspace.o)
    0x08000414   0x08000414   0x0000000c   Code   RO          842    .text               c_w.l(sys_exit.o)
    0x08000420   0x08000420   0x00000002   Code   RO          857    .text               c_w.l(use_no_semi.o)
    0x08000422   0x08000422   0x00000000   Code   RO          859    .text               c_w.l(indicate_semi.o)
    0x08000422   0x08000422   0x00000002   PAD
    0x08000424   0x08000424   0x0000001a   Code   RO           72    .text.Delay_ms      main.o
    0x0800043e   0x0800043e   0x00000002   PAD
    0x08000440   0x08000440   0x00000052   Code   RO           68    .text.GPIO_Config   main.o
    0x08000492   0x08000492   0x00000002   PAD
    0x08000494   0x08000494   0x000000b0   Code   RO          258    .text.GPIO_Init     stm32f10x_gpio.o
    0x08000544   0x08000544   0x0000000a   Code   RO          266    .text.GPIO_ReadOutputDataBit  stm32f10x_gpio.o
    0x0800054e   0x0800054e   0x00000002   PAD
    0x08000550   0x08000550   0x0000000c   Code   RO          274    .text.GPIO_WriteBit  stm32f10x_gpio.o
    0x0800055c   0x0800055c   0x0000000a   Code   RO           14    .text.ILI9225_Clear  ili9225.o
    0x08000566   0x08000566   0x00000002   PAD
    0x08000568   0x08000568   0x00000016   Code   RO           50    .text.ILI9225_ColorFromRGB  ili9225.o
    0x0800057e   0x0800057e   0x00000002   PAD
    0x08000580   0x08000580   0x00000024   Code   RO           10    .text.ILI9225_Delay  ili9225.o
    0x080005a4   0x080005a4   0x000002c0   Code   RO           70    .text.ILI9225_Demo  main.o
    0x08000864   0x08000864   0x000000f4   Code   RO           42    .text.ILI9225_DrawChar  ili9225.o
    0x08000958   0x08000958   0x0000013c   Code   RO           38    .text.ILI9225_DrawCircle  ili9225.o
    0x08000a94   0x08000a94   0x000000ee   Code   RO           34    .text.ILI9225_DrawLine  ili9225.o
    0x08000b82   0x08000b82   0x00000002   PAD
    0x08000b84   0x08000b84   0x00000036   Code   RO           28    .text.ILI9225_DrawPixel  ili9225.o
    0x08000bba   0x08000bba   0x00000002   PAD
    0x08000bbc   0x08000bbc   0x00000052   Code   RO           36    .text.ILI9225_DrawRectangle  ili9225.o
    0x08000c0e   0x08000c0e   0x00000002   PAD
    0x08000c10   0x08000c10   0x00000046   Code   RO           44    .text.ILI9225_DrawString  ili9225.o
    0x08000c56   0x08000c56   0x00000002   PAD
    0x08000c58   0x08000c58   0x000000f8   Code   RO           40    .text.ILI9225_FillCircle  ili9225.o
    0x08000d50   0x08000d50   0x00000034   Code   RO           32    .text.ILI9225_FillRectangle  ili9225.o
    0x08000d84   0x08000d84   0x00000032   Code   RO           30    .text.ILI9225_FillScreen  ili9225.o
    0x08000db6   0x08000db6   0x00000002   PAD
    0x08000db8   0x08000db8   0x0000000c   Code   RO           18    .text.ILI9225_GPIO_Write  ili9225.o
    0x08000dc4   0x08000dc4   0x0000000c   Code   RO           48    .text.ILI9225_GetHeight  ili9225.o
    0x08000dd0   0x08000dd0   0x0000000c   Code   RO           46    .text.ILI9225_GetWidth  ili9225.o
    0x08000ddc   0x08000ddc   0x0000027e   Code   RO            2    .text.ILI9225_Init  ili9225.o
    0x0800105a   0x0800105a   0x00000002   PAD
    0x0800105c   0x0800105c   0x0000006e   Code   RO           24    .text.ILI9225_OrientCoordinates  ili9225.o
    0x080010ca   0x080010ca   0x00000002   PAD
    0x080010cc   0x080010cc   0x0000003c   Code   RO            6    .text.ILI9225_Reset  ili9225.o
    0x08001108   0x08001108   0x0000001c   Code   RO            4    .text.ILI9225_SetBacklight  ili9225.o
    0x08001124   0x08001124   0x0000003a   Code   RO           12    .text.ILI9225_SetOrientation  ili9225.o
    0x0800115e   0x0800115e   0x00000002   PAD
    0x08001160   0x08001160   0x000000a0   Code   RO           22    .text.ILI9225_SetWindow  ili9225.o
    0x08001200   0x08001200   0x0000000a   Code   RO           26    .text.ILI9225_Swap  ili9225.o
    0x0800120a   0x0800120a   0x00000002   PAD
    0x0800120c   0x0800120c   0x0000005a   Code   RO           16    .text.ILI9225_WriteCommand  ili9225.o
    0x08001266   0x08001266   0x00000002   PAD
    0x08001268   0x08001268   0x00000082   Code   RO           20    .text.ILI9225_WriteData  ili9225.o
    0x080012ea   0x080012ea   0x00000002   PAD
    0x080012ec   0x080012ec   0x0000001a   Code   RO            8    .text.ILI9225_WriteRegister  ili9225.o
    0x08001306   0x08001306   0x00000002   PAD
    0x08001308   0x08001308   0x00000018   Code   RO          344    .text.RCC_APB1PeriphClockCmd  stm32f10x_rcc.o
    0x08001320   0x08001320   0x00000018   Code   RO          342    .text.RCC_APB2PeriphClockCmd  stm32f10x_rcc.o
    0x08001338   0x08001338   0x00000012   Code   RO          382    .text.SPI_Cmd       stm32f10x_spi.o
    0x0800134a   0x0800134a   0x00000002   PAD
    0x0800134c   0x0800134c   0x0000000a   Code   RO          410    .text.SPI_I2S_GetFlagStatus  stm32f10x_spi.o
    0x08001356   0x08001356   0x00000002   PAD
    0x08001358   0x08001358   0x00000004   Code   RO          392    .text.SPI_I2S_ReceiveData  stm32f10x_spi.o
    0x0800135c   0x0800135c   0x00000004   Code   RO          390    .text.SPI_I2S_SendData  stm32f10x_spi.o
    0x08001360   0x08001360   0x00000046   Code   RO          374    .text.SPI_Init      stm32f10x_spi.o
    0x080013a6   0x080013a6   0x00000002   PAD
    0x080013a8   0x080013a8   0x00000008   Code   RO          693    .text.SetSysClock   system_stm32f10x.o
    0x080013b0   0x080013b0   0x000000be   Code   RO          697    .text.SetSysClockTo72  system_stm32f10x.o
    0x0800146e   0x0800146e   0x00000002   PAD
    0x08001470   0x08001470   0x00000018   Code   RO          101    .text.SysTick_Handler  delay.o
    0x08001488   0x08001488   0x00000078   Code   RO           66    .text.SystemClock_Config  main.o
    0x08001500   0x08001500   0x00000056   Code   RO          691    .text.SystemInit    system_stm32f10x.o
    0x08001556   0x08001556   0x00000002   PAD
    0x08001558   0x08001558   0x00000060   Code   RO           64    .text.main          main.o
    0x080015b8   0x080015b8   0x000008a4   Data   RO           89    .rodata.Terminal11x16  fonts.o
    0x08001e5c   0x08001e5c   0x00000964   Data   RO           90    .rodata.Terminal12x16  fonts.o
    0x080027c0   0x080027c0   0x000002a4   Data   RO           88    .rodata.Terminal6x8  fonts.o
    0x08002a64   0x08002a64   0x00000010   Data   RO          915    Region$$Table       anon$$obj.o


    Execution Region RW_IRAM1 (Exec base: 0x20000000, Load base: 0x08002a74, Size: 0x000006b0, Max: 0x00005000, ABSOLUTE)

    Exec Addr    Load Addr    Size         Type   Attr      Idx    E Section Name        Object

    0x20000000        -       0x00000060   Zero   RW          782    .bss                c_w.l(libspace.o)
    0x20000060        -       0x00000004   Zero   RW          109    .bss.TimingDelay    delay.o
    0x20000064        -       0x00000002   Zero   RW           53    .bss._maxX          ili9225.o
    0x20000066        -       0x00000002   Zero   RW           54    .bss._maxY          ili9225.o
    0x20000068        -       0x00000001   Zero   RW           55    .bss._orientation   ili9225.o
    0x20000069   0x08002a74   0x00000003   PAD
    0x2000006c        -       0x00000020   Zero   RW           52    .bss.ili9225_gpio   ili9225.o
    0x2000008c        -       0x00000020   Zero   RW           78    .bss.lcd_gpio       main.o
    0x200000ac   0x08002a74   0x00000004   PAD
    0x200000b0        -       0x00000200   Zero   RW          682    HEAP                startup_stm32f10x_md.o
    0x200002b0        -       0x00000400   Zero   RW          681    STACK               startup_stm32f10x_md.o


==============================================================================

Image component sizes


      Code (inc. data)   RO Data    RW Data    ZI Data      Debug   Object Name

        24          0          0          0          4       3796   delay.o
         0          0       5292          0          0        595   fonts.o
      2768          4          0          0         37      12246   ili9225.o
      1028        152          0          0         32       4672   main.o
        64         26        236          0       1536        828   startup_stm32f10x_md.o
       198          0          0          0          0       5952   stm32f10x_gpio.o
        48          0          0          0          0       7764   stm32f10x_rcc.o
       106          0          0          0          0       7068   stm32f10x_spi.o
       284          0          0          0          0       2857   system_stm32f10x.o

    ----------------------------------------------------------------------
      4564        182       5544          0       1616      45778   Object Totals
         0          0         16          0          0          0   (incl. Generated)
        44          0          0          0          7          0   (incl. Padding)

    ----------------------------------------------------------------------

      Code (inc. data)   RO Data    RW Data    ZI Data      Debug   Library Member Name

         8          0          0          0          0         68   __main.o
       104          0          0          0          0         84   __printf.o
         0          0          0          0          0          0   __rtentry.o
        12          0          0          0          0          0   __rtentry2.o
         6          0          0          0          0          0   __rtentry4.o
        52          8          0          0          0          0   __scatter.o
        28          0          0          0          0          0   __scatter_zi.o
        48          6          0          0          0         96   _printf_char_common.o
         6          0          0          0          0          0   _printf_d.o
       120         16          0          0          0         92   _printf_dec.o
       178          0          0          0          0         88   _printf_intcommon.o
         0          0          0          0          0          0   _printf_percent.o
         4          0          0          0          0          0   _printf_percent_end.o
        10          0          0          0          0         68   _sputc.o
        18          0          0          0          0         80   exit.o
         6          0          0          0          0        152   heapauxi.o
         0          0          0          0          0          0   indicate_semi.o
         2          0          0          0          0          0   libinit.o
         2          0          0          0          0          0   libinit2.o
         2          0          0          0          0          0   libshutdown.o
         2          0          0          0          0          0   libshutdown2.o
         8          4          0          0         96         68   libspace.o
        40          6          0          0          0         84   noretval__2sprintf.o
         2          0          0          0          0          0   rtexit.o
        10          0          0          0          0          0   rtexit2.o
        12          4          0          0          0         68   sys_exit.o
        74          0          0          0          0         80   sys_stackheap_outer.o
         2          0          0          0          0         68   use_no_semi.o

    ----------------------------------------------------------------------
       760         44          0          0         96       1096   Library Totals
         4          0          0          0          0          0   (incl. Padding)

    ----------------------------------------------------------------------

      Code (inc. data)   RO Data    RW Data    ZI Data      Debug   Library Name

       756         44          0          0         96       1096   c_w.l

    ----------------------------------------------------------------------
       760         44          0          0         96       1096   Library Totals

    ----------------------------------------------------------------------

==============================================================================


      Code (inc. data)   RO Data    RW Data    ZI Data      Debug   

      5324        226       5544          0       1712      46266   Grand Totals
      5324        226       5544          0       1712      46266   ELF Image Totals
      5324        226       5544          0          0          0   ROM Totals

==============================================================================

    Total RO  Size (Code + RO Data)                10868 (  10.61kB)
    Total RW  Size (RW Data + ZI Data)              1712 (   1.67kB)
    Total ROM Size (Code + RO Data + RW Data)      10868 (  10.61kB)

==============================================================================

