Component: ARM Compiler 6.14 Tool: armlink [5db06800]

==============================================================================

Section Cross References

    main.o(.text) refers (Special) to _printf_d.o(.ARM.Collect$$_printf_percent$$00000009) for _printf_d
    main.o(.text) refers (Special) to _printf_f.o(.ARM.Collect$$_printf_percent$$00000003) for _printf_f
    main.o(.text) refers (Special) to printf1.o(x$fpl$printf1) for _printf_fp_dec
    main.o(.text) refers (Special) to _printf_dec.o(.text) for _printf_int_dec
    main.o(.text) refers (Special) to _printf_percent.o(.ARM.Collect$$_printf_percent$$00000000) for _printf_percent
    main.o(.text.ErrorBlink) refers (Special) to _printf_d.o(.ARM.Collect$$_printf_percent$$00000009) for _printf_d
    main.o(.text.ErrorBlink) refers (Special) to _printf_f.o(.ARM.Collect$$_printf_percent$$00000003) for _printf_f
    main.o(.text.ErrorBlink) refers (Special) to printf1.o(x$fpl$printf1) for _printf_fp_dec
    main.o(.text.ErrorBlink) refers (Special) to _printf_dec.o(.text) for _printf_int_dec
    main.o(.text.ErrorBlink) refers (Special) to _printf_percent.o(.ARM.Collect$$_printf_percent$$00000000) for _printf_percent
    main.o(.text.ErrorBlink) refers to stm32f10x_gpio.o(.text.GPIO_WriteBit) for GPIO_WriteBit
    main.o(.text.ErrorBlink) refers to main.o(.text.Delay_ms) for Delay_ms
    main.o(.ARM.exidx.text.ErrorBlink) refers (Special) to _printf_d.o(.ARM.Collect$$_printf_percent$$00000009) for _printf_d
    main.o(.ARM.exidx.text.ErrorBlink) refers (Special) to _printf_f.o(.ARM.Collect$$_printf_percent$$00000003) for _printf_f
    main.o(.ARM.exidx.text.ErrorBlink) refers (Special) to printf1.o(x$fpl$printf1) for _printf_fp_dec
    main.o(.ARM.exidx.text.ErrorBlink) refers (Special) to _printf_dec.o(.text) for _printf_int_dec
    main.o(.ARM.exidx.text.ErrorBlink) refers (Special) to _printf_percent.o(.ARM.Collect$$_printf_percent$$00000000) for _printf_percent
    main.o(.ARM.exidx.text.ErrorBlink) refers to main.o(.text.ErrorBlink) for [Anonymous Symbol]
    main.o(.text.Delay_ms) refers (Special) to _printf_d.o(.ARM.Collect$$_printf_percent$$00000009) for _printf_d
    main.o(.text.Delay_ms) refers (Special) to _printf_f.o(.ARM.Collect$$_printf_percent$$00000003) for _printf_f
    main.o(.text.Delay_ms) refers (Special) to printf1.o(x$fpl$printf1) for _printf_fp_dec
    main.o(.text.Delay_ms) refers (Special) to _printf_dec.o(.text) for _printf_int_dec
    main.o(.text.Delay_ms) refers (Special) to _printf_percent.o(.ARM.Collect$$_printf_percent$$00000000) for _printf_percent
    main.o(.text.Delay_ms) refers to main.o(.bss.tick_count) for tick_count
    main.o(.ARM.exidx.text.Delay_ms) refers (Special) to _printf_d.o(.ARM.Collect$$_printf_percent$$00000009) for _printf_d
    main.o(.ARM.exidx.text.Delay_ms) refers (Special) to _printf_f.o(.ARM.Collect$$_printf_percent$$00000003) for _printf_f
    main.o(.ARM.exidx.text.Delay_ms) refers (Special) to printf1.o(x$fpl$printf1) for _printf_fp_dec
    main.o(.ARM.exidx.text.Delay_ms) refers (Special) to _printf_dec.o(.text) for _printf_int_dec
    main.o(.ARM.exidx.text.Delay_ms) refers (Special) to _printf_percent.o(.ARM.Collect$$_printf_percent$$00000000) for _printf_percent
    main.o(.ARM.exidx.text.Delay_ms) refers to main.o(.text.Delay_ms) for [Anonymous Symbol]
    main.o(.text.main) refers (Special) to _printf_d.o(.ARM.Collect$$_printf_percent$$00000009) for _printf_d
    main.o(.text.main) refers (Special) to _printf_f.o(.ARM.Collect$$_printf_percent$$00000003) for _printf_f
    main.o(.text.main) refers (Special) to printf1.o(x$fpl$printf1) for _printf_fp_dec
    main.o(.text.main) refers (Special) to _printf_dec.o(.text) for _printf_int_dec
    main.o(.text.main) refers (Special) to _printf_percent.o(.ARM.Collect$$_printf_percent$$00000000) for _printf_percent
    main.o(.text.main) refers to main.o(.text.SystemClock_Config) for SystemClock_Config
    main.o(.text.main) refers to main.o(.text.SysTick_Init) for SysTick_Init
    main.o(.text.main) refers to gpio.o(.text.GPIO_Config) for GPIO_Config
    main.o(.text.main) refers to i2c.o(.text.I2C1_Config) for I2C1_Config
    main.o(.text.main) refers to i2c.o(.text.I2C2_Config) for I2C2_Config
    main.o(.text.main) refers to ssd1306.o(.text.SSD1306_Config) for SSD1306_Config
    main.o(.text.main) refers to i2c.o(.text.MPU6050_Configuration) for MPU6050_Configuration
    main.o(.text.main) refers to i2c.o(.text.I2C_ReadByteFromSlave) for I2C_ReadByteFromSlave
    main.o(.text.main) refers to ssd1306.o(.text.SSD1306_GotoXY) for SSD1306_GotoXY
    main.o(.text.main) refers to fonts.o(.data.Font_7x10) for Font_7x10
    main.o(.text.main) refers to ssd1306.o(.text.SSD1306_Puts) for SSD1306_Puts
    main.o(.text.main) refers to main.o(.rodata.str1.1) for .L.str.1
    main.o(.text.main) refers to ssd1306.o(.text.SSD1306_UpdateScreen) for SSD1306_UpdateScreen
[...]
    Removing stm32f10x_usart.o(.ARM.exidx.text.USART_SendData), (8 bytes).
    Removing stm32f10x_usart.o(.text.USART_ReceiveData), (8 bytes).
    Removing stm32f10x_usart.o(.ARM.exidx.text.USART_ReceiveData), (8 bytes).
    Removing stm32f10x_usart.o(.text.USART_SendBreak), (10 bytes).
    Removing stm32f10x_usart.o(.ARM.exidx.text.USART_SendBreak), (8 bytes).
    Removing stm32f10x_usart.o(.text.USART_SetGuardTime), (16 bytes).
    Removing stm32f10x_usart.o(.ARM.exidx.text.USART_SetGuardTime), (8 bytes).
    Removing stm32f10x_usart.o(.text.USART_SetPrescaler), (16 bytes).
    Removing stm32f10x_usart.o(.ARM.exidx.text.USART_SetPrescaler), (8 bytes).
    Removing stm32f10x_usart.o(.text.USART_SmartCardCmd), (18 bytes).
    Removing stm32f10x_usart.o(.ARM.exidx.text.USART_SmartCardCmd), (8 bytes).
    Removing stm32f10x_usart.o(.text.USART_SmartCardNACKCmd), (18 bytes).
    Removing stm32f10x_usart.o(.ARM.exidx.text.USART_SmartCardNACKCmd), (8 bytes).
    Removing stm32f10x_usart.o(.text.USART_HalfDuplexCmd), (18 bytes).
    Removing stm32f10x_usart.o(.ARM.exidx.text.USART_HalfDuplexCmd), (8 bytes).
    Removing stm32f10x_usart.o(.text.USART_OverSampling8Cmd), (20 bytes).
    Removing stm32f10x_usart.o(.ARM.exidx.text.USART_OverSampling8Cmd), (8 bytes).
    Removing stm32f10x_usart.o(.text.USART_OneBitMethodCmd), (18 bytes).
    Removing stm32f10x_usart.o(.ARM.exidx.text.USART_OneBitMethodCmd), (8 bytes).
    Removing stm32f10x_usart.o(.text.USART_IrDAConfig), (16 bytes).
    Removing stm32f10x_usart.o(.ARM.exidx.text.USART_IrDAConfig), (8 bytes).
    Removing stm32f10x_usart.o(.text.USART_IrDACmd), (18 bytes).
    Removing stm32f10x_usart.o(.ARM.exidx.text.USART_IrDACmd), (8 bytes).
    Removing stm32f10x_usart.o(.text.USART_GetFlagStatus), (10 bytes).
    Removing stm32f10x_usart.o(.ARM.exidx.text.USART_GetFlagStatus), (8 bytes).
    Removing stm32f10x_usart.o(.text.USART_ClearFlag), (6 bytes).
    Removing stm32f10x_usart.o(.ARM.exidx.text.USART_ClearFlag), (8 bytes).
    Removing stm32f10x_usart.o(.text.USART_GetITStatus), (58 bytes).
    Removing stm32f10x_usart.o(.ARM.exidx.text.USART_GetITStatus), (8 bytes).
    Removing stm32f10x_usart.o(.text.USART_ClearITPendingBit), (14 bytes).
    Removing stm32f10x_usart.o(.ARM.exidx.text.USART_ClearITPendingBit), (8 bytes).
    Removing system_stm32f10x.o(.text), (0 bytes).
    Removing system_stm32f10x.o(.ARM.exidx.text.SystemInit), (8 bytes).
    Removing system_stm32f10x.o(.ARM.exidx.text.SetSysClock), (8 bytes).
    Removing system_stm32f10x.o(.text.SystemCoreClockUpdate), (110 bytes).
    Removing system_stm32f10x.o(.ARM.exidx.text.SystemCoreClockUpdate), (8 bytes).
    Removing system_stm32f10x.o(.ARM.exidx.text.SetSysClockTo72), (8 bytes).
    Removing system_stm32f10x.o(.rodata.AHBPrescTable), (16 bytes).

653 unused section(s) (total 13824 bytes) removed from the image.

==============================================================================

Image Symbol Table

    Local Symbols

    Symbol Name                              Value     Ov Type        Size  Object(Section)

    ../clib/angel/boardlib.s                 0x00000000   Number         0  boardinit1.o ABSOLUTE
    ../clib/angel/boardlib.s                 0x00000000   Number         0  boardinit2.o ABSOLUTE
    ../clib/angel/boardlib.s                 0x00000000   Number         0  boardinit3.o ABSOLUTE
    ../clib/angel/boardlib.s                 0x00000000   Number         0  boardshut.o ABSOLUTE
    ../clib/angel/handlers.s                 0x00000000   Number         0  __scatter_copy.o ABSOLUTE
    ../clib/angel/handlers.s                 0x00000000   Number         0  __scatter_zi.o ABSOLUTE
    ../clib/angel/kernel.s                   0x00000000   Number         0  __rtentry.o ABSOLUTE
    ../clib/angel/kernel.s                   0x00000000   Number         0  __rtentry2.o ABSOLUTE
    ../clib/angel/kernel.s                   0x00000000   Number         0  __rtentry4.o ABSOLUTE
    ../clib/angel/kernel.s                   0x00000000   Number         0  rtexit.o ABSOLUTE
    ../clib/angel/kernel.s                   0x00000000   Number         0  rtexit2.o ABSOLUTE
    ../clib/angel/rt.s                       0x00000000   Number         0  rt_locale.o ABSOLUTE
    ../clib/angel/rt.s                       0x00000000   Number         0  rt_locale_intlibspace.o ABSOLUTE
    ../clib/angel/rt.s                       0x00000000   Number         0  rt_raise.o ABSOLUTE
    ../clib/angel/scatter.s                  0x00000000   Number         0  __scatter.o ABSOLUTE
    ../clib/angel/startup.s                  0x00000000   Number         0  __main.o ABSOLUTE
    ../clib/angel/sys.s                      0x00000000   Number         0  libspace.o ABSOLUTE
    ../clib/angel/sys.s                      0x00000000   Number         0  sys_stackheap_outer.o ABSOLUTE
    ../clib/angel/sys.s                      0x00000000   Number         0  use_no_semi.o ABSOLUTE
    ../clib/angel/sys.s                      0x00000000   Number         0  indicate_semi.o ABSOLUTE
    ../clib/angel/sysapp.c                   0x00000000   Number         0  sys_command.o ABSOLUTE
    ../clib/angel/sysapp.c                   0x00000000   Number         0  sys_exit.o ABSOLUTE
    ../clib/angel/sysapp.c                   0x00000000   Number         0  sys_command_hlt.o ABSOLUTE
    ../clib/angel/sysapp.c                   0x00000000   Number         0  sys_exit_hlt.o ABSOLUTE
    ../clib/angel/sysapp.c                   0x00000000   Number         0  sys_wrch.o ABSOLUTE
    ../clib/angel/sysapp.c                   0x00000000   Number         0  sys_wrch_hlt.o ABSOLUTE
    ../clib/armsys.c                         0x00000000   Number         0  argv_veneer.o ABSOLUTE
    ../clib/armsys.c                         0x00000000   Number         0  argv_veneer.o ABSOLUTE
    ../clib/armsys.c                         0x00000000   Number         0  _get_argv_nomalloc.o ABSOLUTE
    ../clib/armsys.c                         0x00000000   Number         0  no_argv.o ABSOLUTE
    ../clib/bigflt.c                         0x00000000   Number         0  bigflt0.o ABSOLUTE
    ../clib/btod.s                           0x00000000   Number         0  btod.o ABSOLUTE
    ../clib/btod_accurate.c                  0x00000000   Number         0  btod_accurate.o ABSOLUTE
    ../clib/btod_accurate.c                  0x00000000   Number         0  btod_accurate_common.o ABSOLUTE
    ../clib/heapalloc.c                      0x00000000   Number         0  hrguard.o ABSOLUTE
    ../clib/heapaux.c                        0x00000000   Number         0  heapauxi.o ABSOLUTE
    ../clib/libinit.s                        0x00000000   Number         0  libinit.o ABSOLUTE
    ../clib/libinit.s                        0x00000000   Number         0  libinit2.o ABSOLUTE
    ../clib/libinit.s                        0x00000000   Number         0  libshutdown.o ABSOLUTE
    ../clib/libinit.s                        0x00000000   Number         0  libshutdown2.o ABSOLUTE
    ../clib/locale.s                         0x00000000   Number         0  lc_numeric_c.o ABSOLUTE
    ../clib/longlong.s                       0x00000000   Number         0  lludiv10.o ABSOLUTE
    ../clib/longlong.s                       0x00000000   Number         0  llushr.o ABSOLUTE
    ../clib/memcpset.s                       0x00000000   Number         0  aeabi_memset4.o ABSOLUTE
    ../clib/memcpset.s                       0x00000000   Number         0  rt_memclr_w.o ABSOLUTE
    ../clib/memcpset.s                       0x00000000   Number         0  strcmpv7m.o ABSOLUTE
    ../clib/misc.s                           0x00000000   Number         0  printf_stubs.o ABSOLUTE
    ../clib/printf.c                         0x00000000   Number         0  __2snprintf.o ABSOLUTE
    ../clib/printf.c                         0x00000000   Number         0  noretval__2snprintf.o ABSOLUTE
    ../clib/printf.c                         0x00000000   Number         0  __printf.o ABSOLUTE
    ../clib/printf.c                         0x00000000   Number         0  _printf_dec.o ABSOLUTE
    ../clib/printf.c                         0x00000000   Number         0  __printf_flags.o ABSOLUTE
    ../clib/printf.c                         0x00000000   Number         0  __printf_ss.o ABSOLUTE
    ../clib/printf.c                         0x00000000   Number         0  __printf_flags_ss.o ABSOLUTE
    ../clib/printf.c                         0x00000000   Number         0  __printf_wp.o ABSOLUTE
    ../clib/printf.c                         0x00000000   Number         0  __printf_flags_wp.o ABSOLUTE
    ../clib/printf.c                         0x00000000   Number         0  __printf_ss_wp.o ABSOLUTE
    ../clib/printf.c                         0x00000000   Number         0  __printf_flags_ss_wp.o ABSOLUTE
    ../clib/printf.c                         0x00000000   Number         0  _printf_intcommon.o ABSOLUTE
    ../clib/printf.c                         0x00000000   Number         0  _printf_fp_dec.o ABSOLUTE
    ../clib/printf.c                         0x00000000   Number         0  _printf_fp_dec_accurate.o ABSOLUTE
    ../clib/printf.c                         0x00000000   Number         0  _printf_char_common.o ABSOLUTE
    ../clib/printf.c                         0x00000000   Number         0  _sputc.o ABSOLUTE
    ../clib/printf.c                         0x00000000   Number         0  _snputc.o ABSOLUTE
    ../clib/printf.c                         0x00000000   Number         0  _printf_fp_infnan.o ABSOLUTE
    ../clib/printf.c                         0x00000000   Number         0  __printf_nopercent.o ABSOLUTE
    ../clib/printf_percent.s                 0x00000000   Number         0  _printf_d.o ABSOLUTE
    ../clib/printf_percent.s                 0x00000000   Number         0  _printf_f.o ABSOLUTE
    ../clib/printf_percent.s                 0x00000000   Number         0  _printf_percent.o ABSOLUTE
    ../clib/printf_percent.s                 0x00000000   Number         0  _printf_percent_end.o ABSOLUTE
    ../clib/signal.c                         0x00000000   Number         0  defsig_rtmem_outer.o ABSOLUTE
    ../clib/signal.c                         0x00000000   Number         0  defsig_rtmem_formal.o ABSOLUTE
    ../clib/signal.c                         0x00000000   Number         0  defsig_exit.o ABSOLUTE
    ../clib/signal.c                         0x00000000   Number         0  defsig_rtmem_inner.o ABSOLUTE
    ../clib/signal.c                         0x00000000   Number         0  __raise.o ABSOLUTE
    ../clib/signal.c                         0x00000000   Number         0  defsig_general.o ABSOLUTE
    ../clib/signal.c                         0x00000000   Number         0  defsig_abrt_inner.o ABSOLUTE
    ../clib/signal.c                         0x00000000   Number         0  defsig_fpe_inner.o ABSOLUTE
    ../clib/signal.c                         0x00000000   Number         0  defsig_rtred_inner.o ABSOLUTE
    ../clib/signal.c                         0x00000000   Number         0  defsig_stak_inner.o ABSOLUTE
    ../clib/signal.c                         0x00000000   Number         0  defsig_pvfn_inner.o ABSOLUTE
    ../clib/signal.c                         0x00000000   Number         0  defsig_cppl_inner.o ABSOLUTE
    ../clib/signal.c                         0x00000000   Number         0  defsig_segv_inner.o ABSOLUTE
    ../clib/signal.c                         0x00000000   Number         0  defsig_other.o ABSOLUTE
    ../clib/signal.s                         0x00000000   Number         0  defsig.o ABSOLUTE
    ../clib/stdlib.c                         0x00000000   Number         0  exit.o ABSOLUTE
    ../clib/string.c                         0x00000000   Number         0  strlen.o ABSOLUTE
    ../fplib/d2f.s                           0x00000000   Number         0  d2f.o ABSOLUTE
    ../fplib/daddsub.s                       0x00000000   Number         0  daddsub_clz.o ABSOLUTE
    ../fplib/ddiv.s                          0x00000000   Number         0  ddiv.o ABSOLUTE
    ../fplib/dfix.s                          0x00000000   Number         0  dfix.o ABSOLUTE
    ../fplib/dflt.s                          0x00000000   Number         0  dflt_clz.o ABSOLUTE
    ../fplib/dmul.s                          0x00000000   Number         0  dmul.o ABSOLUTE
    ../fplib/dnaninf.s                       0x00000000   Number         0  dnaninf.o ABSOLUTE
    ../fplib/dretinf.s                       0x00000000   Number         0  dretinf.o ABSOLUTE
    ../fplib/f2d.s                           0x00000000   Number         0  f2d.o ABSOLUTE
    ../fplib/fnaninf.s                       0x00000000   Number         0  fnaninf.o ABSOLUTE
    ../fplib/fpinit.s                        0x00000000   Number         0  fpinit.o ABSOLUTE
    ../fplib/fpinit_empty.s                  0x00000000   Number         0  fpinit_empty.o ABSOLUTE
    ../fplib/fretinf.s                       0x00000000   Number         0  fretinf.o ABSOLUTE
    ../fplib/istatus.s                       0x00000000   Number         0  istatus.o ABSOLUTE
    ../fplib/printf1.s                       0x00000000   Number         0  printf1.o ABSOLUTE
    ../fplib/usenofp.s                       0x00000000   Number         0  usenofp.o ABSOLUTE
    ../mathlib/fpclassify.c                  0x00000000   Number         0  fpclassify.o ABSOLUTE
    RTE/Device/STM32F103C8/startup_stm32f10x_md.s 0x00000000   Number         0  startup_stm32f10x_md.o ABSOLUTE
    dc.s                                     0x00000000   Number         0  dc.o ABSOLUTE
    fonts.c                                  0x00000000   Number         0  fonts.o ABSOLUTE
    gpio.c                                   0x00000000   Number         0  gpio.o ABSOLUTE
    i2c.c                                    0x00000000   Number         0  i2c.o ABSOLUTE
    main.c                                   0x00000000   Number         0  main.o ABSOLUTE
    misc.c                                   0x00000000   Number         0  misc.o ABSOLUTE
    ssd1306.c                                0x00000000   Number         0  ssd1306.o ABSOLUTE
    stm32f10x_dma.c                          0x00000000   Number         0  stm32f10x_dma.o ABSOLUTE
    stm32f10x_exti.c                         0x00000000   Number         0  stm32f10x_exti.o ABSOLUTE
    stm32f10x_flash.c                        0x00000000   Number         0  stm32f10x_flash.o ABSOLUTE
    stm32f10x_gpio.c                         0x00000000   Number         0  stm32f10x_gpio.o ABSOLUTE
    stm32f10x_i2c.c                          0x00000000   Number         0  stm32f10x_i2c.o ABSOLUTE
    stm32f10x_rcc.c                          0x00000000   Number         0  stm32f10x_rcc.o ABSOLUTE
    stm32f10x_rtc.c                          0x00000000   Number         0  stm32f10x_rtc.o ABSOLUTE
    stm32f10x_spi.c                          0x00000000   Number         0  stm32f10x_spi.o ABSOLUTE
    stm32f10x_tim.c                          0x00000000   Number         0  stm32f10x_tim.o ABSOLUTE
    stm32f10x_usart.c                        0x00000000   Number         0  stm32f10x_usart.o ABSOLUTE
    system_stm32f10x.c                       0x00000000   Number         0  system_stm32f10x.o ABSOLUTE
    RESET                                    0x08000000   Section      236  startup_stm32f10x_md.o(RESET)
    !!!main                                  0x080000ec   Section        8  __main.o(!!!main)
    !!!scatter                               0x080000f4   Section       52  __scatter.o(!!!scatter)
    !!handler_copy                           0x08000128   Section       26  __scatter_copy.o(!!handler_copy)
    !!handler_zi                             0x08000144   Section       28  __scatter_zi.o(!!handler_zi)
    .ARM.Collect$$_printf_percent$$00000000  0x08000160   Section        0  _printf_percent.o(.ARM.Collect$$_printf_percent$$00000000)
    .ARM.Collect$$_printf_percent$$00000003  0x08000160   Section        6  _printf_f.o(.ARM.Collect$$_printf_percent$$00000003)
    .ARM.Collect$$_printf_percent$$00000009  0x08000166   Section        6  _printf_d.o(.ARM.Collect$$_printf_percent$$00000009)
    .ARM.Collect$$_printf_percent$$00000017  0x0800016c   Section        4  _printf_percent_end.o(.ARM.Collect$$_printf_percent$$00000017)
    .ARM.Collect$$libinit$$00000000          0x08000170   Section        2  libinit.o(.ARM.Collect$$libinit$$00000000)
    .ARM.Collect$$libinit$$00000002          0x08000172   Section        0  libinit2.o(.ARM.Collect$$libinit$$00000002)
    .ARM.Collect$$libinit$$00000004          0x08000172   Section        0  libinit2.o(.ARM.Collect$$libinit$$00000004)
    .ARM.Collect$$libinit$$0000000A          0x08000172   Section        0  libinit2.o(.ARM.Collect$$libinit$$0000000A)
    .ARM.Collect$$libinit$$0000000C          0x08000172   Section        0  libinit2.o(.ARM.Collect$$libinit$$0000000C)
    .ARM.Collect$$libinit$$0000000E          0x08000172   Section        0  libinit2.o(.ARM.Collect$$libinit$$0000000E)
    .ARM.Collect$$libinit$$0000000F          0x08000172   Section        6  libinit2.o(.ARM.Collect$$libinit$$0000000F)
    .ARM.Collect$$libinit$$00000011          0x08000178   Section        0  libinit2.o(.ARM.Collect$$libinit$$00000011)
    .ARM.Collect$$libinit$$00000013          0x08000178   Section        0  libinit2.o(.ARM.Collect$$libinit$$00000013)
    .ARM.Collect$$libinit$$00000015          0x08000178   Section        0  libinit2.o(.ARM.Collect$$libinit$$00000015)
    .ARM.Collect$$libinit$$00000016          0x08000178   Section       10  libinit2.o(.ARM.Collect$$libinit$$00000016)
    .ARM.Collect$$libinit$$00000017          0x08000182   Section        0  libinit2.o(.ARM.Collect$$libinit$$00000017)
    .ARM.Collect$$libinit$$00000019          0x08000182   Section        0  libinit2.o(.ARM.Collect$$libinit$$00000019)
    .ARM.Collect$$libinit$$0000001B          0x08000182   Section        0  libinit2.o(.ARM.Collect$$libinit$$0000001B)
    .ARM.Collect$$libinit$$0000001D          0x08000182   Section        0  libinit2.o(.ARM.Collect$$libinit$$0000001D)
    .ARM.Collect$$libinit$$0000001F          0x08000182   Section        0  libinit2.o(.ARM.Collect$$libinit$$0000001F)
    .ARM.Collect$$libinit$$00000021          0x08000182   Section        0  libinit2.o(.ARM.Collect$$libinit$$00000021)
    .ARM.Collect$$libinit$$00000023          0x08000182   Section        0  libinit2.o(.ARM.Collect$$libinit$$00000023)
    .ARM.Collect$$libinit$$00000025          0x08000182   Section        0  libinit2.o(.ARM.Collect$$libinit$$00000025)
    .ARM.Collect$$libinit$$0000002C          0x08000182   Section        0  libinit2.o(.ARM.Collect$$libinit$$0000002C)
    .ARM.Collect$$libinit$$0000002E          0x08000182   Section        0  libinit2.o(.ARM.Collect$$libinit$$0000002E)
    .ARM.Collect$$libinit$$00000030          0x08000182   Section        0  libinit2.o(.ARM.Collect$$libinit$$00000030)
    .ARM.Collect$$libinit$$00000032          0x08000182   Section        0  libinit2.o(.ARM.Collect$$libinit$$00000032)
    .ARM.Collect$$libinit$$00000033          0x08000182   Section        2  libinit2.o(.ARM.Collect$$libinit$$00000033)
    .ARM.Collect$$libshutdown$$00000000      0x08000184   Section        2  libshutdown.o(.ARM.Collect$$libshutdown$$00000000)
    .ARM.Collect$$libshutdown$$00000002      0x08000186   Section        0  libshutdown2.o(.ARM.Collect$$libshutdown$$00000002)
    .ARM.Collect$$libshutdown$$00000004      0x08000186   Section        0  libshutdown2.o(.ARM.Collect$$libshutdown$$00000004)
    .ARM.Collect$$libshutdown$$00000007      0x08000186   Section        0  libshutdown2.o(.ARM.Collect$$libshutdown$$00000007)
    .ARM.Collect$$libshutdown$$0000000A      0x08000186   Section        0  libshutdown2.o(.ARM.Collect$$libshutdown$$0000000A)
    .ARM.Collect$$libshutdown$$0000000C      0x08000186   Section        0  libshutdown2.o(.ARM.Collect$$libshutdown$$0000000C)
    .ARM.Collect$$libshutdown$$0000000F      0x08000186   Section        0  libshutdown2.o(.ARM.Collect$$libshutdown$$0000000F)
    .ARM.Collect$$libshutdown$$00000010      0x08000186   Section        2  libshutdown2.o(.ARM.Collect$$libshutdown$$00000010)
    .ARM.Collect$$rtentry$$00000000          0x08000188   Section        0  __rtentry.o(.ARM.Collect$$rtentry$$00000000)
    .ARM.Collect$$rtentry$$00000002          0x08000188   Section        0  __rtentry2.o(.ARM.Collect$$rtentry$$00000002)
    .ARM.Collect$$rtentry$$00000004          0x08000188   Section        6  __rtentry4.o(.ARM.Collect$$rtentry$$00000004)
    .ARM.Collect$$rtentry$$00000009          0x0800018e   Section        0  __rtentry2.o(.ARM.Collect$$rtentry$$00000009)
    .ARM.Collect$$rtentry$$0000000A          0x0800018e   Section        4  __rtentry2.o(.ARM.Collect$$rtentry$$0000000A)
    .ARM.Collect$$rtentry$$0000000C          0x08000192   Section        0  __rtentry2.o(.ARM.Collect$$rtentry$$0000000C)
    .ARM.Collect$$rtentry$$0000000D          0x08000192   Section        8  __rtentry2.o(.ARM.Collect$$rtentry$$0000000D)
    .ARM.Collect$$rtexit$$00000000           0x0800019a   Section        2  rtexit.o(.ARM.Collect$$rtexit$$00000000)
    .ARM.Collect$$rtexit$$00000002           0x0800019c   Section        0  rtexit2.o(.ARM.Collect$$rtexit$$00000002)
    .ARM.Collect$$rtexit$$00000003           0x0800019c   Section        4  rtexit2.o(.ARM.Collect$$rtexit$$00000003)
    .ARM.Collect$$rtexit$$00000004           0x080001a0   Section        6  rtexit2.o(.ARM.Collect$$rtexit$$00000004)
    .text                                    0x080001a8   Section       64  startup_stm32f10x_md.o(.text)
    .text                                    0x080001e8   Section        0  noretval__2snprintf.o(.text)
    .text                                    0x0800021c   Section        0  _printf_dec.o(.text)
    .text                                    0x08000294   Section        0  __printf_wp.o(.text)
    .text                                    0x080003a2   Section       16  aeabi_memset4.o(.text)
    .text                                    0x080003b2   Section       78  rt_memclr_w.o(.text)
    .text                                    0x08000400   Section        0  heapauxi.o(.text)
    .text                                    0x08000406   Section        0  _printf_intcommon.o(.text)
    _fp_digits                               0x080004b9   Thumb Code   432  _printf_fp_dec.o(.text)
    .text                                    0x080004b8   Section        0  _printf_fp_dec.o(.text)
    _printf_input_char                       0x080008d5   Thumb Code    10  _printf_char_common.o(.text)
    .text                                    0x080008d4   Section        0  _printf_char_common.o(.text)
    .text                                    0x08000904   Section        0  _sputc.o(.text)
    .text                                    0x0800090e   Section        0  _snputc.o(.text)
    .text                                    0x08000920   Section        8  rt_locale_intlibspace.o(.text)
    .text                                    0x08000928   Section      138  lludiv10.o(.text)
    .text                                    0x080009b4   Section        0  _printf_fp_infnan.o(.text)
    .text                                    0x08000a34   Section        0  bigflt0.o(.text)
    .text                                    0x08000b18   Section        8  libspace.o(.text)
    .text                                    0x08000b20   Section       74  sys_stackheap_outer.o(.text)
    .text                                    0x08000b6a   Section        0  exit.o(.text)
    .text                                    0x08000b7c   Section      128  strcmpv7m.o(.text)
    .text                                    0x08000bfc   Section        0  sys_exit.o(.text)
    .text                                    0x08000c08   Section        2  use_no_semi.o(.text)
    .text                                    0x08000c0a   Section        0  indicate_semi.o(.text)
    [Anonymous Symbol]                       0x08000c0c   Section        0  main.o(.text.Delay_ms)
    [Anonymous Symbol]                       0x08000c20   Section        0  main.o(.text.ErrorBlink)
    [Anonymous Symbol]                       0x08000c64   Section        0  stm32f10x_flash.o(.text.FLASH_SetLatency)
    [Anonymous Symbol]                       0x08000c78   Section        0  gpio.o(.text.GPIO_Config)
    [Anonymous Symbol]                       0x08000cb0   Section        0  stm32f10x_gpio.o(.text.GPIO_Init)
    [Anonymous Symbol]                       0x08000d60   Section        0  stm32f10x_gpio.o(.text.GPIO_WriteBit)
    [Anonymous Symbol]                       0x08000d6c   Section        0  i2c.o(.text.I2C1_Config)
    [Anonymous Symbol]                       0x08000dd0   Section        0  i2c.o(.text.I2C2_Config)
    [Anonymous Symbol]                       0x08000e38   Section        0  stm32f10x_i2c.o(.text.I2C_AcknowledgeConfig)
    [Anonymous Symbol]                       0x08000e4c   Section        0  stm32f10x_i2c.o(.text.I2C_CheckEvent)
    [Anonymous Symbol]                       0x08000e64   Section        0  stm32f10x_i2c.o(.text.I2C_Cmd)
    [Anonymous Symbol]                       0x08000e78   Section        0  stm32f10x_i2c.o(.text.I2C_GenerateSTART)
    [Anonymous Symbol]                       0x08000e8c   Section        0  stm32f10x_i2c.o(.text.I2C_GenerateSTOP)
    [Anonymous Symbol]                       0x08000ea0   Section        0  stm32f10x_i2c.o(.text.I2C_Init)
    [Anonymous Symbol]                       0x08000f6c   Section        0  i2c.o(.text.I2C_ReadByteFromSlave)
    [Anonymous Symbol]                       0x080010a0   Section        0  stm32f10x_i2c.o(.text.I2C_ReceiveData)
    [Anonymous Symbol]                       0x080010a8   Section        0  stm32f10x_i2c.o(.text.I2C_Send7bitAddress)
    [Anonymous Symbol]                       0x080010b8   Section        0  stm32f10x_i2c.o(.text.I2C_SendData)
    [Anonymous Symbol]                       0x080010bc   Section        0  i2c.o(.text.I2C_WriteByteToSlave)
    [Anonymous Symbol]                       0x08001190   Section        0  i2c.o(.text.MPU6050_Configuration)
    [Anonymous Symbol]                       0x080011c8   Section        0  i2c.o(.text.MPU6050_GetData)
    [Anonymous Symbol]                       0x08001208   Section        0  stm32f10x_rcc.o(.text.RCC_APB1PeriphClockCmd)
    [Anonymous Symbol]                       0x08001220   Section        0  stm32f10x_rcc.o(.text.RCC_APB2PeriphClockCmd)
    [Anonymous Symbol]                       0x08001238   Section        0  stm32f10x_rcc.o(.text.RCC_DeInit)
    [Anonymous Symbol]                       0x0800127c   Section        0  stm32f10x_rcc.o(.text.RCC_GetClocksFreq)
    [Anonymous Symbol]                       0x0800131c   Section        0  stm32f10x_rcc.o(.text.RCC_GetFlagStatus)
    [Anonymous Symbol]                       0x08001348   Section        0  stm32f10x_rcc.o(.text.RCC_GetSYSCLKSource)
    [Anonymous Symbol]                       0x08001358   Section        0  stm32f10x_rcc.o(.text.RCC_HCLKConfig)
    [Anonymous Symbol]                       0x0800136c   Section        0  stm32f10x_rcc.o(.text.RCC_HSEConfig)
    [Anonymous Symbol]                       0x080013a0   Section        0  stm32f10x_rcc.o(.text.RCC_PCLK1Config)
    [Anonymous Symbol]                       0x080013b4   Section        0  stm32f10x_rcc.o(.text.RCC_PCLK2Config)
    [Anonymous Symbol]                       0x080013cc   Section        0  stm32f10x_rcc.o(.text.RCC_PLLCmd)
    [Anonymous Symbol]                       0x080013d8   Section        0  stm32f10x_rcc.o(.text.RCC_PLLConfig)
    [Anonymous Symbol]                       0x080013f0   Section        0  stm32f10x_rcc.o(.text.RCC_SYSCLKConfig)
    [Anonymous Symbol]                       0x08001404   Section        0  ssd1306.o(.text.SSD1306_Config)
    [Anonymous Symbol]                       0x08001560   Section        0  ssd1306.o(.text.SSD1306_DrawPixel)
    [Anonymous Symbol]                       0x080015b0   Section        0  ssd1306.o(.text.SSD1306_Fill)
    [Anonymous Symbol]                       0x080015cc   Section        0  ssd1306.o(.text.SSD1306_GotoXY)
    [Anonymous Symbol]                       0x080015e4   Section        0  ssd1306.o(.text.SSD1306_I2C_Config)
    [Anonymous Symbol]                       0x080015ec   Section        0  ssd1306.o(.text.SSD1306_I2C_Write)
    [Anonymous Symbol]                       0x080016b8   Section        0  ssd1306.o(.text.SSD1306_I2C_WriteMulti)
    [Anonymous Symbol]                       0x0800179c   Section        0  ssd1306.o(.text.SSD1306_IsDeviceReady)
    [Anonymous Symbol]                       0x08001810   Section        0  ssd1306.o(.text.SSD1306_Putc)
    [Anonymous Symbol]                       0x080018c0   Section        0  ssd1306.o(.text.SSD1306_Puts)
    [Anonymous Symbol]                       0x080018f0   Section        0  ssd1306.o(.text.SSD1306_UpdateScreen)
    SetSysClock                              0x08001939   Thumb Code     8  system_stm32f10x.o(.text.SetSysClock)
    [Anonymous Symbol]                       0x08001938   Section        0  system_stm32f10x.o(.text.SetSysClock)
    SetSysClockTo72                          0x08001941   Thumb Code   190  system_stm32f10x.o(.text.SetSysClockTo72)
    [Anonymous Symbol]                       0x08001940   Section        0  system_stm32f10x.o(.text.SetSysClockTo72)
    SysTick_Config                           0x08001a01   Thumb Code    40  main.o(.text.SysTick_Config)
    [Anonymous Symbol]                       0x08001a00   Section        0  main.o(.text.SysTick_Config)
    [Anonymous Symbol]                       0x08001a28   Section        0  main.o(.text.SysTick_Handler)
    [Anonymous Symbol]                       0x08001a38   Section        0  main.o(.text.SysTick_Init)
    [Anonymous Symbol]                       0x08001a60   Section        0  main.o(.text.SystemClock_Config)
    [Anonymous Symbol]                       0x08001ac0   Section        0  system_stm32f10x.o(.text.SystemInit)
    __NVIC_SetPriority                       0x08001b19   Thumb Code    14  main.o(.text.__NVIC_SetPriority)
    [Anonymous Symbol]                       0x08001b18   Section        0  main.o(.text.__NVIC_SetPriority)
    [Anonymous Symbol]                       0x08001b28   Section        0  main.o(.text.main)
    CL$$btod_d2e                             0x08001efc   Section       62  btod.o(CL$$btod_d2e)
    CL$$btod_d2e_denorm_low                  0x08001f3a   Section       70  btod.o(CL$$btod_d2e_denorm_low)
    CL$$btod_d2e_norm_op1                    0x08001f80   Section       96  btod.o(CL$$btod_d2e_norm_op1)
    CL$$btod_div_common                      0x08001fe0   Section      824  btod.o(CL$$btod_div_common)
    CL$$btod_e2e                             0x08002318   Section      220  btod.o(CL$$btod_e2e)
    CL$$btod_ediv                            0x080023f4   Section       42  btod.o(CL$$btod_ediv)
    CL$$btod_emul                            0x0800241e   Section       42  btod.o(CL$$btod_emul)
    CL$$btod_mult_common                     0x08002448   Section      580  btod.o(CL$$btod_mult_common)
    i.__ARM_fpclassify                       0x0800268c   Section        0  fpclassify.o(i.__ARM_fpclassify)
    i._is_digit                              0x080026b4   Section        0  __printf_wp.o(i._is_digit)
    locale$$code                             0x080026c4   Section       44  lc_numeric_c.o(locale$$code)
    x$fpl$d2f                                0x080026f0   Section       98  d2f.o(x$fpl$d2f)
    x$fpl$dadd                               0x08002754   Section      336  daddsub_clz.o(x$fpl$dadd)
    _dadd1                                   0x08002765   Thumb Code     0  daddsub_clz.o(x$fpl$dadd)
    x$fpl$ddiv                               0x080028a4   Section      688  ddiv.o(x$fpl$ddiv)
    ddiv_entry                               0x080028ab   Thumb Code     0  ddiv.o(x$fpl$ddiv)
    x$fpl$dfix                               0x08002b54   Section       94  dfix.o(x$fpl$dfix)
    x$fpl$dflt                               0x08002bb2   Section       46  dflt_clz.o(x$fpl$dflt)
    x$fpl$dmul                               0x08002be0   Section      340  dmul.o(x$fpl$dmul)
    x$fpl$dnaninf                            0x08002d34   Section      156  dnaninf.o(x$fpl$dnaninf)
    x$fpl$dretinf                            0x08002dd0   Section       12  dretinf.o(x$fpl$dretinf)
    x$fpl$dsub                               0x08002ddc   Section      468  daddsub_clz.o(x$fpl$dsub)
    _dsub1                                   0x08002ded   Thumb Code     0  daddsub_clz.o(x$fpl$dsub)
    x$fpl$f2d                                0x08002fb0   Section       86  f2d.o(x$fpl$f2d)
    x$fpl$fnaninf                            0x08003006   Section      140  fnaninf.o(x$fpl$fnaninf)
    x$fpl$fretinf                            0x08003092   Section       10  fretinf.o(x$fpl$fretinf)
    x$fpl$printf1                            0x0800309c   Section        4  printf1.o(x$fpl$printf1)
    tenpwrs_x                                0x080030a0   Data          60  bigflt0.o(.constdata)
    .constdata                               0x080030a0   Section      148  bigflt0.o(.constdata)
    x$fpl$usenofp                            0x080030a0   Section        0  usenofp.o(x$fpl$usenofp)
    tenpwrs_i                                0x080030dc   Data          64  bigflt0.o(.constdata)
    ADCPrescTable                            0x08003134   Data           4  stm32f10x_rcc.o(.rodata.ADCPrescTable)
    [Anonymous Symbol]                       0x08003134   Section        0  stm32f10x_rcc.o(.rodata.ADCPrescTable)
    APBAHBPrescTable                         0x08003138   Data          16  stm32f10x_rcc.o(.rodata.APBAHBPrescTable)
    [Anonymous Symbol]                       0x08003138   Section        0  stm32f10x_rcc.o(.rodata.APBAHBPrescTable)
    .L.str.7                                 0x080038b4   Data          11  main.o(.rodata.str1.1)
    [Anonymous Symbol]                       0x080038b4   Section        0  main.o(.rodata.str1.1)
    .L.str.1                                 0x080038bf   Data           2  main.o(.rodata.str1.1)
    .L.str.9                                 0x080038c1   Data           3  main.o(.rodata.str1.1)
    .L.str.8                                 0x080038c4   Data           5  main.o(.rodata.str1.1)
    locale$$data                             0x080038ec   Section       28  lc_numeric_c.o(locale$$data)
    __lcnum_c_name                           0x080038f0   Data           2  lc_numeric_c.o(locale$$data)
    __lcnum_c_start                          0x080038f8   Data           0  lc_numeric_c.o(locale$$data)
    __lcnum_c_point                          0x08003904   Data           0  lc_numeric_c.o(locale$$data)
    __lcnum_c_thousands                      0x08003906   Data           0  lc_numeric_c.o(locale$$data)
    __lcnum_c_grouping                       0x08003907   Data           0  lc_numeric_c.o(locale$$data)
    __lcnum_c_end                            0x08003908   Data           0  lc_numeric_c.o(locale$$data)
    .bss                                     0x20000010   Section       96  libspace.o(.bss)
    SSD1306.0                                0x20000070   Data           2  ssd1306.o(.bss.SSD1306.0)
    [Anonymous Symbol]                       0x20000070   Section        0  ssd1306.o(.bss.SSD1306.0)
    SSD1306.1                                0x20000072   Data           2  ssd1306.o(.bss.SSD1306.1)
    [Anonymous Symbol]                       0x20000072   Section        0  ssd1306.o(.bss.SSD1306.1)
    SSD1306.2                                0x20000074   Data           1  ssd1306.o(.bss.SSD1306.2)
    [Anonymous Symbol]                       0x20000074   Section        0  ssd1306.o(.bss.SSD1306.2)
    SSD1306_Buffer                           0x20000078   Data        1024  ssd1306.o(.bss.SSD1306_Buffer)
    [Anonymous Symbol]                       0x20000078   Section        0  ssd1306.o(.bss.SSD1306_Buffer)
    tick_count                               0x20000478   Data           4  main.o(.bss.tick_count)
    [Anonymous Symbol]                       0x20000478   Section        0  main.o(.bss.tick_count)
    Heap_Mem                                 0x20000480   Data         512  startup_stm32f10x_md.o(HEAP)
    HEAP                                     0x20000480   Section      512  startup_stm32f10x_md.o(HEAP)
    Stack_Mem                                0x20000680   Data        1024  startup_stm32f10x_md.o(STACK)
    STACK                                    0x20000680   Section     1024  startup_stm32f10x_md.o(STACK)
    __initial_sp                             0x20000a80   Data           0  startup_stm32f10x_md.o(STACK)

    Global Symbols

    Symbol Name                              Value     Ov Type        Size  Object(Section)

    BuildAttributes$$THM_ISAv4$P$D$K$B$S$PE$A:L22UL41UL21$X:L11$S22US41US21$IEEE1$IW$~IW$USESV6$~STKCKD$USESV7$~SHL$OTIME$ROPI$IEEEJ$EBA8$UX$STANDARDLIB$REQ8$PRES8$EABIv2 0x00000000   Number         0  anon$$obj.o ABSOLUTE
    __fp_init_empty                          0x00000000   Number         0  fpinit_empty.o ABSOLUTE
    _printf_flags                            0x00000000   Number         0  printf_stubs.o ABSOLUTE
    _printf_return_value                     0x00000000   Number         0  printf_stubs.o ABSOLUTE
    _printf_sizespec                         0x00000000   Number         0  printf_stubs.o ABSOLUTE
    _printf_widthprec                        0x00000000   Number         0  printf_stubs.o ABSOLUTE
    __ARM_exceptions_init                     - Undefined Weak Reference
    __alloca_initialize                       - Undefined Weak Reference
    __arm_preinit_                            - Undefined Weak Reference
    __cpp_initialize__aeabi_                  - Undefined Weak Reference
    __cxa_finalize                            - Undefined Weak Reference
    __sigvec_lookup                           - Undefined Weak Reference
    _atexit_init                              - Undefined Weak Reference
    _call_atexit_fns                          - Undefined Weak Reference
    _clock_init                               - Undefined Weak Reference
    _fp_trap_init                             - Undefined Weak Reference
    _fp_trap_shutdown                         - Undefined Weak Reference
    _get_lc_collate                           - Undefined Weak Reference
    _get_lc_ctype                             - Undefined Weak Reference
    _get_lc_monetary                          - Undefined Weak Reference
    _get_lc_time                              - Undefined Weak Reference
    _getenv_init                              - Undefined Weak Reference
    _handle_redirection                       - Undefined Weak Reference
    _init_alloc                               - Undefined Weak Reference
    _init_user_alloc                          - Undefined Weak Reference
    _initio                                   - Undefined Weak Reference
    _printf_post_padding                      - Undefined Weak Reference
    _printf_pre_padding                       - Undefined Weak Reference
    _printf_truncate_signed                   - Undefined Weak Reference
    _printf_truncate_unsigned                 - Undefined Weak Reference
    _rand_init                                - Undefined Weak Reference
    _signal_finish                            - Undefined Weak Reference
    _signal_init                              - Undefined Weak Reference
    _terminate_alloc                          - Undefined Weak Reference
    _terminate_user_alloc                     - Undefined Weak Reference
    _terminateio                              - Undefined Weak Reference
    __Vectors_Size                           0x000000ec   Number         0  startup_stm32f10x_md.o ABSOLUTE
    __Vectors                                0x08000000   Data           4  startup_stm32f10x_md.o(RESET)
    __Vectors_End                            0x080000ec   Data           0  startup_stm32f10x_md.o(RESET)
    __main                                   0x080000ed   Thumb Code     8  __main.o(!!!main)
    __scatterload                            0x080000f5   Thumb Code     0  __scatter.o(!!!scatter)
    __scatterload_rt2                        0x080000f5   Thumb Code    44  __scatter.o(!!!scatter)
    __scatterload_rt2_thumb_only             0x080000f5   Thumb Code     0  __scatter.o(!!!scatter)
    __scatterload_null                       0x08000103   Thumb Code     0  __scatter.o(!!!scatter)
    __scatterload_copy                       0x08000129   Thumb Code    26  __scatter_copy.o(!!handler_copy)
    __scatterload_zeroinit                   0x08000145   Thumb Code    28  __scatter_zi.o(!!handler_zi)
    _printf_f                                0x08000161   Thumb Code     0  _printf_f.o(.ARM.Collect$$_printf_percent$$00000003)
    _printf_percent                          0x08000161   Thumb Code     0  _printf_percent.o(.ARM.Collect$$_printf_percent$$00000000)
    _printf_d                                0x08000167   Thumb Code     0  _printf_d.o(.ARM.Collect$$_printf_percent$$00000009)
    _printf_percent_end                      0x0800016d   Thumb Code     0  _printf_percent_end.o(.ARM.Collect$$_printf_percent$$00000017)
    __rt_lib_init                            0x08000171   Thumb Code     0  libinit.o(.ARM.Collect$$libinit$$00000000)
    __rt_lib_init_fp_1                       0x08000173   Thumb Code     0  libinit2.o(.ARM.Collect$$libinit$$00000002)
    __rt_lib_init_heap_1                     0x08000173   Thumb Code     0  libinit2.o(.ARM.Collect$$libinit$$0000000A)
    __rt_lib_init_lc_common                  0x08000173   Thumb Code     0  libinit2.o(.ARM.Collect$$libinit$$0000000F)
    __rt_lib_init_preinit_1                  0x08000173   Thumb Code     0  libinit2.o(.ARM.Collect$$libinit$$00000004)
    __rt_lib_init_rand_1                     0x08000173   Thumb Code     0  libinit2.o(.ARM.Collect$$libinit$$0000000E)
    __rt_lib_init_user_alloc_1               0x08000173   Thumb Code     0  libinit2.o(.ARM.Collect$$libinit$$0000000C)
    __rt_lib_init_lc_collate_1               0x08000179   Thumb Code     0  libinit2.o(.ARM.Collect$$libinit$$00000011)
    __rt_lib_init_lc_ctype_1                 0x08000179   Thumb Code     0  libinit2.o(.ARM.Collect$$libinit$$00000013)
    __rt_lib_init_lc_monetary_1              0x08000179   Thumb Code     0  libinit2.o(.ARM.Collect$$libinit$$00000015)
    __rt_lib_init_lc_numeric_2               0x08000179   Thumb Code     0  libinit2.o(.ARM.Collect$$libinit$$00000016)
    __rt_lib_init_alloca_1                   0x08000183   Thumb Code     0  libinit2.o(.ARM.Collect$$libinit$$0000002E)
    __rt_lib_init_argv_1                     0x08000183   Thumb Code     0  libinit2.o(.ARM.Collect$$libinit$$0000002C)
    __rt_lib_init_atexit_1                   0x08000183   Thumb Code     0  libinit2.o(.ARM.Collect$$libinit$$0000001B)
    __rt_lib_init_clock_1                    0x08000183   Thumb Code     0  libinit2.o(.ARM.Collect$$libinit$$00000021)
    __rt_lib_init_cpp_1                      0x08000183   Thumb Code     0  libinit2.o(.ARM.Collect$$libinit$$00000032)
    __rt_lib_init_exceptions_1               0x08000183   Thumb Code     0  libinit2.o(.ARM.Collect$$libinit$$00000030)
    __rt_lib_init_fp_trap_1                  0x08000183   Thumb Code     0  libinit2.o(.ARM.Collect$$libinit$$0000001F)
    __rt_lib_init_getenv_1                   0x08000183   Thumb Code     0  libinit2.o(.ARM.Collect$$libinit$$00000023)
    __rt_lib_init_lc_numeric_1               0x08000183   Thumb Code     0  libinit2.o(.ARM.Collect$$libinit$$00000017)
    __rt_lib_init_lc_time_1                  0x08000183   Thumb Code     0  libinit2.o(.ARM.Collect$$libinit$$00000019)
    __rt_lib_init_return                     0x08000183   Thumb Code     0  libinit2.o(.ARM.Collect$$libinit$$00000033)
    __rt_lib_init_signal_1                   0x08000183   Thumb Code     0  libinit2.o(.ARM.Collect$$libinit$$0000001D)
    __rt_lib_init_stdio_1                    0x08000183   Thumb Code     0  libinit2.o(.ARM.Collect$$libinit$$00000025)
    __rt_lib_shutdown                        0x08000185   Thumb Code     0  libshutdown.o(.ARM.Collect$$libshutdown$$00000000)
    __rt_lib_shutdown_cpp_1                  0x08000187   Thumb Code     0  libshutdown2.o(.ARM.Collect$$libshutdown$$00000002)
    __rt_lib_shutdown_fp_trap_1              0x08000187   Thumb Code     0  libshutdown2.o(.ARM.Collect$$libshutdown$$00000007)
    __rt_lib_shutdown_heap_1                 0x08000187   Thumb Code     0  libshutdown2.o(.ARM.Collect$$libshutdown$$0000000F)
    __rt_lib_shutdown_return                 0x08000187   Thumb Code     0  libshutdown2.o(.ARM.Collect$$libshutdown$$00000010)
    __rt_lib_shutdown_signal_1               0x08000187   Thumb Code     0  libshutdown2.o(.ARM.Collect$$libshutdown$$0000000A)
    __rt_lib_shutdown_stdio_1                0x08000187   Thumb Code     0  libshutdown2.o(.ARM.Collect$$libshutdown$$00000004)
    __rt_lib_shutdown_user_alloc_1           0x08000187   Thumb Code     0  libshutdown2.o(.ARM.Collect$$libshutdown$$0000000C)
    __rt_entry                               0x08000189   Thumb Code     0  __rtentry.o(.ARM.Collect$$rtentry$$00000000)
    __rt_entry_presh_1                       0x08000189   Thumb Code     0  __rtentry2.o(.ARM.Collect$$rtentry$$00000002)
    __rt_entry_sh                            0x08000189   Thumb Code     0  __rtentry4.o(.ARM.Collect$$rtentry$$00000004)
    __rt_entry_li                            0x0800018f   Thumb Code     0  __rtentry2.o(.ARM.Collect$$rtentry$$0000000A)
    __rt_entry_postsh_1                      0x0800018f   Thumb Code     0  __rtentry2.o(.ARM.Collect$$rtentry$$00000009)
    __rt_entry_main                          0x08000193   Thumb Code     0  __rtentry2.o(.ARM.Collect$$rtentry$$0000000D)
    __rt_entry_postli_1                      0x08000193   Thumb Code     0  __rtentry2.o(.ARM.Collect$$rtentry$$0000000C)
    __rt_exit                                0x0800019b   Thumb Code     0  rtexit.o(.ARM.Collect$$rtexit$$00000000)
    __rt_exit_ls                             0x0800019d   Thumb Code     0  rtexit2.o(.ARM.Collect$$rtexit$$00000003)
    __rt_exit_prels_1                        0x0800019d   Thumb Code     0  rtexit2.o(.ARM.Collect$$rtexit$$00000002)
    __rt_exit_exit                           0x080001a1   Thumb Code     0  rtexit2.o(.ARM.Collect$$rtexit$$00000004)
    Reset_Handler                            0x080001a9   Thumb Code     8  startup_stm32f10x_md.o(.text)
    NMI_Handler                              0x080001b1   Thumb Code     2  startup_stm32f10x_md.o(.text)
    HardFault_Handler                        0x080001b3   Thumb Code     2  startup_stm32f10x_md.o(.text)
    MemManage_Handler                        0x080001b5   Thumb Code     2  startup_stm32f10x_md.o(.text)
    BusFault_Handler                         0x080001b7   Thumb Code     2  startup_stm32f10x_md.o(.text)
    UsageFault_Handler                       0x080001b9   Thumb Code     2  startup_stm32f10x_md.o(.text)
    SVC_Handler                              0x080001bb   Thumb Code     2  startup_stm32f10x_md.o(.text)
    DebugMon_Handler                         0x080001bd   Thumb Code     2  startup_stm32f10x_md.o(.text)
    PendSV_Handler                           0x080001bf   Thumb Code     2  startup_stm32f10x_md.o(.text)
    ADC1_2_IRQHandler                        0x080001c3   Thumb Code     0  startup_stm32f10x_md.o(.text)
    CAN1_RX1_IRQHandler                      0x080001c3   Thumb Code     0  startup_stm32f10x_md.o(.text)
    CAN1_SCE_IRQHandler                      0x080001c3   Thumb Code     0  startup_stm32f10x_md.o(.text)
    DMA1_Channel1_IRQHandler                 0x080001c3   Thumb Code     0  startup_stm32f10x_md.o(.text)
    DMA1_Channel2_IRQHandler                 0x080001c3   Thumb Code     0  startup_stm32f10x_md.o(.text)
    DMA1_Channel3_IRQHandler                 0x080001c3   Thumb Code     0  startup_stm32f10x_md.o(.text)
    DMA1_Channel4_IRQHandler                 0x080001c3   Thumb Code     0  startup_stm32f10x_md.o(.text)
    DMA1_Channel5_IRQHandler                 0x080001c3   Thumb Code     0  startup_stm32f10x_md.o(.text)
    DMA1_Channel6_IRQHandler                 0x080001c3   Thumb Code     0  startup_stm32f10x_md.o(.text)
    DMA1_Channel7_IRQHandler                 0x080001c3   Thumb Code     0  startup_stm32f10x_md.o(.text)
    EXTI0_IRQHandler                         0x080001c3   Thumb Code     0  startup_stm32f10x_md.o(.text)
    EXTI15_10_IRQHandler                     0x080001c3   Thumb Code     0  startup_stm32f10x_md.o(.text)
    EXTI1_IRQHandler                         0x080001c3   Thumb Code     0  startup_stm32f10x_md.o(.text)
    EXTI2_IRQHandler                         0x080001c3   Thumb Code     0  startup_stm32f10x_md.o(.text)
    EXTI3_IRQHandler                         0x080001c3   Thumb Code     0  startup_stm32f10x_md.o(.text)
    EXTI4_IRQHandler                         0x080001c3   Thumb Code     0  startup_stm32f10x_md.o(.text)
    EXTI9_5_IRQHandler                       0x080001c3   Thumb Code     0  startup_stm32f10x_md.o(.text)
    FLASH_IRQHandler                         0x080001c3   Thumb Code     0  startup_stm32f10x_md.o(.text)
    I2C1_ER_IRQHandler                       0x080001c3   Thumb Code     0  startup_stm32f10x_md.o(.text)
    I2C1_EV_IRQHandler                       0x080001c3   Thumb Code     0  startup_stm32f10x_md.o(.text)
    I2C2_ER_IRQHandler                       0x080001c3   Thumb Code     0  startup_stm32f10x_md.o(.text)
    I2C2_EV_IRQHandler                       0x080001c3   Thumb Code     0  startup_stm32f10x_md.o(.text)
    PVD_IRQHandler                           0x080001c3   Thumb Code     0  startup_stm32f10x_md.o(.text)
    RCC_IRQHandler                           0x080001c3   Thumb Code     0  startup_stm32f10x_md.o(.text)
    RTCAlarm_IRQHandler                      0x080001c3   Thumb Code     0  startup_stm32f10x_md.o(.text)
    RTC_IRQHandler                           0x080001c3   Thumb Code     0  startup_stm32f10x_md.o(.text)
    SPI1_IRQHandler                          0x080001c3   Thumb Code     0  startup_stm32f10x_md.o(.text)
    SPI2_IRQHandler                          0x080001c3   Thumb Code     0  startup_stm32f10x_md.o(.text)
    TAMPER_IRQHandler                        0x080001c3   Thumb Code     0  startup_stm32f10x_md.o(.text)
    TIM1_BRK_IRQHandler                      0x080001c3   Thumb Code     0  startup_stm32f10x_md.o(.text)
    TIM1_CC_IRQHandler                       0x080001c3   Thumb Code     0  startup_stm32f10x_md.o(.text)
    TIM1_TRG_COM_IRQHandler                  0x080001c3   Thumb Code     0  startup_stm32f10x_md.o(.text)
    TIM1_UP_IRQHandler                       0x080001c3   Thumb Code     0  startup_stm32f10x_md.o(.text)
    TIM2_IRQHandler                          0x080001c3   Thumb Code     0  startup_stm32f10x_md.o(.text)
    TIM3_IRQHandler                          0x080001c3   Thumb Code     0  startup_stm32f10x_md.o(.text)
    TIM4_IRQHandler                          0x080001c3   Thumb Code     0  startup_stm32f10x_md.o(.text)
    USART1_IRQHandler                        0x080001c3   Thumb Code     0  startup_stm32f10x_md.o(.text)
    USART2_IRQHandler                        0x080001c3   Thumb Code     0  startup_stm32f10x_md.o(.text)
    USART3_IRQHandler                        0x080001c3   Thumb Code     0  startup_stm32f10x_md.o(.text)
    USBWakeUp_IRQHandler                     0x080001c3   Thumb Code     0  startup_stm32f10x_md.o(.text)
    USB_HP_CAN1_TX_IRQHandler                0x080001c3   Thumb Code     0  startup_stm32f10x_md.o(.text)
    USB_LP_CAN1_RX0_IRQHandler               0x080001c3   Thumb Code     0  startup_stm32f10x_md.o(.text)
    WWDG_IRQHandler                          0x080001c3   Thumb Code     0  startup_stm32f10x_md.o(.text)
    __user_initial_stackheap                 0x080001c5   Thumb Code     0  startup_stm32f10x_md.o(.text)
    __2snprintf                              0x080001e9   Thumb Code    48  noretval__2snprintf.o(.text)
    _printf_int_dec                          0x0800021d   Thumb Code   104  _printf_dec.o(.text)
    __printf                                 0x08000295   Thumb Code   270  __printf_wp.o(.text)
    __aeabi_memset4                          0x080003a3   Thumb Code    16  aeabi_memset4.o(.text)
    __aeabi_memset8                          0x080003a3   Thumb Code     0  aeabi_memset4.o(.text)
    __aeabi_memclr4                          0x080003b3   Thumb Code     0  rt_memclr_w.o(.text)
    __aeabi_memclr8                          0x080003b3   Thumb Code     0  rt_memclr_w.o(.text)
    __rt_memclr_w                            0x080003b3   Thumb Code    78  rt_memclr_w.o(.text)
    _memset_w                                0x080003b7   Thumb Code     0  rt_memclr_w.o(.text)
    __use_two_region_memory                  0x08000401   Thumb Code     2  heapauxi.o(.text)
    __rt_heap_escrow$2region                 0x08000403   Thumb Code     2  heapauxi.o(.text)
    __rt_heap_expand$2region                 0x08000405   Thumb Code     2  heapauxi.o(.text)
    _printf_int_common                       0x08000407   Thumb Code   178  _printf_intcommon.o(.text)
    _printf_fp_dec_real                      0x08000669   Thumb Code   620  _printf_fp_dec.o(.text)
    _printf_char_common                      0x080008df   Thumb Code    32  _printf_char_common.o(.text)
    _sputc                                   0x08000905   Thumb Code    10  _sputc.o(.text)
    _snputc                                  0x0800090f   Thumb Code    16  _snputc.o(.text)
    __rt_locale                              0x08000921   Thumb Code     8  rt_locale_intlibspace.o(.text)
    _ll_udiv10                               0x08000929   Thumb Code   138  lludiv10.o(.text)
    _printf_fp_infnan                        0x080009b5   Thumb Code   112  _printf_fp_infnan.o(.text)
    _btod_etento                             0x08000a35   Thumb Code   224  bigflt0.o(.text)
    __user_libspace                          0x08000b19   Thumb Code     8  libspace.o(.text)
    __user_perproc_libspace                  0x08000b19   Thumb Code     0  libspace.o(.text)
    __user_perthread_libspace                0x08000b19   Thumb Code     0  libspace.o(.text)
    __user_setup_stackheap                   0x08000b21   Thumb Code    74  sys_stackheap_outer.o(.text)
    exit                                     0x08000b6b   Thumb Code    18  exit.o(.text)
    strcmp                                   0x08000b7d   Thumb Code   128  strcmpv7m.o(.text)
    _sys_exit                                0x08000bfd   Thumb Code     8  sys_exit.o(.text)
    __I$use$semihosting                      0x08000c09   Thumb Code     0  use_no_semi.o(.text)
    __use_no_semihosting_swi                 0x08000c09   Thumb Code     2  use_no_semi.o(.text)
    __semihosting_library_function           0x08000c0b   Thumb Code     0  indicate_semi.o(.text)
    Delay_ms                                 0x08000c0d   Thumb Code    20  main.o(.text.Delay_ms)
    ErrorBlink                               0x08000c21   Thumb Code    66  main.o(.text.ErrorBlink)
    FLASH_SetLatency                         0x08000c65   Thumb Code    20  stm32f10x_flash.o(.text.FLASH_SetLatency)
    GPIO_Config                              0x08000c79   Thumb Code    54  gpio.o(.text.GPIO_Config)
    GPIO_Init                                0x08000cb1   Thumb Code   176  stm32f10x_gpio.o(.text.GPIO_Init)
    GPIO_WriteBit                            0x08000d61   Thumb Code    12  stm32f10x_gpio.o(.text.GPIO_WriteBit)
    I2C1_Config                              0x08000d6d   Thumb Code   100  i2c.o(.text.I2C1_Config)
    I2C2_Config                              0x08000dd1   Thumb Code   102  i2c.o(.text.I2C2_Config)
    I2C_AcknowledgeConfig                    0x08000e39   Thumb Code    18  stm32f10x_i2c.o(.text.I2C_AcknowledgeConfig)
    I2C_CheckEvent                           0x08000e4d   Thumb Code    22  stm32f10x_i2c.o(.text.I2C_CheckEvent)
    I2C_Cmd                                  0x08000e65   Thumb Code    18  stm32f10x_i2c.o(.text.I2C_Cmd)
    I2C_GenerateSTART                        0x08000e79   Thumb Code    18  stm32f10x_i2c.o(.text.I2C_GenerateSTART)
    I2C_GenerateSTOP                         0x08000e8d   Thumb Code    18  stm32f10x_i2c.o(.text.I2C_GenerateSTOP)
    I2C_Init                                 0x08000ea1   Thumb Code   204  stm32f10x_i2c.o(.text.I2C_Init)
    I2C_ReadByteFromSlave                    0x08000f6d   Thumb Code   308  i2c.o(.text.I2C_ReadByteFromSlave)
    I2C_ReceiveData                          0x080010a1   Thumb Code     6  stm32f10x_i2c.o(.text.I2C_ReceiveData)
    I2C_Send7bitAddress                      0x080010a9   Thumb Code    16  stm32f10x_i2c.o(.text.I2C_Send7bitAddress)
    I2C_SendData                             0x080010b9   Thumb Code     4  stm32f10x_i2c.o(.text.I2C_SendData)
    I2C_WriteByteToSlave                     0x080010bd   Thumb Code   212  i2c.o(.text.I2C_WriteByteToSlave)
    MPU6050_Configuration                    0x08001191   Thumb Code    54  i2c.o(.text.MPU6050_Configuration)
    MPU6050_GetData                          0x080011c9   Thumb Code    62  i2c.o(.text.MPU6050_GetData)
    RCC_APB1PeriphClockCmd                   0x08001209   Thumb Code    24  stm32f10x_rcc.o(.text.RCC_APB1PeriphClockCmd)
    RCC_APB2PeriphClockCmd                   0x08001221   Thumb Code    24  stm32f10x_rcc.o(.text.RCC_APB2PeriphClockCmd)
    RCC_DeInit                               0x08001239   Thumb Code    66  stm32f10x_rcc.o(.text.RCC_DeInit)
    RCC_GetClocksFreq                        0x0800127d   Thumb Code   160  stm32f10x_rcc.o(.text.RCC_GetClocksFreq)
    RCC_GetFlagStatus                        0x0800131d   Thumb Code    42  stm32f10x_rcc.o(.text.RCC_GetFlagStatus)
    RCC_GetSYSCLKSource                      0x08001349   Thumb Code    16  stm32f10x_rcc.o(.text.RCC_GetSYSCLKSource)
    RCC_HCLKConfig                           0x08001359   Thumb Code    20  stm32f10x_rcc.o(.text.RCC_HCLKConfig)
    RCC_HSEConfig                            0x0800136d   Thumb Code    50  stm32f10x_rcc.o(.text.RCC_HSEConfig)
    RCC_PCLK1Config                          0x080013a1   Thumb Code    20  stm32f10x_rcc.o(.text.RCC_PCLK1Config)
    RCC_PCLK2Config                          0x080013b5   Thumb Code    22  stm32f10x_rcc.o(.text.RCC_PCLK2Config)
    RCC_PLLCmd                               0x080013cd   Thumb Code    10  stm32f10x_rcc.o(.text.RCC_PLLCmd)
    RCC_PLLConfig                            0x080013d9   Thumb Code    22  stm32f10x_rcc.o(.text.RCC_PLLConfig)
    RCC_SYSCLKConfig                         0x080013f1   Thumb Code    20  stm32f10x_rcc.o(.text.RCC_SYSCLKConfig)
    SSD1306_Config                           0x08001405   Thumb Code   346  ssd1306.o(.text.SSD1306_Config)
    SSD1306_DrawPixel                        0x08001561   Thumb Code    78  ssd1306.o(.text.SSD1306_DrawPixel)
    SSD1306_Fill                             0x080015b1   Thumb Code    28  ssd1306.o(.text.SSD1306_Fill)
    SSD1306_GotoXY                           0x080015cd   Thumb Code    22  ssd1306.o(.text.SSD1306_GotoXY)
    SSD1306_I2C_Config                       0x080015e5   Thumb Code     8  ssd1306.o(.text.SSD1306_I2C_Config)
    SSD1306_I2C_Write                        0x080015ed   Thumb Code   204  ssd1306.o(.text.SSD1306_I2C_Write)
    SSD1306_I2C_WriteMulti                   0x080016b9   Thumb Code   226  ssd1306.o(.text.SSD1306_I2C_WriteMulti)
    SSD1306_IsDeviceReady                    0x0800179d   Thumb Code   116  ssd1306.o(.text.SSD1306_IsDeviceReady)
    SSD1306_Putc                             0x08001811   Thumb Code   176  ssd1306.o(.text.SSD1306_Putc)
    SSD1306_Puts                             0x080018c1   Thumb Code    46  ssd1306.o(.text.SSD1306_Puts)
    SSD1306_UpdateScreen                     0x080018f1   Thumb Code    70  ssd1306.o(.text.SSD1306_UpdateScreen)
    SysTick_Handler                          0x08001a29   Thumb Code    16  main.o(.text.SysTick_Handler)
    SysTick_Init                             0x08001a39   Thumb Code    38  main.o(.text.SysTick_Init)
    SystemClock_Config                       0x08001a61   Thumb Code    96  main.o(.text.SystemClock_Config)
    SystemInit                               0x08001ac1   Thumb Code    86  system_stm32f10x.o(.text.SystemInit)
    main                                     0x08001b29   Thumb Code   980  main.o(.text.main)
    _btod_d2e                                0x08001efd   Thumb Code    62  btod.o(CL$$btod_d2e)
    _d2e_denorm_low                          0x08001f3b   Thumb Code    70  btod.o(CL$$btod_d2e_denorm_low)
    _d2e_norm_op1                            0x08001f81   Thumb Code    96  btod.o(CL$$btod_d2e_norm_op1)
    __btod_div_common                        0x08001fe1   Thumb Code   696  btod.o(CL$$btod_div_common)
    _e2e                                     0x08002319   Thumb Code   220  btod.o(CL$$btod_e2e)
    _btod_ediv                               0x080023f5   Thumb Code    42  btod.o(CL$$btod_ediv)
    _btod_emul                               0x0800241f   Thumb Code    42  btod.o(CL$$btod_emul)
    __btod_mult_common                       0x08002449   Thumb Code   580  btod.o(CL$$btod_mult_common)
    __ARM_fpclassify                         0x0800268d   Thumb Code    40  fpclassify.o(i.__ARM_fpclassify)
    _is_digit                                0x080026b5   Thumb Code    14  __printf_wp.o(i._is_digit)
    _get_lc_numeric                          0x080026c5   Thumb Code    44  lc_numeric_c.o(locale$$code)
    __aeabi_d2f                              0x080026f1   Thumb Code     0  d2f.o(x$fpl$d2f)
    _d2f                                     0x080026f1   Thumb Code    98  d2f.o(x$fpl$d2f)
    __aeabi_dadd                             0x08002755   Thumb Code     0  daddsub_clz.o(x$fpl$dadd)
    _dadd                                    0x08002755   Thumb Code   332  daddsub_clz.o(x$fpl$dadd)
    __aeabi_ddiv                             0x080028a5   Thumb Code     0  ddiv.o(x$fpl$ddiv)
    _ddiv                                    0x080028a5   Thumb Code   552  ddiv.o(x$fpl$ddiv)
    __aeabi_d2iz                             0x08002b55   Thumb Code     0  dfix.o(x$fpl$dfix)
    _dfix                                    0x08002b55   Thumb Code    94  dfix.o(x$fpl$dfix)
    __aeabi_i2d                              0x08002bb3   Thumb Code     0  dflt_clz.o(x$fpl$dflt)
    _dflt                                    0x08002bb3   Thumb Code    46  dflt_clz.o(x$fpl$dflt)
    __aeabi_dmul                             0x08002be1   Thumb Code     0  dmul.o(x$fpl$dmul)
    _dmul                                    0x08002be1   Thumb Code   332  dmul.o(x$fpl$dmul)
    __fpl_dnaninf                            0x08002d35   Thumb Code   156  dnaninf.o(x$fpl$dnaninf)
    __fpl_dretinf                            0x08002dd1   Thumb Code    12  dretinf.o(x$fpl$dretinf)
    __aeabi_dsub                             0x08002ddd   Thumb Code     0  daddsub_clz.o(x$fpl$dsub)
    _dsub                                    0x08002ddd   Thumb Code   464  daddsub_clz.o(x$fpl$dsub)
    __aeabi_f2d                              0x08002fb1   Thumb Code     0  f2d.o(x$fpl$f2d)
    _f2d                                     0x08002fb1   Thumb Code    86  f2d.o(x$fpl$f2d)
    __fpl_fnaninf                            0x08003007   Thumb Code   140  fnaninf.o(x$fpl$fnaninf)
    __fpl_fretinf                            0x08003093   Thumb Code    10  fretinf.o(x$fpl$fretinf)
    _printf_fp_dec                           0x0800309d   Thumb Code     4  printf1.o(x$fpl$printf1)
    __I$use$fp                               0x080030a0   Number         0  usenofp.o(x$fpl$usenofp)
    Font7x10                                 0x08003148   Data        1900  fonts.o(.rodata.Font7x10)
    Region$$Table$$Base                      0x080038cc   Number         0  anon$$obj.o(Region$$Table)
    Region$$Table$$Limit                     0x080038ec   Number         0  anon$$obj.o(Region$$Table)
    Font_7x10                                0x20000000   Data           8  fonts.o(.data.Font_7x10)
    SystemCoreClock                          0x20000008   Data           4  system_stm32f10x.o(.data.SystemCoreClock)
    __libspace_start                         0x20000010   Data          96  libspace.o(.bss)
    __temporary_stack_top$libspace           0x20000070   Data           0  libspace.o(.bss)



==============================================================================

Memory Map of the image

  Image Entry point : 0x080000ed

  Load Region LR_IROM1 (Base: 0x08000000, Size: 0x00003918, Max: 0x00010000, ABSOLUTE)

    Execution Region ER_IROM1 (Exec base: 0x08000000, Load base: 0x08000000, Size: 0x00003908, Max: 0x00010000, ABSOLUTE)

    Exec Addr    Load Addr    Size         Type   Attr      Idx    E Section Name        Object

    0x08000000   0x08000000   0x000000ec   Data   RO          819    RESET               startup_stm32f10x_md.o
    0x080000ec   0x080000ec   0x00000008   Code   RO          885  * !!!main             c_w.l(__main.o)
    0x080000f4   0x080000f4   0x00000034   Code   RO         1149    !!!scatter          c_w.l(__scatter.o)
    0x08000128   0x08000128   0x0000001a   Code   RO         1151    !!handler_copy      c_w.l(__scatter_copy.o)
    0x08000142   0x08000142   0x00000002   PAD
    0x08000144   0x08000144   0x0000001c   Code   RO         1153    !!handler_zi        c_w.l(__scatter_zi.o)
    0x08000160   0x08000160   0x00000000   Code   RO          876    .ARM.Collect$$_printf_percent$$00000000  c_w.l(_printf_percent.o)
    0x08000160   0x08000160   0x00000006   Code   RO          875    .ARM.Collect$$_printf_percent$$00000003  c_w.l(_printf_f.o)
    0x08000166   0x08000166   0x00000006   Code   RO          874    .ARM.Collect$$_printf_percent$$00000009  c_w.l(_printf_d.o)
    0x0800016c   0x0800016c   0x00000004   Code   RO          928    .ARM.Collect$$_printf_percent$$00000017  c_w.l(_printf_percent_end.o)
    0x08000170   0x08000170   0x00000002   Code   RO         1014    .ARM.Collect$$libinit$$00000000  c_w.l(libinit.o)
    0x08000172   0x08000172   0x00000000   Code   RO         1016    .ARM.Collect$$libinit$$00000002  c_w.l(libinit2.o)
    0x08000172   0x08000172   0x00000000   Code   RO         1018    .ARM.Collect$$libinit$$00000004  c_w.l(libinit2.o)
    0x08000172   0x08000172   0x00000000   Code   RO         1021    .ARM.Collect$$libinit$$0000000A  c_w.l(libinit2.o)
    0x08000172   0x08000172   0x00000000   Code   RO         1023    .ARM.Collect$$libinit$$0000000C  c_w.l(libinit2.o)
    0x08000172   0x08000172   0x00000000   Code   RO         1025    .ARM.Collect$$libinit$$0000000E  c_w.l(libinit2.o)
    0x08000172   0x08000172   0x00000006   Code   RO         1026    .ARM.Collect$$libinit$$0000000F  c_w.l(libinit2.o)
    0x08000178   0x08000178   0x00000000   Code   RO         1028    .ARM.Collect$$libinit$$00000011  c_w.l(libinit2.o)
    0x08000178   0x08000178   0x00000000   Code   RO         1030    .ARM.Collect$$libinit$$00000013  c_w.l(libinit2.o)
    0x08000178   0x08000178   0x00000000   Code   RO         1032    .ARM.Collect$$libinit$$00000015  c_w.l(libinit2.o)
    0x08000178   0x08000178   0x0000000a   Code   RO         1033    .ARM.Collect$$libinit$$00000016  c_w.l(libinit2.o)
    0x08000182   0x08000182   0x00000000   Code   RO         1034    .ARM.Collect$$libinit$$00000017  c_w.l(libinit2.o)
    0x08000182   0x08000182   0x00000000   Code   RO         1036    .ARM.Collect$$libinit$$00000019  c_w.l(libinit2.o)
    0x08000182   0x08000182   0x00000000   Code   RO         1038    .ARM.Collect$$libinit$$0000001B  c_w.l(libinit2.o)
    0x08000182   0x08000182   0x00000000   Code   RO         1040    .ARM.Collect$$libinit$$0000001D  c_w.l(libinit2.o)
    0x08000182   0x08000182   0x00000000   Code   RO         1042    .ARM.Collect$$libinit$$0000001F  c_w.l(libinit2.o)
    0x08000182   0x08000182   0x00000000   Code   RO         1044    .ARM.Collect$$libinit$$00000021  c_w.l(libinit2.o)
    0x08000182   0x08000182   0x00000000   Code   RO         1046    .ARM.Collect$$libinit$$00000023  c_w.l(libinit2.o)
    0x08000182   0x08000182   0x00000000   Code   RO         1048    .ARM.Collect$$libinit$$00000025  c_w.l(libinit2.o)
    0x08000182   0x08000182   0x00000000   Code   RO         1052    .ARM.Collect$$libinit$$0000002C  c_w.l(libinit2.o)
    0x08000182   0x08000182   0x00000000   Code   RO         1054    .ARM.Collect$$libinit$$0000002E  c_w.l(libinit2.o)
    0x08000182   0x08000182   0x00000000   Code   RO         1056    .ARM.Collect$$libinit$$00000030  c_w.l(libinit2.o)
    0x08000182   0x08000182   0x00000000   Code   RO         1058    .ARM.Collect$$libinit$$00000032  c_w.l(libinit2.o)
    0x08000182   0x08000182   0x00000002   Code   RO         1059    .ARM.Collect$$libinit$$00000033  c_w.l(libinit2.o)
    0x08000184   0x08000184   0x00000002   Code   RO         1095    .ARM.Collect$$libshutdown$$00000000  c_w.l(libshutdown.o)
    0x08000186   0x08000186   0x00000000   Code   RO         1106    .ARM.Collect$$libshutdown$$00000002  c_w.l(libshutdown2.o)
    0x08000186   0x08000186   0x00000000   Code   RO         1108    .ARM.Collect$$libshutdown$$00000004  c_w.l(libshutdown2.o)
    0x08000186   0x08000186   0x00000000   Code   RO         1111    .ARM.Collect$$libshutdown$$00000007  c_w.l(libshutdown2.o)
    0x08000186   0x08000186   0x00000000   Code   RO         1114    .ARM.Collect$$libshutdown$$0000000A  c_w.l(libshutdown2.o)
    0x08000186   0x08000186   0x00000000   Code   RO         1116    .ARM.Collect$$libshutdown$$0000000C  c_w.l(libshutdown2.o)
    0x08000186   0x08000186   0x00000000   Code   RO         1119    .ARM.Collect$$libshutdown$$0000000F  c_w.l(libshutdown2.o)
    0x08000186   0x08000186   0x00000002   Code   RO         1120    .ARM.Collect$$libshutdown$$00000010  c_w.l(libshutdown2.o)
    0x08000188   0x08000188   0x00000000   Code   RO          915    .ARM.Collect$$rtentry$$00000000  c_w.l(__rtentry.o)
    0x08000188   0x08000188   0x00000000   Code   RO          939    .ARM.Collect$$rtentry$$00000002  c_w.l(__rtentry2.o)
    0x08000188   0x08000188   0x00000006   Code   RO          951    .ARM.Collect$$rtentry$$00000004  c_w.l(__rtentry4.o)
    0x0800018e   0x0800018e   0x00000000   Code   RO          941    .ARM.Collect$$rtentry$$00000009  c_w.l(__rtentry2.o)
    0x0800018e   0x0800018e   0x00000004   Code   RO          942    .ARM.Collect$$rtentry$$0000000A  c_w.l(__rtentry2.o)
    0x08000192   0x08000192   0x00000000   Code   RO          944    .ARM.Collect$$rtentry$$0000000C  c_w.l(__rtentry2.o)
    0x08000192   0x08000192   0x00000008   Code   RO          945    .ARM.Collect$$rtentry$$0000000D  c_w.l(__rtentry2.o)
    0x0800019a   0x0800019a   0x00000002   Code   RO         1060    .ARM.Collect$$rtexit$$00000000  c_w.l(rtexit.o)
    0x0800019c   0x0800019c   0x00000000   Code   RO         1069    .ARM.Collect$$rtexit$$00000002  c_w.l(rtexit2.o)
    0x0800019c   0x0800019c   0x00000004   Code   RO         1070    .ARM.Collect$$rtexit$$00000003  c_w.l(rtexit2.o)
    0x080001a0   0x080001a0   0x00000006   Code   RO         1071    .ARM.Collect$$rtexit$$00000004  c_w.l(rtexit2.o)
    0x080001a6   0x080001a6   0x00000002   PAD
    0x080001a8   0x080001a8   0x00000040   Code   RO          820    .text               startup_stm32f10x_md.o
    0x080001e8   0x080001e8   0x00000034   Code   RO          848    .text               c_w.l(noretval__2snprintf.o)
    0x0800021c   0x0800021c   0x00000078   Code   RO          852    .text               c_w.l(_printf_dec.o)
    0x08000294   0x08000294   0x0000010e   Code   RO          862    .text               c_w.l(__printf_wp.o)
    0x080003a2   0x080003a2   0x00000010   Code   RO          879    .text               c_w.l(aeabi_memset4.o)
    0x080003b2   0x080003b2   0x0000004e   Code   RO          881    .text               c_w.l(rt_memclr_w.o)
    0x08000400   0x08000400   0x00000006   Code   RO          883    .text               c_w.l(heapauxi.o)
    0x08000406   0x08000406   0x000000b2   Code   RO          916    .text               c_w.l(_printf_intcommon.o)
    0x080004b8   0x080004b8   0x0000041c   Code   RO          918    .text               c_w.l(_printf_fp_dec.o)
    0x080008d4   0x080008d4   0x00000030   Code   RO          922    .text               c_w.l(_printf_char_common.o)
    0x08000904   0x08000904   0x0000000a   Code   RO          924    .text               c_w.l(_sputc.o)
    0x0800090e   0x0800090e   0x00000010   Code   RO          926    .text               c_w.l(_snputc.o)
    0x0800091e   0x0800091e   0x00000002   PAD
    0x08000920   0x08000920   0x00000008   Code   RO          956    .text               c_w.l(rt_locale_intlibspace.o)
    0x08000928   0x08000928   0x0000008a   Code   RO          958    .text               c_w.l(lludiv10.o)
    0x080009b2   0x080009b2   0x00000002   PAD
    0x080009b4   0x080009b4   0x00000080   Code   RO          960    .text               c_w.l(_printf_fp_infnan.o)
    0x08000a34   0x08000a34   0x000000e4   Code   RO          964    .text               c_w.l(bigflt0.o)
    0x08000b18   0x08000b18   0x00000008   Code   RO          998    .text               c_w.l(libspace.o)
    0x08000b20   0x08000b20   0x0000004a   Code   RO         1001    .text               c_w.l(sys_stackheap_outer.o)
    0x08000b6a   0x08000b6a   0x00000012   Code   RO         1005    .text               c_w.l(exit.o)
    0x08000b7c   0x08000b7c   0x00000080   Code   RO         1007    .text               c_w.l(strcmpv7m.o)
    0x08000bfc   0x08000bfc   0x0000000c   Code   RO         1081    .text               c_w.l(sys_exit.o)
    0x08000c08   0x08000c08   0x00000002   Code   RO         1096    .text               c_w.l(use_no_semi.o)
    0x08000c0a   0x08000c0a   0x00000000   Code   RO         1098    .text               c_w.l(indicate_semi.o)
    0x08000c0a   0x08000c0a   0x00000002   PAD
    0x08000c0c   0x08000c0c   0x00000014   Code   RO            4    .text.Delay_ms      main.o
    0x08000c20   0x08000c20   0x00000042   Code   RO            2    .text.ErrorBlink    main.o
    0x08000c62   0x08000c62   0x00000002   PAD
    0x08000c64   0x08000c64   0x00000014   Code   RO          216    .text.FLASH_SetLatency  stm32f10x_flash.o
    0x08000c78   0x08000c78   0x00000036   Code   RO           40    .text.GPIO_Config   gpio.o
    0x08000cae   0x08000cae   0x00000002   PAD
    0x08000cb0   0x08000cb0   0x000000b0   Code   RO          284    .text.GPIO_Init     stm32f10x_gpio.o
    0x08000d60   0x08000d60   0x0000000c   Code   RO          300    .text.GPIO_WriteBit  stm32f10x_gpio.o
    0x08000d6c   0x08000d6c   0x00000064   Code   RO           48    .text.I2C1_Config   i2c.o
    0x08000dd0   0x08000dd0   0x00000066   Code   RO           50    .text.I2C2_Config   i2c.o
    0x08000e36   0x08000e36   0x00000002   PAD
    0x08000e38   0x08000e38   0x00000012   Code   RO          340    .text.I2C_AcknowledgeConfig  stm32f10x_i2c.o
    0x08000e4a   0x08000e4a   0x00000002   PAD
    0x08000e4c   0x08000e4c   0x00000016   Code   RO          378    .text.I2C_CheckEvent  stm32f10x_i2c.o
    0x08000e62   0x08000e62   0x00000002   PAD
    0x08000e64   0x08000e64   0x00000012   Code   RO          330    .text.I2C_Cmd       stm32f10x_i2c.o
    0x08000e76   0x08000e76   0x00000002   PAD
    0x08000e78   0x08000e78   0x00000012   Code   RO          336    .text.I2C_GenerateSTART  stm32f10x_i2c.o
    0x08000e8a   0x08000e8a   0x00000002   PAD
    0x08000e8c   0x08000e8c   0x00000012   Code   RO          338    .text.I2C_GenerateSTOP  stm32f10x_i2c.o
    0x08000e9e   0x08000e9e   0x00000002   PAD
    0x08000ea0   0x08000ea0   0x000000cc   Code   RO          326    .text.I2C_Init      stm32f10x_i2c.o
    0x08000f6c   0x08000f6c   0x00000134   Code   RO           56    .text.I2C_ReadByteFromSlave  i2c.o
    0x080010a0   0x080010a0   0x00000006   Code   RO          352    .text.I2C_ReceiveData  stm32f10x_i2c.o
    0x080010a6   0x080010a6   0x00000002   PAD
    0x080010a8   0x080010a8   0x00000010   Code   RO          354    .text.I2C_Send7bitAddress  stm32f10x_i2c.o
    0x080010b8   0x080010b8   0x00000004   Code   RO          350    .text.I2C_SendData  stm32f10x_i2c.o
    0x080010bc   0x080010bc   0x000000d4   Code   RO           52    .text.I2C_WriteByteToSlave  i2c.o
    0x08001190   0x08001190   0x00000036   Code   RO           64    .text.MPU6050_Configuration  i2c.o
    0x080011c6   0x080011c6   0x00000002   PAD
    0x080011c8   0x080011c8   0x0000003e   Code   RO           62    .text.MPU6050_GetData  i2c.o
    0x08001206   0x08001206   0x00000002   PAD
    0x08001208   0x08001208   0x00000018   Code   RO          444    .text.RCC_APB1PeriphClockCmd  stm32f10x_rcc.o
    0x08001220   0x08001220   0x00000018   Code   RO          442    .text.RCC_APB2PeriphClockCmd  stm32f10x_rcc.o
    0x08001238   0x08001238   0x00000042   Code   RO          398    .text.RCC_DeInit    stm32f10x_rcc.o
    0x0800127a   0x0800127a   0x00000002   PAD
    0x0800127c   0x0800127c   0x000000a0   Code   RO          438    .text.RCC_GetClocksFreq  stm32f10x_rcc.o
    0x0800131c   0x0800131c   0x0000002a   Code   RO          404    .text.RCC_GetFlagStatus  stm32f10x_rcc.o
    0x08001346   0x08001346   0x00000002   PAD
    0x08001348   0x08001348   0x00000010   Code   RO          416    .text.RCC_GetSYSCLKSource  stm32f10x_rcc.o
    0x08001358   0x08001358   0x00000014   Code   RO          418    .text.RCC_HCLKConfig  stm32f10x_rcc.o
    0x0800136c   0x0800136c   0x00000032   Code   RO          400    .text.RCC_HSEConfig  stm32f10x_rcc.o
    0x0800139e   0x0800139e   0x00000002   PAD
    0x080013a0   0x080013a0   0x00000014   Code   RO          420    .text.RCC_PCLK1Config  stm32f10x_rcc.o
    0x080013b4   0x080013b4   0x00000016   Code   RO          422    .text.RCC_PCLK2Config  stm32f10x_rcc.o
    0x080013ca   0x080013ca   0x00000002   PAD
    0x080013cc   0x080013cc   0x0000000a   Code   RO          412    .text.RCC_PLLCmd    stm32f10x_rcc.o
    0x080013d6   0x080013d6   0x00000002   PAD
    0x080013d8   0x080013d8   0x00000016   Code   RO          410    .text.RCC_PLLConfig  stm32f10x_rcc.o
    0x080013ee   0x080013ee   0x00000002   PAD
    0x080013f0   0x080013f0   0x00000014   Code   RO          414    .text.RCC_SYSCLKConfig  stm32f10x_rcc.o
    0x08001404   0x08001404   0x0000015a   Code   RO           92    .text.SSD1306_Config  ssd1306.o
    0x0800155e   0x0800155e   0x00000002   PAD
    0x08001560   0x08001560   0x0000004e   Code   RO           90    .text.SSD1306_DrawPixel  ssd1306.o
    0x080015ae   0x080015ae   0x00000002   PAD
    0x080015b0   0x080015b0   0x0000001c   Code   RO           96    .text.SSD1306_Fill  ssd1306.o
    0x080015cc   0x080015cc   0x00000016   Code   RO          104    .text.SSD1306_GotoXY  ssd1306.o
    0x080015e2   0x080015e2   0x00000002   PAD
    0x080015e4   0x080015e4   0x00000008   Code   RO          130    .text.SSD1306_I2C_Config  ssd1306.o
    0x080015ec   0x080015ec   0x000000cc   Code   RO           76    .text.SSD1306_I2C_Write  ssd1306.o
    0x080016b8   0x080016b8   0x000000e2   Code   RO          100    .text.SSD1306_I2C_WriteMulti  ssd1306.o
    0x0800179a   0x0800179a   0x00000002   PAD
    0x0800179c   0x0800179c   0x00000074   Code   RO           94    .text.SSD1306_IsDeviceReady  ssd1306.o
    0x08001810   0x08001810   0x000000b0   Code   RO          106    .text.SSD1306_Putc  ssd1306.o
    0x080018c0   0x080018c0   0x0000002e   Code   RO          108    .text.SSD1306_Puts  ssd1306.o
    0x080018ee   0x080018ee   0x00000002   PAD
    0x080018f0   0x080018f0   0x00000046   Code   RO           98    .text.SSD1306_UpdateScreen  ssd1306.o
    0x08001936   0x08001936   0x00000002   PAD
    0x08001938   0x08001938   0x00000008   Code   RO          829    .text.SetSysClock   system_stm32f10x.o
    0x08001940   0x08001940   0x000000be   Code   RO          833    .text.SetSysClockTo72  system_stm32f10x.o
    0x080019fe   0x080019fe   0x00000002   PAD
    0x08001a00   0x08001a00   0x00000028   Code   RO           12    .text.SysTick_Config  main.o
    0x08001a28   0x08001a28   0x00000010   Code   RO           14    .text.SysTick_Handler  main.o
    0x08001a38   0x08001a38   0x00000026   Code   RO           10    .text.SysTick_Init  main.o
    0x08001a5e   0x08001a5e   0x00000002   PAD
    0x08001a60   0x08001a60   0x00000060   Code   RO            8    .text.SystemClock_Config  main.o
    0x08001ac0   0x08001ac0   0x00000056   Code   RO          827    .text.SystemInit    system_stm32f10x.o
    0x08001b16   0x08001b16   0x00000002   PAD
    0x08001b18   0x08001b18   0x0000000e   Code   RO           16    .text.__NVIC_SetPriority  main.o
    0x08001b26   0x08001b26   0x00000002   PAD
    0x08001b28   0x08001b28   0x000003d4   Code   RO            6    .text.main          main.o
    0x08001efc   0x08001efc   0x0000003e   Code   RO          967    CL$$btod_d2e        c_w.l(btod.o)
    0x08001f3a   0x08001f3a   0x00000046   Code   RO          969    CL$$btod_d2e_denorm_low  c_w.l(btod.o)
    0x08001f80   0x08001f80   0x00000060   Code   RO          968    CL$$btod_d2e_norm_op1  c_w.l(btod.o)
    0x08001fe0   0x08001fe0   0x00000338   Code   RO          977    CL$$btod_div_common  c_w.l(btod.o)
    0x08002318   0x08002318   0x000000dc   Code   RO          974    CL$$btod_e2e        c_w.l(btod.o)
    0x080023f4   0x080023f4   0x0000002a   Code   RO          971    CL$$btod_ediv       c_w.l(btod.o)
    0x0800241e   0x0800241e   0x0000002a   Code   RO          970    CL$$btod_emul       c_w.l(btod.o)
    0x08002448   0x08002448   0x00000244   Code   RO          976    CL$$btod_mult_common  c_w.l(btod.o)
    0x0800268c   0x0800268c   0x00000028   Code   RO          996    i.__ARM_fpclassify  m_ws.l(fpclassify.o)
    0x080026b4   0x080026b4   0x0000000e   Code   RO          864    i._is_digit         c_w.l(__printf_wp.o)
    0x080026c2   0x080026c2   0x00000002   PAD
    0x080026c4   0x080026c4   0x0000002c   Code   RO          992    locale$$code        c_w.l(lc_numeric_c.o)
    0x080026f0   0x080026f0   0x00000062   Code   RO          887    x$fpl$d2f           fz_ws.l(d2f.o)
    0x08002752   0x08002752   0x00000002   PAD
    0x08002754   0x08002754   0x00000150   Code   RO          889    x$fpl$dadd          fz_ws.l(daddsub_clz.o)
    0x080028a4   0x080028a4   0x000002b0   Code   RO          896    x$fpl$ddiv          fz_ws.l(ddiv.o)
    0x08002b54   0x08002b54   0x0000005e   Code   RO          899    x$fpl$dfix          fz_ws.l(dfix.o)
    0x08002bb2   0x08002bb2   0x0000002e   Code   RO          904    x$fpl$dflt          fz_ws.l(dflt_clz.o)
    0x08002be0   0x08002be0   0x00000154   Code   RO          909    x$fpl$dmul          fz_ws.l(dmul.o)
    0x08002d34   0x08002d34   0x0000009c   Code   RO          929    x$fpl$dnaninf       fz_ws.l(dnaninf.o)
    0x08002dd0   0x08002dd0   0x0000000c   Code   RO          931    x$fpl$dretinf       fz_ws.l(dretinf.o)
    0x08002ddc   0x08002ddc   0x000001d4   Code   RO          891    x$fpl$dsub          fz_ws.l(daddsub_clz.o)
    0x08002fb0   0x08002fb0   0x00000056   Code   RO          911    x$fpl$f2d           fz_ws.l(f2d.o)
    0x08003006   0x08003006   0x0000008c   Code   RO          933    x$fpl$fnaninf       fz_ws.l(fnaninf.o)
    0x08003092   0x08003092   0x0000000a   Code   RO          935    x$fpl$fretinf       fz_ws.l(fretinf.o)
    0x0800309c   0x0800309c   0x00000004   Code   RO          913    x$fpl$printf1       fz_ws.l(printf1.o)
    0x080030a0   0x080030a0   0x00000000   Code   RO          937    x$fpl$usenofp       fz_ws.l(usenofp.o)
    0x080030a0   0x080030a0   0x00000094   Data   RO          965    .constdata          c_w.l(bigflt0.o)
    0x08003134   0x08003134   0x00000004   Data   RO          463    .rodata.ADCPrescTable  stm32f10x_rcc.o
    0x08003138   0x08003138   0x00000010   Data   RO          462    .rodata.APBAHBPrescTable  stm32f10x_rcc.o
    0x08003148   0x08003148   0x0000076c   Data   RO           31    .rodata.Font7x10    fonts.o
    0x080038b4   0x080038b4   0x00000015   Data   RO           18    .rodata.str1.1      main.o
    0x080038c9   0x080038c9   0x00000003   PAD
    0x080038cc   0x080038cc   0x00000020   Data   RO         1148    Region$$Table       anon$$obj.o
    0x080038ec   0x080038ec   0x0000001c   Data   RO          991    locale$$data        c_w.l(lc_numeric_c.o)


    Execution Region RW_IRAM1 (Exec base: 0x20000000, Load base: 0x08003908, Size: 0x00000a80, Max: 0x00005000, ABSOLUTE)

    Exec Addr    Load Addr    Size         Type   Attr      Idx    E Section Name        Object

    0x20000000   0x08003908   0x00000008   Data   RW           32    .data.Font_7x10     fonts.o
    0x20000008   0x08003910   0x00000004   Data   RW          835    .data.SystemCoreClock  system_stm32f10x.o
    0x2000000c   0x08003914   0x00000004   PAD
    0x20000010        -       0x00000060   Zero   RW          999    .bss                c_w.l(libspace.o)
    0x20000070        -       0x00000002   Zero   RW          133    .bss.SSD1306.0      ssd1306.o
    0x20000072        -       0x00000002   Zero   RW          134    .bss.SSD1306.1      ssd1306.o
    0x20000074        -       0x00000001   Zero   RW          135    .bss.SSD1306.2      ssd1306.o
    0x20000075   0x08003914   0x00000003   PAD
    0x20000078        -       0x00000400   Zero   RW          132    .bss.SSD1306_Buffer  ssd1306.o
    0x20000478        -       0x00000004   Zero   RW           19    .bss.tick_count     main.o
    0x2000047c   0x08003914   0x00000004   PAD
    0x20000480        -       0x00000200   Zero   RW          818    HEAP                startup_stm32f10x_md.o
    0x20000680        -       0x00000400   Zero   RW          817    STACK               startup_stm32f10x_md.o


==============================================================================

Image component sizes


      Code (inc. data)   RO Data    RW Data    ZI Data      Debug   Object Name

         0          0       1900          8          0       1027   fonts.o
        54          0          0          0          0       1525   gpio.o
       838          0          0          0          0       5199   i2c.o
      1270         48         21          0          4       5327   main.o
      1320          0          0          0       1029      12683   ssd1306.o
        64         26        236          0       1536        796   startup_stm32f10x_md.o
        20          0          0          0          0       8056   stm32f10x_flash.o
       188          0          0          0          0       5863   stm32f10x_gpio.o
       324          0          0          0          0       8411   stm32f10x_i2c.o
       496          0         20          0          0       7679   stm32f10x_rcc.o
       284          0          0          4          0       2785   system_stm32f10x.o

    ----------------------------------------------------------------------
      4912         74       2212         12       2580      59351   Object Totals
         0          0         32          0          0          0   (incl. Generated)
        54          0          3          0         11          0   (incl. Padding)

    ----------------------------------------------------------------------

      Code (inc. data)   RO Data    RW Data    ZI Data      Debug   Library Member Name

         8          0          0          0          0         68   __main.o
       284          0          0          0          0        156   __printf_wp.o
         0          0          0          0          0          0   __rtentry.o
        12          0          0          0          0          0   __rtentry2.o
         6          0          0          0          0          0   __rtentry4.o
        52          8          0          0          0          0   __scatter.o
        26          0          0          0          0          0   __scatter_copy.o
        28          0          0          0          0          0   __scatter_zi.o
        48          6          0          0          0         96   _printf_char_common.o
         6          0          0          0          0          0   _printf_d.o
       120         16          0          0          0         92   _printf_dec.o
         6          0          0          0          0          0   _printf_f.o
      1052          0          0          0          0        148   _printf_fp_dec.o
       128         16          0          0          0         84   _printf_fp_infnan.o
       178          0          0          0          0         88   _printf_intcommon.o
         0          0          0          0          0          0   _printf_percent.o
         4          0          0          0          0          0   _printf_percent_end.o
        16          0          0          0          0         68   _snputc.o
        10          0          0          0          0         68   _sputc.o
        16          0          0          0          0         68   aeabi_memset4.o
       228          4        148          0          0         96   bigflt0.o
      1936        128          0          0          0        672   btod.o
        18          0          0          0          0         80   exit.o
         6          0          0          0          0        152   heapauxi.o
         0          0          0          0          0          0   indicate_semi.o
        44         10         28          0          0         76   lc_numeric_c.o
         2          0          0          0          0          0   libinit.o
        18          0          0          0          0          0   libinit2.o
         2          0          0          0          0          0   libshutdown.o
         2          0          0          0          0          0   libshutdown2.o
         8          4          0          0         96         68   libspace.o
       138          0          0          0          0         80   lludiv10.o
        52          4          0          0          0         84   noretval__2snprintf.o
         8          4          0          0          0         68   rt_locale_intlibspace.o
        78          0          0          0          0         80   rt_memclr_w.o
         2          0          0          0          0          0   rtexit.o
        10          0          0          0          0          0   rtexit2.o
       128          0          0          0          0         68   strcmpv7m.o
        12          4          0          0          0         68   sys_exit.o
        74          0          0          0          0         80   sys_stackheap_outer.o
         2          0          0          0          0         68   use_no_semi.o
        98          4          0          0          0         92   d2f.o
       804         16          0          0          0        280   daddsub_clz.o
       688        140          0          0          0        216   ddiv.o
        94          4          0          0          0         92   dfix.o
        46          0          0          0          0         68   dflt_clz.o
       340         12          0          0          0        104   dmul.o
       156          4          0          0          0         92   dnaninf.o
        12          0          0          0          0         68   dretinf.o
        86          4          0          0          0         84   f2d.o
       140          4          0          0          0         84   fnaninf.o
        10          0          0          0          0         68   fretinf.o
         4          0          0          0          0         68   printf1.o
         0          0          0          0          0          0   usenofp.o
        40          0          0          0          0         68   fpclassify.o

    ----------------------------------------------------------------------
      7300        392        176          0         96       4060   Library Totals
        14          0          0          0          0          0   (incl. Padding)

    ----------------------------------------------------------------------

      Code (inc. data)   RO Data    RW Data    ZI Data      Debug   Library Name

      4768        204        176          0         96       2676   c_w.l
      2478        188          0          0          0       1316   fz_ws.l
        40          0          0          0          0         68   m_ws.l

    ----------------------------------------------------------------------
      7300        392        176          0         96       4060   Library Totals

    ----------------------------------------------------------------------

==============================================================================


      Code (inc. data)   RO Data    RW Data    ZI Data      Debug   

     12212        466       2388         12       2676      61147   Grand Totals
     12212        466       2388         12       2676      61147   ELF Image Totals
     12212        466       2388         12          0          0   ROM Totals

==============================================================================

    Total RO  Size (Code + RO Data)                14600 (  14.26kB)
    Total RW  Size (RW Data + ZI Data)              2688 (   2.63kB)
    Total ROM Size (Code + RO Data + RW Data)      14612 (  14.27kB)

==============================================================================

